Component: ARM Compiler 5.06 update 7 (build 960) Tool: armlink [4d3601]

==============================================================================

Section Cross References

    uapp_ad7768.o(i.Fill_reg_List) refers to uapp_ad7768.o(i.ad7768_read_cmd) for ad7768_read_cmd
    uapp_ad7768.o(i.Fill_reg_List) refers to stm32h7xx_hal_gpio.o(i.HAL_GPIO_WritePin) for HAL_GPIO_WritePin
    uapp_ad7768.o(i.Fill_reg_List) refers to uapp_ad7768.o(.bss) for .bss
    uapp_ad7768.o(i.HAL_GPIO_EXTI_Callback) refers to stm32h7xx_hal_spi.o(i.HAL_SPI_Receive) for HAL_SPI_Receive
    uapp_ad7768.o(i.HAL_GPIO_EXTI_Callback) refers to stm32h7xx_hal_uart.o(i.HAL_UART_Transmit) for HAL_UART_Transmit
    uapp_ad7768.o(i.HAL_GPIO_EXTI_Callback) refers to main.o(i.Error_Handler) for Error_Handler
    uapp_ad7768.o(i.HAL_GPIO_EXTI_Callback) refers to uapp_ad7768.o(.bss) for .bss
    uapp_ad7768.o(i.HAL_GPIO_EXTI_Callback) refers to spi.o(.bss) for hspi4
    uapp_ad7768.o(i.HAL_GPIO_EXTI_Callback) refers to uapp_ad7768.o(.data) for .data
    uapp_ad7768.o(i.HAL_GPIO_EXTI_Callback) refers to usart.o(.bss) for huart3
    uapp_ad7768.o(i.ad7768_gain_set) refers to uapp_ad7768.o(i.add7768_write_cmd) for add7768_write_cmd
    uapp_ad7768.o(i.ad7768_rate_set) refers to uapp_ad7768.o(i.ad7768_set_power_mode) for ad7768_set_power_mode
    uapp_ad7768.o(i.ad7768_rate_set) refers to uapp_ad7768.o(i.ad7768_set_mclk_div) for ad7768_set_mclk_div
    uapp_ad7768.o(i.ad7768_rate_set) refers to uapp_ad7768.o(i.ad7768_set_dclk_div) for ad7768_set_dclk_div
    uapp_ad7768.o(i.ad7768_rate_set) refers to uapp_ad7768.o(i.ad7768_set_mode_config) for ad7768_set_mode_config
    uapp_ad7768.o(i.ad7768_rate_set) refers to uapp_ad7768.o(.bss) for .bss
    uapp_ad7768.o(i.ad7768_read_cmd) refers to stm32h7xx_hal_gpio.o(i.HAL_GPIO_WritePin) for HAL_GPIO_WritePin
    uapp_ad7768.o(i.ad7768_read_cmd) refers to stm32h7xx_hal_spi.o(i.HAL_SPI_TransmitReceive) for HAL_SPI_TransmitReceive
    uapp_ad7768.o(i.ad7768_read_cmd) refers to spi.o(.bss) for hspi1
    uapp_ad7768.o(i.ad7768_reset) refers to stm32h7xx_hal_gpio.o(i.HAL_GPIO_WritePin) for HAL_GPIO_WritePin
    uapp_ad7768.o(i.ad7768_reset) refers to stm32h7xx_hal.o(i.HAL_Delay) for HAL_Delay
    uapp_ad7768.o(i.ad7768_reset) refers to uapp_ad7768.o(i.ad7768_set_sleep_mode) for ad7768_set_sleep_mode
    uapp_ad7768.o(i.ad7768_reset) refers to uapp_ad7768.o(i.ad7768_set_mclk_div) for ad7768_set_mclk_div
    uapp_ad7768.o(i.ad7768_reset) refers to uapp_ad7768.o(i.ad7768_set_crc_sel) for ad7768_set_crc_sel
    uapp_ad7768.o(i.ad7768_reset) refers to uapp_ad7768.o(i.ad7768_set_power_mode) for ad7768_set_power_mode
    uapp_ad7768.o(i.ad7768_reset) refers to uapp_ad7768.o(i.ad7768_set_dclk_div) for ad7768_set_dclk_div
    uapp_ad7768.o(i.ad7768_reset) refers to uapp_ad7768.o(i.ad7768_set_conv_op) for ad7768_set_conv_op
    uapp_ad7768.o(i.ad7768_reset) refers to uapp_ad7768.o(i.ad7768_set_mode_config) for ad7768_set_mode_config
    uapp_ad7768.o(i.ad7768_reset) refers to uapp_ad7768.o(.bss) for .bss
    uapp_ad7768.o(i.ad7768_set_ch_mode) refers to uapp_ad7768.o(i.ad7768_spi_write_mask) for ad7768_spi_write_mask
    uapp_ad7768.o(i.ad7768_set_ch_state) refers to uapp_ad7768.o(i.ad7768_spi_write_mask) for ad7768_spi_write_mask
    uapp_ad7768.o(i.ad7768_set_conv_op) refers to uapp_ad7768.o(i.ad7768_set_mode_pins) for ad7768_set_mode_pins
    uapp_ad7768.o(i.ad7768_set_conv_op) refers to uapp_ad7768.o(i.ad7768_spi_write_mask) for ad7768_spi_write_mask
    uapp_ad7768.o(i.ad7768_set_conv_op) refers to noretval__2printf.o(.text) for __2printf
    uapp_ad7768.o(i.ad7768_set_conv_op) refers to uapp_ad7768.o(.constdata) for .constdata
    uapp_ad7768.o(i.ad7768_set_crc_sel) refers to uapp_ad7768.o(i.ad7768_spi_write_mask) for ad7768_spi_write_mask
    uapp_ad7768.o(i.ad7768_set_dclk_div) refers to uapp_ad7768.o(i.ad7768_set_mode_pins) for ad7768_set_mode_pins
    uapp_ad7768.o(i.ad7768_set_dclk_div) refers to uapp_ad7768.o(i.ad7768_spi_write_mask) for ad7768_spi_write_mask
    uapp_ad7768.o(i.ad7768_set_dclk_div) refers to noretval__2printf.o(.text) for __2printf
    uapp_ad7768.o(i.ad7768_set_dclk_div) refers to uapp_ad7768.o(.constdata) for .constdata
    uapp_ad7768.o(i.ad7768_set_mclk_div) refers to uapp_ad7768.o(i.ad7768_spi_write_mask) for ad7768_spi_write_mask
    uapp_ad7768.o(i.ad7768_set_mode_config) refers to uapp_ad7768.o(i.ad7768_spi_write) for ad7768_spi_write
    uapp_ad7768.o(i.ad7768_set_mode_pins) refers to ugpio.o(i.gpio_set_value) for gpio_set_value
    uapp_ad7768.o(i.ad7768_set_mode_pins) refers to noretval__2printf.o(.text) for __2printf
    uapp_ad7768.o(i.ad7768_set_power_mode) refers to uapp_ad7768.o(i.ad7768_set_mode_pins) for ad7768_set_mode_pins
    uapp_ad7768.o(i.ad7768_set_power_mode) refers to uapp_ad7768.o(i.ad7768_spi_write_mask) for ad7768_spi_write_mask
    uapp_ad7768.o(i.ad7768_set_power_mode) refers to noretval__2printf.o(.text) for __2printf
[...]
    i.USB_SetTurnaroundTime                  0x08005938   Section        0  stm32h7xx_ll_usb.o(i.USB_SetTurnaroundTime)
    i.USB_WritePacket                        0x08005a20   Section        0  stm32h7xx_ll_usb.o(i.USB_WritePacket)
    i.UsageFault_Handler                     0x08005a48   Section        0  stm32h7xx_it.o(i.UsageFault_Handler)
    i.__NVIC_SetPriority                     0x08005a4a   Section        0  stm32h7xx_hal_cortex.o(i.__NVIC_SetPriority)
    __NVIC_SetPriority                       0x08005a4b   Thumb Code    34  stm32h7xx_hal_cortex.o(i.__NVIC_SetPriority)
    i.main                                   0x08005a6c   Section        0  main.o(i.main)
    x$fpl$fpinit                             0x08005a98   Section       10  fpinit.o(x$fpl$fpinit)
    $v0                                      0x08005a98   Number         0  fpinit.o(x$fpl$fpinit)
    .constdata                               0x08005aa2   Section       24  stm32h7xx_hal_uart.o(.constdata)
    .constdata                               0x08005aba   Section       16  stm32h7xx_hal_uart_ex.o(.constdata)
    numerator                                0x08005aba   Data           8  stm32h7xx_hal_uart_ex.o(.constdata)
    denominator                              0x08005ac2   Data           8  stm32h7xx_hal_uart_ex.o(.constdata)
    .constdata                               0x08005aca   Section       16  system_stm32h7xx.o(.constdata)
    .data                                    0x24000000   Section        2  uapp_other.o(.data)
    .data                                    0x24000004   Section       28  usbd_desc.o(.data)
    .data                                    0x24000020   Section       50  usbd_desc.o(.data)
    .data                                    0x24000054   Section       20  usbd_cdc_if.o(.data)
    .data                                    0x24000068   Section       12  stm32h7xx_hal.o(.data)
    .data                                    0x24000074   Section        8  system_stm32h7xx.o(.data)
    .data                                    0x2400007c   Section        1  usbd_ctlreq.o(.data)
    cfgidx                                   0x2400007c   Data           1  usbd_ctlreq.o(.data)
    .data                                    0x24000080   Section      215  usbd_cdc.o(.data)
    USBD_CDC_DeviceQualifierDesc             0x24000080   Data          10  usbd_cdc.o(.data)
    USBD_CDC_CfgHSDesc                       0x2400008c   Data          67  usbd_cdc.o(.data)
    USBD_CDC_CfgFSDesc                       0x240000d0   Data          67  usbd_cdc.o(.data)
    USBD_CDC_OtherSpeedCfgDesc               0x24000114   Data          67  usbd_cdc.o(.data)
    .data                                    0x24000158   Section       56  usbd_cdc.o(.data)
    .bss                                     0x24000190   Section      272  spi.o(.bss)
    .bss                                     0x240002a0   Section       76  tim.o(.bss)
    .bss                                     0x240002ec   Section      144  usart.o(.bss)
    .bss                                     0x2400037c   Section      720  usb_device.o(.bss)
    .bss                                     0x2400064c   Section      512  usbd_desc.o(.bss)
    .bss                                     0x2400084c   Section     4096  usbd_cdc_if.o(.bss)
    .bss                                     0x2400184c   Section     1576  usbd_conf.o(.bss)
    mem                                      0x2400184c   Data         544  usbd_conf.o(.bss)
    .bss                                     0x24001e74   Section       96  libspace.o(.bss)
    HEAP                                     0x24001ed8   Section      512  startup_stm32h750xx.o(HEAP)
    Heap_Mem                                 0x24001ed8   Data         512  startup_stm32h750xx.o(HEAP)
    STACK                                    0x240020d8   Section     1024  startup_stm32h750xx.o(STACK)
    Stack_Mem                                0x240020d8   Data        1024  startup_stm32h750xx.o(STACK)
    __initial_sp                             0x240024d8   Data           0  startup_stm32h750xx.o(STACK)

    Global Symbols

    Symbol Name                              Value     Ov Type        Size  Object(Section)

    BuildAttributes$$THM_ISAv4$E$P$D$K$B$S$7EM$VFPv5_D16$PE$PLD8$A:L22UL41UL21$X:L11$S22US41US21$IEEE1$IW$USESV6$~STKCKD$USESV7$~SHL$OTIME$ROPI$EBA8$UX$STANDARDLIB$REQ8$PRES8$EABIv2 0x00000000   Number         0  anon$$obj.o ABSOLUTE
    __ARM_use_no_argv                        0x00000000   Number         0  main.o ABSOLUTE
    __ARM_exceptions_init                     - Undefined Weak Reference
    __alloca_initialize                       - Undefined Weak Reference
    __arm_fini_                               - Undefined Weak Reference
    __arm_preinit_                            - Undefined Weak Reference
    __cpp_initialize__aeabi_                  - Undefined Weak Reference
    __cxa_finalize                            - Undefined Weak Reference
    __rt_locale                               - Undefined Weak Reference
    __sigvec_lookup                           - Undefined Weak Reference
    __user_heap_extent                        - Undefined Weak Reference
    _atexit_init                              - Undefined Weak Reference
    _call_atexit_fns                          - Undefined Weak Reference
    _clock_init                               - Undefined Weak Reference
    _fp_trap_init                             - Undefined Weak Reference
    _fp_trap_shutdown                         - Undefined Weak Reference
    _get_lc_collate                           - Undefined Weak Reference
    _get_lc_ctype                             - Undefined Weak Reference
    _get_lc_monetary                          - Undefined Weak Reference
    _get_lc_numeric                           - Undefined Weak Reference
    _get_lc_time                              - Undefined Weak Reference
    _getenv_init                              - Undefined Weak Reference
    _handle_redirection                       - Undefined Weak Reference
    _mutex_acquire                            - Undefined Weak Reference
    _mutex_free                               - Undefined Weak Reference
    _mutex_release                            - Undefined Weak Reference
    _rand_init                                - Undefined Weak Reference
    _signal_finish                            - Undefined Weak Reference
    _signal_init                              - Undefined Weak Reference
    __Vectors_Size                           0x00000298   Number         0  startup_stm32h750xx.o ABSOLUTE
    __Vectors                                0x08000000   Data           4  startup_stm32h750xx.o(RESET)
    __Vectors_End                            0x08000298   Data           0  startup_stm32h750xx.o(RESET)
    __main                                   0x08000299   Thumb Code     8  __main.o(!!!main)
    __scatterload                            0x080002a1   Thumb Code     0  __scatter.o(!!!scatter)
    __scatterload_rt2                        0x080002a1   Thumb Code    44  __scatter.o(!!!scatter)
    __scatterload_rt2_thumb_only             0x080002a1   Thumb Code     0  __scatter.o(!!!scatter)
    __scatterload_null                       0x080002af   Thumb Code     0  __scatter.o(!!!scatter)
    __decompress                             0x080002d5   Thumb Code    90  __dczerorl2.o(!!dczerorl2)
    __decompress1                            0x080002d5   Thumb Code     0  __dczerorl2.o(!!dczerorl2)
    __scatterload_zeroinit                   0x08000331   Thumb Code    28  __scatter_zi.o(!!handler_zi)
    __rt_lib_init                            0x0800034d   Thumb Code     0  libinit.o(.ARM.Collect$$libinit$$00000000)
    __rt_lib_init_fp_1                       0x0800034f   Thumb Code     0  libinit2.o(.ARM.Collect$$libinit$$00000001)
    __rt_lib_init_alloca_1                   0x08000353   Thumb Code     0  libinit2.o(.ARM.Collect$$libinit$$0000002E)
    __rt_lib_init_argv_1                     0x08000353   Thumb Code     0  libinit2.o(.ARM.Collect$$libinit$$0000002C)
    __rt_lib_init_atexit_1                   0x08000353   Thumb Code     0  libinit2.o(.ARM.Collect$$libinit$$0000001B)
    __rt_lib_init_clock_1                    0x08000353   Thumb Code     0  libinit2.o(.ARM.Collect$$libinit$$00000021)
    __rt_lib_init_cpp_1                      0x08000353   Thumb Code     0  libinit2.o(.ARM.Collect$$libinit$$00000032)
    __rt_lib_init_exceptions_1               0x08000353   Thumb Code     0  libinit2.o(.ARM.Collect$$libinit$$00000030)
    __rt_lib_init_fp_trap_1                  0x08000353   Thumb Code     0  libinit2.o(.ARM.Collect$$libinit$$0000001F)
    __rt_lib_init_getenv_1                   0x08000353   Thumb Code     0  libinit2.o(.ARM.Collect$$libinit$$00000023)
    __rt_lib_init_heap_1                     0x08000353   Thumb Code     0  libinit2.o(.ARM.Collect$$libinit$$0000000A)
    __rt_lib_init_lc_collate_1               0x08000353   Thumb Code     0  libinit2.o(.ARM.Collect$$libinit$$00000011)
    __rt_lib_init_lc_ctype_1                 0x08000353   Thumb Code     0  libinit2.o(.ARM.Collect$$libinit$$00000013)
    __rt_lib_init_lc_monetary_1              0x08000353   Thumb Code     0  libinit2.o(.ARM.Collect$$libinit$$00000015)
    __rt_lib_init_lc_numeric_1               0x08000353   Thumb Code     0  libinit2.o(.ARM.Collect$$libinit$$00000017)
    __rt_lib_init_lc_time_1                  0x08000353   Thumb Code     0  libinit2.o(.ARM.Collect$$libinit$$00000019)
    __rt_lib_init_preinit_1                  0x08000353   Thumb Code     0  libinit2.o(.ARM.Collect$$libinit$$00000004)
    __rt_lib_init_rand_1                     0x08000353   Thumb Code     0  libinit2.o(.ARM.Collect$$libinit$$0000000E)
    __rt_lib_init_return                     0x08000353   Thumb Code     0  libinit2.o(.ARM.Collect$$libinit$$00000033)
    __rt_lib_init_signal_1                   0x08000353   Thumb Code     0  libinit2.o(.ARM.Collect$$libinit$$0000001D)
    __rt_lib_init_stdio_1                    0x08000353   Thumb Code     0  libinit2.o(.ARM.Collect$$libinit$$00000025)
    __rt_lib_init_user_alloc_1               0x08000353   Thumb Code     0  libinit2.o(.ARM.Collect$$libinit$$0000000C)
    __rt_lib_shutdown                        0x08000355   Thumb Code     0  libshutdown.o(.ARM.Collect$$libshutdown$$00000000)
    __rt_lib_shutdown_cpp_1                  0x08000357   Thumb Code     0  libshutdown2.o(.ARM.Collect$$libshutdown$$00000004)
    __rt_lib_shutdown_fini_1                 0x08000357   Thumb Code     0  libshutdown2.o(.ARM.Collect$$libshutdown$$00000002)
    __rt_lib_shutdown_fp_trap_1              0x08000357   Thumb Code     0  libshutdown2.o(.ARM.Collect$$libshutdown$$00000009)
    __rt_lib_shutdown_heap_1                 0x08000357   Thumb Code     0  libshutdown2.o(.ARM.Collect$$libshutdown$$00000011)
    __rt_lib_shutdown_return                 0x08000357   Thumb Code     0  libshutdown2.o(.ARM.Collect$$libshutdown$$00000012)
    __rt_lib_shutdown_signal_1               0x08000357   Thumb Code     0  libshutdown2.o(.ARM.Collect$$libshutdown$$0000000C)
    __rt_lib_shutdown_stdio_1                0x08000357   Thumb Code     0  libshutdown2.o(.ARM.Collect$$libshutdown$$00000006)
    __rt_lib_shutdown_user_alloc_1           0x08000357   Thumb Code     0  libshutdown2.o(.ARM.Collect$$libshutdown$$0000000E)
    __rt_entry                               0x08000359   Thumb Code     0  __rtentry.o(.ARM.Collect$$rtentry$$00000000)
    __rt_entry_presh_1                       0x08000359   Thumb Code     0  __rtentry2.o(.ARM.Collect$$rtentry$$00000002)
    __rt_entry_sh                            0x08000359   Thumb Code     0  __rtentry4.o(.ARM.Collect$$rtentry$$00000004)
    __rt_entry_li                            0x0800035f   Thumb Code     0  __rtentry2.o(.ARM.Collect$$rtentry$$0000000A)
    __rt_entry_postsh_1                      0x0800035f   Thumb Code     0  __rtentry2.o(.ARM.Collect$$rtentry$$00000009)
    __rt_entry_main                          0x08000363   Thumb Code     0  __rtentry2.o(.ARM.Collect$$rtentry$$0000000D)
    __rt_entry_postli_1                      0x08000363   Thumb Code     0  __rtentry2.o(.ARM.Collect$$rtentry$$0000000C)
    __rt_exit                                0x0800036b   Thumb Code     0  rtexit.o(.ARM.Collect$$rtexit$$00000000)
    __rt_exit_ls                             0x0800036d   Thumb Code     0  rtexit2.o(.ARM.Collect$$rtexit$$00000003)
    __rt_exit_prels_1                        0x0800036d   Thumb Code     0  rtexit2.o(.ARM.Collect$$rtexit$$00000002)
    __rt_exit_exit                           0x08000371   Thumb Code     0  rtexit2.o(.ARM.Collect$$rtexit$$00000004)
    Reset_Handler                            0x08000379   Thumb Code     8  startup_stm32h750xx.o(.text)
    ADC3_IRQHandler                          0x08000393   Thumb Code     0  startup_stm32h750xx.o(.text)
    ADC_IRQHandler                           0x08000393   Thumb Code     0  startup_stm32h750xx.o(.text)
    BDMA_Channel0_IRQHandler                 0x08000393   Thumb Code     0  startup_stm32h750xx.o(.text)
    BDMA_Channel1_IRQHandler                 0x08000393   Thumb Code     0  startup_stm32h750xx.o(.text)
    BDMA_Channel2_IRQHandler                 0x08000393   Thumb Code     0  startup_stm32h750xx.o(.text)
    BDMA_Channel3_IRQHandler                 0x08000393   Thumb Code     0  startup_stm32h750xx.o(.text)
    BDMA_Channel4_IRQHandler                 0x08000393   Thumb Code     0  startup_stm32h750xx.o(.text)
    BDMA_Channel5_IRQHandler                 0x08000393   Thumb Code     0  startup_stm32h750xx.o(.text)
    BDMA_Channel6_IRQHandler                 0x08000393   Thumb Code     0  startup_stm32h750xx.o(.text)
    BDMA_Channel7_IRQHandler                 0x08000393   Thumb Code     0  startup_stm32h750xx.o(.text)
    CEC_IRQHandler                           0x08000393   Thumb Code     0  startup_stm32h750xx.o(.text)
    COMP1_IRQHandler                         0x08000393   Thumb Code     0  startup_stm32h750xx.o(.text)
    CRS_IRQHandler                           0x08000393   Thumb Code     0  startup_stm32h750xx.o(.text)
    CRYP_IRQHandler                          0x08000393   Thumb Code     0  startup_stm32h750xx.o(.text)
    DCMI_IRQHandler                          0x08000393   Thumb Code     0  startup_stm32h750xx.o(.text)
    DFSDM1_FLT0_IRQHandler                   0x08000393   Thumb Code     0  startup_stm32h750xx.o(.text)
    DFSDM1_FLT1_IRQHandler                   0x08000393   Thumb Code     0  startup_stm32h750xx.o(.text)
    DFSDM1_FLT2_IRQHandler                   0x08000393   Thumb Code     0  startup_stm32h750xx.o(.text)
    DFSDM1_FLT3_IRQHandler                   0x08000393   Thumb Code     0  startup_stm32h750xx.o(.text)
    DMA1_Stream0_IRQHandler                  0x08000393   Thumb Code     0  startup_stm32h750xx.o(.text)
    DMA1_Stream1_IRQHandler                  0x08000393   Thumb Code     0  startup_stm32h750xx.o(.text)
    DMA1_Stream2_IRQHandler                  0x08000393   Thumb Code     0  startup_stm32h750xx.o(.text)
    DMA1_Stream3_IRQHandler                  0x08000393   Thumb Code     0  startup_stm32h750xx.o(.text)
    DMA1_Stream4_IRQHandler                  0x08000393   Thumb Code     0  startup_stm32h750xx.o(.text)
    DMA1_Stream5_IRQHandler                  0x08000393   Thumb Code     0  startup_stm32h750xx.o(.text)
    DMA1_Stream6_IRQHandler                  0x08000393   Thumb Code     0  startup_stm32h750xx.o(.text)
    DMA1_Stream7_IRQHandler                  0x08000393   Thumb Code     0  startup_stm32h750xx.o(.text)
    DMA2D_IRQHandler                         0x08000393   Thumb Code     0  startup_stm32h750xx.o(.text)
    DMA2_Stream0_IRQHandler                  0x08000393   Thumb Code     0  startup_stm32h750xx.o(.text)
    DMA2_Stream1_IRQHandler                  0x08000393   Thumb Code     0  startup_stm32h750xx.o(.text)
    DMA2_Stream2_IRQHandler                  0x08000393   Thumb Code     0  startup_stm32h750xx.o(.text)
    DMA2_Stream3_IRQHandler                  0x08000393   Thumb Code     0  startup_stm32h750xx.o(.text)
    DMA2_Stream4_IRQHandler                  0x08000393   Thumb Code     0  startup_stm32h750xx.o(.text)
    DMA2_Stream5_IRQHandler                  0x08000393   Thumb Code     0  startup_stm32h750xx.o(.text)
    DMA2_Stream6_IRQHandler                  0x08000393   Thumb Code     0  startup_stm32h750xx.o(.text)
    DMA2_Stream7_IRQHandler                  0x08000393   Thumb Code     0  startup_stm32h750xx.o(.text)
    DMAMUX1_OVR_IRQHandler                   0x08000393   Thumb Code     0  startup_stm32h750xx.o(.text)
    DMAMUX2_OVR_IRQHandler                   0x08000393   Thumb Code     0  startup_stm32h750xx.o(.text)
    ECC_IRQHandler                           0x08000393   Thumb Code     0  startup_stm32h750xx.o(.text)
    ETH_IRQHandler                           0x08000393   Thumb Code     0  startup_stm32h750xx.o(.text)
    ETH_WKUP_IRQHandler                      0x08000393   Thumb Code     0  startup_stm32h750xx.o(.text)
    EXTI0_IRQHandler                         0x08000393   Thumb Code     0  startup_stm32h750xx.o(.text)
    EXTI15_10_IRQHandler                     0x08000393   Thumb Code     0  startup_stm32h750xx.o(.text)
    EXTI1_IRQHandler                         0x08000393   Thumb Code     0  startup_stm32h750xx.o(.text)
    EXTI2_IRQHandler                         0x08000393   Thumb Code     0  startup_stm32h750xx.o(.text)
    EXTI3_IRQHandler                         0x08000393   Thumb Code     0  startup_stm32h750xx.o(.text)
    EXTI4_IRQHandler                         0x08000393   Thumb Code     0  startup_stm32h750xx.o(.text)
    EXTI9_5_IRQHandler                       0x08000393   Thumb Code     0  startup_stm32h750xx.o(.text)
    FDCAN1_IT0_IRQHandler                    0x08000393   Thumb Code     0  startup_stm32h750xx.o(.text)
    FDCAN1_IT1_IRQHandler                    0x08000393   Thumb Code     0  startup_stm32h750xx.o(.text)
    FDCAN2_IT0_IRQHandler                    0x08000393   Thumb Code     0  startup_stm32h750xx.o(.text)
    FDCAN2_IT1_IRQHandler                    0x08000393   Thumb Code     0  startup_stm32h750xx.o(.text)
    FDCAN_CAL_IRQHandler                     0x08000393   Thumb Code     0  startup_stm32h750xx.o(.text)
    FLASH_IRQHandler                         0x08000393   Thumb Code     0  startup_stm32h750xx.o(.text)
    FMC_IRQHandler                           0x08000393   Thumb Code     0  startup_stm32h750xx.o(.text)
    FPU_IRQHandler                           0x08000393   Thumb Code     0  startup_stm32h750xx.o(.text)
    HASH_RNG_IRQHandler                      0x08000393   Thumb Code     0  startup_stm32h750xx.o(.text)
    HRTIM1_FLT_IRQHandler                    0x08000393   Thumb Code     0  startup_stm32h750xx.o(.text)
    HRTIM1_Master_IRQHandler                 0x08000393   Thumb Code     0  startup_stm32h750xx.o(.text)
    HRTIM1_TIMA_IRQHandler                   0x08000393   Thumb Code     0  startup_stm32h750xx.o(.text)
    HRTIM1_TIMB_IRQHandler                   0x08000393   Thumb Code     0  startup_stm32h750xx.o(.text)
    HRTIM1_TIMC_IRQHandler                   0x08000393   Thumb Code     0  startup_stm32h750xx.o(.text)
    HRTIM1_TIMD_IRQHandler                   0x08000393   Thumb Code     0  startup_stm32h750xx.o(.text)
    HRTIM1_TIME_IRQHandler                   0x08000393   Thumb Code     0  startup_stm32h750xx.o(.text)
    HSEM1_IRQHandler                         0x08000393   Thumb Code     0  startup_stm32h750xx.o(.text)
    I2C1_ER_IRQHandler                       0x08000393   Thumb Code     0  startup_stm32h750xx.o(.text)
    I2C1_EV_IRQHandler                       0x08000393   Thumb Code     0  startup_stm32h750xx.o(.text)
    I2C2_ER_IRQHandler                       0x08000393   Thumb Code     0  startup_stm32h750xx.o(.text)
    I2C2_EV_IRQHandler                       0x08000393   Thumb Code     0  startup_stm32h750xx.o(.text)
    I2C3_ER_IRQHandler                       0x08000393   Thumb Code     0  startup_stm32h750xx.o(.text)
    I2C3_EV_IRQHandler                       0x08000393   Thumb Code     0  startup_stm32h750xx.o(.text)
    I2C4_ER_IRQHandler                       0x08000393   Thumb Code     0  startup_stm32h750xx.o(.text)
    I2C4_EV_IRQHandler                       0x08000393   Thumb Code     0  startup_stm32h750xx.o(.text)
    JPEG_IRQHandler                          0x08000393   Thumb Code     0  startup_stm32h750xx.o(.text)
    LPTIM1_IRQHandler                        0x08000393   Thumb Code     0  startup_stm32h750xx.o(.text)
    LPTIM2_IRQHandler                        0x08000393   Thumb Code     0  startup_stm32h750xx.o(.text)
    LPTIM3_IRQHandler                        0x08000393   Thumb Code     0  startup_stm32h750xx.o(.text)
    LPTIM4_IRQHandler                        0x08000393   Thumb Code     0  startup_stm32h750xx.o(.text)
    LPTIM5_IRQHandler                        0x08000393   Thumb Code     0  startup_stm32h750xx.o(.text)
    LPUART1_IRQHandler                       0x08000393   Thumb Code     0  startup_stm32h750xx.o(.text)
    LTDC_ER_IRQHandler                       0x08000393   Thumb Code     0  startup_stm32h750xx.o(.text)
    LTDC_IRQHandler                          0x08000393   Thumb Code     0  startup_stm32h750xx.o(.text)
    MDIOS_IRQHandler                         0x08000393   Thumb Code     0  startup_stm32h750xx.o(.text)
    MDIOS_WKUP_IRQHandler                    0x08000393   Thumb Code     0  startup_stm32h750xx.o(.text)
    MDMA_IRQHandler                          0x08000393   Thumb Code     0  startup_stm32h750xx.o(.text)
    OTG_FS_EP1_IN_IRQHandler                 0x08000393   Thumb Code     0  startup_stm32h750xx.o(.text)
    OTG_FS_EP1_OUT_IRQHandler                0x08000393   Thumb Code     0  startup_stm32h750xx.o(.text)
    OTG_FS_IRQHandler                        0x08000393   Thumb Code     0  startup_stm32h750xx.o(.text)
    OTG_FS_WKUP_IRQHandler                   0x08000393   Thumb Code     0  startup_stm32h750xx.o(.text)
    OTG_HS_EP1_IN_IRQHandler                 0x08000393   Thumb Code     0  startup_stm32h750xx.o(.text)
    OTG_HS_EP1_OUT_IRQHandler                0x08000393   Thumb Code     0  startup_stm32h750xx.o(.text)
    OTG_HS_WKUP_IRQHandler                   0x08000393   Thumb Code     0  startup_stm32h750xx.o(.text)
    PVD_AVD_IRQHandler                       0x08000393   Thumb Code     0  startup_stm32h750xx.o(.text)
    QUADSPI_IRQHandler                       0x08000393   Thumb Code     0  startup_stm32h750xx.o(.text)
    RCC_IRQHandler                           0x08000393   Thumb Code     0  startup_stm32h750xx.o(.text)
    RTC_Alarm_IRQHandler                     0x08000393   Thumb Code     0  startup_stm32h750xx.o(.text)
    RTC_WKUP_IRQHandler                      0x08000393   Thumb Code     0  startup_stm32h750xx.o(.text)
    SAI1_IRQHandler                          0x08000393   Thumb Code     0  startup_stm32h750xx.o(.text)
    SAI2_IRQHandler                          0x08000393   Thumb Code     0  startup_stm32h750xx.o(.text)
    SAI3_IRQHandler                          0x08000393   Thumb Code     0  startup_stm32h750xx.o(.text)
    SAI4_IRQHandler                          0x08000393   Thumb Code     0  startup_stm32h750xx.o(.text)
    SDMMC1_IRQHandler                        0x08000393   Thumb Code     0  startup_stm32h750xx.o(.text)
    SDMMC2_IRQHandler                        0x08000393   Thumb Code     0  startup_stm32h750xx.o(.text)
    SPDIF_RX_IRQHandler                      0x08000393   Thumb Code     0  startup_stm32h750xx.o(.text)
    SPI1_IRQHandler                          0x08000393   Thumb Code     0  startup_stm32h750xx.o(.text)
    SPI2_IRQHandler                          0x08000393   Thumb Code     0  startup_stm32h750xx.o(.text)
    SPI3_IRQHandler                          0x08000393   Thumb Code     0  startup_stm32h750xx.o(.text)
    SPI4_IRQHandler                          0x08000393   Thumb Code     0  startup_stm32h750xx.o(.text)
    SPI5_IRQHandler                          0x08000393   Thumb Code     0  startup_stm32h750xx.o(.text)
    SPI6_IRQHandler                          0x08000393   Thumb Code     0  startup_stm32h750xx.o(.text)
    SWPMI1_IRQHandler                        0x08000393   Thumb Code     0  startup_stm32h750xx.o(.text)
    TAMP_STAMP_IRQHandler                    0x08000393   Thumb Code     0  startup_stm32h750xx.o(.text)
    TIM16_IRQHandler                         0x08000393   Thumb Code     0  startup_stm32h750xx.o(.text)
    TIM17_IRQHandler                         0x08000393   Thumb Code     0  startup_stm32h750xx.o(.text)
    TIM1_BRK_IRQHandler                      0x08000393   Thumb Code     0  startup_stm32h750xx.o(.text)
    TIM1_CC_IRQHandler                       0x08000393   Thumb Code     0  startup_stm32h750xx.o(.text)
    TIM1_TRG_COM_IRQHandler                  0x08000393   Thumb Code     0  startup_stm32h750xx.o(.text)
    TIM1_UP_IRQHandler                       0x08000393   Thumb Code     0  startup_stm32h750xx.o(.text)
    TIM2_IRQHandler                          0x08000393   Thumb Code     0  startup_stm32h750xx.o(.text)
    TIM3_IRQHandler                          0x08000393   Thumb Code     0  startup_stm32h750xx.o(.text)
    TIM4_IRQHandler                          0x08000393   Thumb Code     0  startup_stm32h750xx.o(.text)
    TIM5_IRQHandler                          0x08000393   Thumb Code     0  startup_stm32h750xx.o(.text)
    TIM6_DAC_IRQHandler                      0x08000393   Thumb Code     0  startup_stm32h750xx.o(.text)
    TIM7_IRQHandler                          0x08000393   Thumb Code     0  startup_stm32h750xx.o(.text)
    TIM8_BRK_TIM12_IRQHandler                0x08000393   Thumb Code     0  startup_stm32h750xx.o(.text)
    TIM8_CC_IRQHandler                       0x08000393   Thumb Code     0  startup_stm32h750xx.o(.text)
    TIM8_TRG_COM_TIM14_IRQHandler            0x08000393   Thumb Code     0  startup_stm32h750xx.o(.text)
    TIM8_UP_TIM13_IRQHandler                 0x08000393   Thumb Code     0  startup_stm32h750xx.o(.text)
    UART4_IRQHandler                         0x08000393   Thumb Code     0  startup_stm32h750xx.o(.text)
    UART5_IRQHandler                         0x08000393   Thumb Code     0  startup_stm32h750xx.o(.text)
    UART7_IRQHandler                         0x08000393   Thumb Code     0  startup_stm32h750xx.o(.text)
    UART8_IRQHandler                         0x08000393   Thumb Code     0  startup_stm32h750xx.o(.text)
    USART1_IRQHandler                        0x08000393   Thumb Code     0  startup_stm32h750xx.o(.text)
    USART2_IRQHandler                        0x08000393   Thumb Code     0  startup_stm32h750xx.o(.text)
    USART3_IRQHandler                        0x08000393   Thumb Code     0  startup_stm32h750xx.o(.text)
    USART6_IRQHandler                        0x08000393   Thumb Code     0  startup_stm32h750xx.o(.text)
    WAKEUP_PIN_IRQHandler                    0x08000393   Thumb Code     0  startup_stm32h750xx.o(.text)
    WWDG_IRQHandler                          0x08000393   Thumb Code     0  startup_stm32h750xx.o(.text)
    __user_initial_stackheap                 0x08000395   Thumb Code     0  startup_stm32h750xx.o(.text)
    __aeabi_uldivmod                         0x080003b9   Thumb Code     0  lludivv7m.o(.text)
    _ll_udiv                                 0x080003b9   Thumb Code   238  lludivv7m.o(.text)
    __aeabi_memcpy4                          0x080004a7   Thumb Code     0  rt_memcpy_w.o(.text)
    __aeabi_memcpy8                          0x080004a7   Thumb Code     0  rt_memcpy_w.o(.text)
    __rt_memcpy_w                            0x080004a7   Thumb Code   100  rt_memcpy_w.o(.text)
    _memcpy_lastbytes_aligned                0x080004ef   Thumb Code     0  rt_memcpy_w.o(.text)
    __aeabi_memclr4                          0x0800050b   Thumb Code     0  rt_memclr_w.o(.text)
    __aeabi_memclr8                          0x0800050b   Thumb Code     0  rt_memclr_w.o(.text)
    __rt_memclr_w                            0x0800050b   Thumb Code    78  rt_memclr_w.o(.text)
    _memset_w                                0x0800050f   Thumb Code     0  rt_memclr_w.o(.text)
    __use_two_region_memory                  0x08000559   Thumb Code     2  heapauxi.o(.text)
    __rt_heap_escrow                         0x0800055b   Thumb Code     2  heapauxi.o(.text)
    __rt_heap_expand                         0x0800055d   Thumb Code     2  heapauxi.o(.text)
    __user_setup_stackheap                   0x0800055f   Thumb Code    74  sys_stackheap_outer.o(.text)
    exit                                     0x080005a9   Thumb Code    18  exit.o(.text)
    __user_libspace                          0x080005bd   Thumb Code     8  libspace.o(.text)
    __user_perproc_libspace                  0x080005bd   Thumb Code     0  libspace.o(.text)
    __user_perthread_libspace                0x080005bd   Thumb Code     0  libspace.o(.text)
    __I$use$semihosting                      0x080005c5   Thumb Code     0  use_no_semi.o(.text)
    __use_no_semihosting_swi                 0x080005c5   Thumb Code     2  use_no_semi.o(.text)
    __semihosting_library_function           0x080005c7   Thumb Code     0  indicate_semi.o(.text)
    _sys_exit                                0x080005c9   Thumb Code     8  sys_exit.o(.text)
    BusFault_Handler                         0x080005d5   Thumb Code     2  stm32h7xx_it.o(i.BusFault_Handler)
    DebugMon_Handler                         0x08000621   Thumb Code     2  stm32h7xx_it.o(i.DebugMon_Handler)
    Error_Handler                            0x08000623   Thumb Code     4  main.o(i.Error_Handler)
    HAL_Delay                                0x08000629   Thumb Code    32  stm32h7xx_hal.o(i.HAL_Delay)
    HAL_GPIO_Init                            0x0800064d   Thumb Code   506  stm32h7xx_hal_gpio.o(i.HAL_GPIO_Init)
    HAL_GPIO_WritePin                        0x08000879   Thumb Code    10  stm32h7xx_hal_gpio.o(i.HAL_GPIO_WritePin)
    HAL_GetREVID                             0x08000885   Thumb Code     8  stm32h7xx_hal.o(i.HAL_GetREVID)
    HAL_GetTick                              0x08000891   Thumb Code     6  stm32h7xx_hal.o(i.HAL_GetTick)
    HAL_IncTick                              0x0800089d   Thumb Code    12  stm32h7xx_hal.o(i.HAL_IncTick)
    HAL_Init                                 0x080008ad   Thumb Code    74  stm32h7xx_hal.o(i.HAL_Init)
    HAL_InitTick                             0x08000909   Thumb Code    56  stm32h7xx_hal.o(i.HAL_InitTick)
    HAL_MspInit                              0x08000949   Thumb Code    22  stm32h7xx_hal_msp.o(i.HAL_MspInit)
    HAL_NVIC_EnableIRQ                       0x08000965   Thumb Code    26  stm32h7xx_hal_cortex.o(i.HAL_NVIC_EnableIRQ)
    HAL_NVIC_SetPriority                     0x08000981   Thumb Code    60  stm32h7xx_hal_cortex.o(i.HAL_NVIC_SetPriority)
    HAL_NVIC_SetPriorityGrouping             0x080009c1   Thumb Code    28  stm32h7xx_hal_cortex.o(i.HAL_NVIC_SetPriorityGrouping)
    HAL_PCDEx_ActivateLPM                    0x080009e5   Thumb Code    34  stm32h7xx_hal_pcd_ex.o(i.HAL_PCDEx_ActivateLPM)
    HAL_PCDEx_LPM_Callback                   0x08000a0d   Thumb Code     2  stm32h7xx_hal_pcd_ex.o(i.HAL_PCDEx_LPM_Callback)
    HAL_PCDEx_SetRxFiFo                      0x08000a0f   Thumb Code     8  stm32h7xx_hal_pcd_ex.o(i.HAL_PCDEx_SetRxFiFo)
    HAL_PCDEx_SetTxFiFo                      0x08000a17   Thumb Code    70  stm32h7xx_hal_pcd_ex.o(i.HAL_PCDEx_SetTxFiFo)
    HAL_PCD_ConnectCallback                  0x08000a5d   Thumb Code     8  usbd_conf.o(i.HAL_PCD_ConnectCallback)
    HAL_PCD_DataInStageCallback              0x08000a65   Thumb Code    18  usbd_conf.o(i.HAL_PCD_DataInStageCallback)
    HAL_PCD_DataOutStageCallback             0x08000a77   Thumb Code    20  usbd_conf.o(i.HAL_PCD_DataOutStageCallback)
    HAL_PCD_DisconnectCallback               0x08000a8b   Thumb Code     8  usbd_conf.o(i.HAL_PCD_DisconnectCallback)
    HAL_PCD_EP_Close                         0x08000a93   Thumb Code    76  stm32h7xx_hal_pcd.o(i.HAL_PCD_EP_Close)
    HAL_PCD_EP_ClrStall                      0x08000adf   Thumb Code    92  stm32h7xx_hal_pcd.o(i.HAL_PCD_EP_ClrStall)
    HAL_PCD_EP_GetRxCount                    0x08000b3b   Thumb Code    18  stm32h7xx_hal_pcd.o(i.HAL_PCD_EP_GetRxCount)
    HAL_PCD_EP_Open                          0x08000b4d   Thumb Code    96  stm32h7xx_hal_pcd.o(i.HAL_PCD_EP_Open)
    HAL_PCD_EP_Receive                       0x08000bad   Thumb Code    68  stm32h7xx_hal_pcd.o(i.HAL_PCD_EP_Receive)
    HAL_PCD_EP_SetStall                      0x08000bf1   Thumb Code   116  stm32h7xx_hal_pcd.o(i.HAL_PCD_EP_SetStall)
    HAL_PCD_EP_Transmit                      0x08000c65   Thumb Code    68  stm32h7xx_hal_pcd.o(i.HAL_PCD_EP_Transmit)
    HAL_PCD_IRQHandler                       0x08000ca9   Thumb Code  1130  stm32h7xx_hal_pcd.o(i.HAL_PCD_IRQHandler)
    HAL_PCD_ISOINIncompleteCallback          0x08001119   Thumb Code     8  usbd_conf.o(i.HAL_PCD_ISOINIncompleteCallback)
    HAL_PCD_ISOOUTIncompleteCallback         0x08001121   Thumb Code     8  usbd_conf.o(i.HAL_PCD_ISOOUTIncompleteCallback)
    HAL_PCD_Init                             0x08001129   Thumb Code   242  stm32h7xx_hal_pcd.o(i.HAL_PCD_Init)
    HAL_PCD_MspInit                          0x0800121d   Thumb Code   168  usbd_conf.o(i.HAL_PCD_MspInit)
    HAL_PCD_ResetCallback                    0x080012d1   Thumb Code    44  usbd_conf.o(i.HAL_PCD_ResetCallback)
    HAL_PCD_ResumeCallback                   0x080012fd   Thumb Code     8  usbd_conf.o(i.HAL_PCD_ResumeCallback)
    HAL_PCD_SOFCallback                      0x08001305   Thumb Code     8  usbd_conf.o(i.HAL_PCD_SOFCallback)
    HAL_PCD_SetAddress                       0x0800130d   Thumb Code    40  stm32h7xx_hal_pcd.o(i.HAL_PCD_SetAddress)
    HAL_PCD_SetupStageCallback               0x08001335   Thumb Code    14  usbd_conf.o(i.HAL_PCD_SetupStageCallback)
    HAL_PCD_Start                            0x08001343   Thumb Code    66  stm32h7xx_hal_pcd.o(i.HAL_PCD_Start)
    HAL_PCD_SuspendCallback                  0x08001385   Thumb Code    44  usbd_conf.o(i.HAL_PCD_SuspendCallback)
    HAL_PWREx_ConfigSupply                   0x080013b5   Thumb Code    78  stm32h7xx_hal_pwr_ex.o(i.HAL_PWREx_ConfigSupply)
    HAL_PWREx_EnableUSBVoltageDetector       0x08001409   Thumb Code    12  stm32h7xx_hal_pwr_ex.o(i.HAL_PWREx_EnableUSBVoltageDetector)
    HAL_RCCEx_GetD3PCLK1Freq                 0x08001419   Thumb Code    26  stm32h7xx_hal_rcc_ex.o(i.HAL_RCCEx_GetD3PCLK1Freq)
    HAL_RCCEx_GetPLL2ClockFreq               0x0800143d   Thumb Code   296  stm32h7xx_hal_rcc_ex.o(i.HAL_RCCEx_GetPLL2ClockFreq)
    HAL_RCCEx_GetPLL3ClockFreq               0x08001581   Thumb Code   296  stm32h7xx_hal_rcc_ex.o(i.HAL_RCCEx_GetPLL3ClockFreq)
    HAL_RCCEx_PeriphCLKConfig                0x080016c5   Thumb Code  2258  stm32h7xx_hal_rcc_ex.o(i.HAL_RCCEx_PeriphCLKConfig)
    HAL_RCC_ClockConfig                      0x08001f99   Thumb Code   580  stm32h7xx_hal_rcc.o(i.HAL_RCC_ClockConfig)
    HAL_RCC_GetHCLKFreq                      0x080021f5   Thumb Code    52  stm32h7xx_hal_rcc.o(i.HAL_RCC_GetHCLKFreq)
    HAL_RCC_GetPCLK1Freq                     0x08002239   Thumb Code    26  stm32h7xx_hal_rcc.o(i.HAL_RCC_GetPCLK1Freq)
    HAL_RCC_GetPCLK2Freq                     0x0800225d   Thumb Code    26  stm32h7xx_hal_rcc.o(i.HAL_RCC_GetPCLK2Freq)
    HAL_RCC_GetSysClockFreq                  0x08002281   Thumb Code   278  stm32h7xx_hal_rcc.o(i.HAL_RCC_GetSysClockFreq)
    HAL_RCC_OscConfig                        0x080023b9   Thumb Code  1322  stm32h7xx_hal_rcc.o(i.HAL_RCC_OscConfig)
    HAL_SPI_Init                             0x080028e9   Thumb Code   330  stm32h7xx_hal_spi.o(i.HAL_SPI_Init)
    HAL_SPI_MspInit                          0x08002a41   Thumb Code   268  spi.o(i.HAL_SPI_MspInit)
    HAL_SYSTICK_Config                       0x08002b65   Thumb Code    38  stm32h7xx_hal_cortex.o(i.HAL_SYSTICK_Config)
    HAL_TIMEx_Break2Callback                 0x08002b8b   Thumb Code     2  stm32h7xx_hal_tim_ex.o(i.HAL_TIMEx_Break2Callback)
    HAL_TIMEx_BreakCallback                  0x08002b8d   Thumb Code     2  stm32h7xx_hal_tim_ex.o(i.HAL_TIMEx_BreakCallback)
    HAL_TIMEx_CommutCallback                 0x08002b8f   Thumb Code     2  stm32h7xx_hal_tim_ex.o(i.HAL_TIMEx_CommutCallback)
    HAL_TIMEx_MasterConfigSynchronization    0x08002b91   Thumb Code   134  stm32h7xx_hal_tim_ex.o(i.HAL_TIMEx_MasterConfigSynchronization)
    HAL_TIM_Base_Init                        0x08002c35   Thumb Code    98  stm32h7xx_hal_tim.o(i.HAL_TIM_Base_Init)
    HAL_TIM_Base_MspInit                     0x08002c99   Thumb Code    50  tim.o(i.HAL_TIM_Base_MspInit)
    HAL_TIM_Base_Start_IT                    0x08002cd5   Thumb Code   106  stm32h7xx_hal_tim.o(i.HAL_TIM_Base_Start_IT)
    HAL_TIM_ConfigClockSource                0x08002d61   Thumb Code   248  stm32h7xx_hal_tim.o(i.HAL_TIM_ConfigClockSource)
    HAL_TIM_IC_CaptureCallback               0x08002e5d   Thumb Code     2  stm32h7xx_hal_tim.o(i.HAL_TIM_IC_CaptureCallback)
    HAL_TIM_IRQHandler                       0x08002e5f   Thumb Code   386  stm32h7xx_hal_tim.o(i.HAL_TIM_IRQHandler)
    HAL_TIM_OC_DelayElapsedCallback          0x08002fe1   Thumb Code     2  stm32h7xx_hal_tim.o(i.HAL_TIM_OC_DelayElapsedCallback)
    HAL_TIM_PWM_PulseFinishedCallback        0x08002fe3   Thumb Code     2  stm32h7xx_hal_tim.o(i.HAL_TIM_PWM_PulseFinishedCallback)
    HAL_TIM_PeriodElapsedCallback            0x08002fe5   Thumb Code    14  main.o(i.HAL_TIM_PeriodElapsedCallback)
    HAL_TIM_TriggerCallback                  0x08002ff9   Thumb Code     2  stm32h7xx_hal_tim.o(i.HAL_TIM_TriggerCallback)
    HAL_UARTEx_DisableFifoMode               0x08002ffb   Thumb Code    64  stm32h7xx_hal_uart_ex.o(i.HAL_UARTEx_DisableFifoMode)
    HAL_UARTEx_SetRxFifoThreshold            0x0800303b   Thumb Code    76  stm32h7xx_hal_uart_ex.o(i.HAL_UARTEx_SetRxFifoThreshold)
    HAL_UARTEx_SetTxFifoThreshold            0x08003087   Thumb Code    76  stm32h7xx_hal_uart_ex.o(i.HAL_UARTEx_SetTxFifoThreshold)
    HAL_UART_Init                            0x080030d3   Thumb Code   106  stm32h7xx_hal_uart.o(i.HAL_UART_Init)
    HAL_UART_MspInit                         0x0800313d   Thumb Code   116  usart.o(i.HAL_UART_MspInit)
    HardFault_Handler                        0x080031bd   Thumb Code     2  stm32h7xx_it.o(i.HardFault_Handler)
    LED_Blinky                               0x080031f9   Thumb Code    44  uapp_other.o(i.LED_Blinky)
    MX_GPIO_Init                             0x0800322d   Thumb Code   344  gpio.o(i.MX_GPIO_Init)
    MX_SPI1_Init                             0x080033a1   Thumb Code    94  spi.o(i.MX_SPI1_Init)
    MX_SPI4_Init                             0x08003409   Thumb Code    76  spi.o(i.MX_SPI4_Init)
    MX_TIM15_Init                            0x0800345d   Thumb Code    98  tim.o(i.MX_TIM15_Init)
    MX_USART3_UART_Init                      0x080034c9   Thumb Code    94  usart.o(i.MX_USART3_UART_Init)
    MX_USB_DEVICE_Init                       0x08003531   Thumb Code    66  usb_device.o(i.MX_USB_DEVICE_Init)
    MemManage_Handler                        0x08003585   Thumb Code     2  stm32h7xx_it.o(i.MemManage_Handler)
    NMI_Handler                              0x08003587   Thumb Code     2  stm32h7xx_it.o(i.NMI_Handler)
    OTG_HS_IRQHandler                        0x08003589   Thumb Code     6  stm32h7xx_it.o(i.OTG_HS_IRQHandler)
    PendSV_Handler                           0x08003703   Thumb Code     2  stm32h7xx_it.o(i.PendSV_Handler)
    SVC_Handler                              0x08003945   Thumb Code     2  stm32h7xx_it.o(i.SVC_Handler)
    SysTick_Handler                          0x08003951   Thumb Code     4  stm32h7xx_it.o(i.SysTick_Handler)
    SystemClock_Config                       0x08003955   Thumb Code   172  main.o(i.SystemClock_Config)
    SystemInit                               0x08003a0d   Thumb Code   180  system_stm32h7xx.o(i.SystemInit)
    TIM15_IRQHandler                         0x08003ae9   Thumb Code     6  stm32h7xx_it.o(i.TIM15_IRQHandler)
    TIM_Base_SetConfig                       0x08003af5   Thumb Code   162  stm32h7xx_hal_tim.o(i.TIM_Base_SetConfig)
    TIM_ETR_SetConfig                        0x08003bb9   Thumb Code    18  stm32h7xx_hal_tim.o(i.TIM_ETR_SetConfig)
    UART_AdvFeatureConfig                    0x08003c6d   Thumb Code   200  stm32h7xx_hal_uart.o(i.UART_AdvFeatureConfig)
    UART_CheckIdleState                      0x08003d35   Thumb Code    96  stm32h7xx_hal_uart.o(i.UART_CheckIdleState)
    UART_SetConfig                           0x08003d95   Thumb Code   876  stm32h7xx_hal_uart.o(i.UART_SetConfig)
    UART_WaitOnFlagUntilTimeout              0x08004141   Thumb Code   202  stm32h7xx_hal_uart.o(i.UART_WaitOnFlagUntilTimeout)
    USBD_CDC_GetDeviceQualifierDescriptor    0x0800430d   Thumb Code     8  usbd_cdc.o(i.USBD_CDC_GetDeviceQualifierDescriptor)
    USBD_CDC_ReceivePacket                   0x080043df   Thumb Code    40  usbd_cdc.o(i.USBD_CDC_ReceivePacket)
    USBD_CDC_RegisterInterface               0x08004407   Thumb Code    14  usbd_cdc.o(i.USBD_CDC_RegisterInterface)
    USBD_CDC_SetRxBuffer                     0x08004415   Thumb Code    18  usbd_cdc.o(i.USBD_CDC_SetRxBuffer)
    USBD_CDC_SetTxBuffer                     0x08004427   Thumb Code    22  usbd_cdc.o(i.USBD_CDC_SetTxBuffer)
    USBD_ClrClassConfig                      0x080044fd   Thumb Code    16  usbd_core.o(i.USBD_ClrClassConfig)
    USBD_CtlContinueRx                       0x0800450d   Thumb Code    16  usbd_ioreq.o(i.USBD_CtlContinueRx)
    USBD_CtlContinueSendData                 0x0800451d   Thumb Code    16  usbd_ioreq.o(i.USBD_CtlContinueSendData)
    USBD_CtlError                            0x0800452d   Thumb Code    22  usbd_ctlreq.o(i.USBD_CtlError)
    USBD_CtlPrepareRx                        0x08004543   Thumb Code    30  usbd_ioreq.o(i.USBD_CtlPrepareRx)
    USBD_CtlReceiveStatus                    0x08004561   Thumb Code    22  usbd_ioreq.o(i.USBD_CtlReceiveStatus)
    USBD_CtlSendData                         0x08004577   Thumb Code    26  usbd_ioreq.o(i.USBD_CtlSendData)
    USBD_CtlSendStatus                       0x08004591   Thumb Code    22  usbd_ioreq.o(i.USBD_CtlSendStatus)
    USBD_GetString                           0x0800468d   Thumb Code    74  usbd_ctlreq.o(i.USBD_GetString)
    USBD_Get_USB_Status                      0x080046d7   Thumb Code    24  usbd_conf.o(i.USBD_Get_USB_Status)
    USBD_HS_ConfigStrDescriptor              0x080046f1   Thumb Code    16  usbd_desc.o(i.USBD_HS_ConfigStrDescriptor)
    USBD_HS_DeviceDescriptor                 0x08004711   Thumb Code     8  usbd_desc.o(i.USBD_HS_DeviceDescriptor)
    USBD_HS_InterfaceStrDescriptor           0x0800471d   Thumb Code    16  usbd_desc.o(i.USBD_HS_InterfaceStrDescriptor)
    USBD_HS_LangIDStrDescriptor              0x08004741   Thumb Code     8  usbd_desc.o(i.USBD_HS_LangIDStrDescriptor)
    USBD_HS_ManufacturerStrDescriptor        0x0800474d   Thumb Code    16  usbd_desc.o(i.USBD_HS_ManufacturerStrDescriptor)
    USBD_HS_ProductStrDescriptor             0x08004775   Thumb Code    16  usbd_desc.o(i.USBD_HS_ProductStrDescriptor)
    USBD_HS_SerialStrDescriptor              0x080047a1   Thumb Code    50  usbd_desc.o(i.USBD_HS_SerialStrDescriptor)
    USBD_Init                                0x080047dd   Thumb Code    38  usbd_core.o(i.USBD_Init)
    USBD_LL_ClearStallEP                     0x08004803   Thumb Code    18  usbd_conf.o(i.USBD_LL_ClearStallEP)
    USBD_LL_CloseEP                          0x08004815   Thumb Code    18  usbd_conf.o(i.USBD_LL_CloseEP)
    USBD_LL_DataInStage                      0x08004827   Thumb Code   168  usbd_core.o(i.USBD_LL_DataInStage)
    USBD_LL_DataOutStage                     0x080048cf   Thumb Code   108  usbd_core.o(i.USBD_LL_DataOutStage)
    USBD_LL_DevConnected                     0x0800493b   Thumb Code     4  usbd_core.o(i.USBD_LL_DevConnected)
    USBD_LL_DevDisconnected                  0x0800493f   Thumb Code    26  usbd_core.o(i.USBD_LL_DevDisconnected)
    USBD_LL_GetRxDataSize                    0x08004959   Thumb Code     8  usbd_conf.o(i.USBD_LL_GetRxDataSize)
    USBD_LL_Init                             0x08004961   Thumb Code   100  usbd_conf.o(i.USBD_LL_Init)
    USBD_LL_IsStallEP                        0x080049cd   Thumb Code    32  usbd_conf.o(i.USBD_LL_IsStallEP)
    USBD_LL_IsoINIncomplete                  0x080049ed   Thumb Code    32  usbd_core.o(i.USBD_LL_IsoINIncomplete)
    USBD_LL_IsoOUTIncomplete                 0x08004a0d   Thumb Code    32  usbd_core.o(i.USBD_LL_IsoOUTIncomplete)
    USBD_LL_OpenEP                           0x08004a2d   Thumb Code    24  usbd_conf.o(i.USBD_LL_OpenEP)
    USBD_LL_PrepareReceive                   0x08004a45   Thumb Code    18  usbd_conf.o(i.USBD_LL_PrepareReceive)
    USBD_LL_Reset                            0x08004a57   Thumb Code    90  usbd_core.o(i.USBD_LL_Reset)
    USBD_LL_Resume                           0x08004ab1   Thumb Code    20  usbd_core.o(i.USBD_LL_Resume)
    USBD_LL_SOF                              0x08004ac5   Thumb Code    32  usbd_core.o(i.USBD_LL_SOF)
    USBD_LL_SetSpeed                         0x08004ae5   Thumb Code     6  usbd_core.o(i.USBD_LL_SetSpeed)
    USBD_LL_SetUSBAddress                    0x08004aeb   Thumb Code    18  usbd_conf.o(i.USBD_LL_SetUSBAddress)
    USBD_LL_SetupStage                       0x08004afd   Thumb Code    96  usbd_core.o(i.USBD_LL_SetupStage)
    USBD_LL_StallEP                          0x08004b5d   Thumb Code    18  usbd_conf.o(i.USBD_LL_StallEP)
    USBD_LL_Start                            0x08004b6f   Thumb Code    18  usbd_conf.o(i.USBD_LL_Start)
    USBD_LL_Suspend                          0x08004b81   Thumb Code    18  usbd_core.o(i.USBD_LL_Suspend)
    USBD_LL_Transmit                         0x08004b93   Thumb Code    18  usbd_conf.o(i.USBD_LL_Transmit)
    USBD_ParseSetupRequest                   0x08004ba5   Thumb Code    42  usbd_ctlreq.o(i.USBD_ParseSetupRequest)
    USBD_RegisterClass                       0x08004bcf   Thumb Code    36  usbd_core.o(i.USBD_RegisterClass)
    USBD_SetClassConfig                      0x08004bf3   Thumb Code    20  usbd_core.o(i.USBD_SetClassConfig)
    USBD_Start                               0x08004cc5   Thumb Code     4  usbd_core.o(i.USBD_Start)
    USBD_StdDevReq                           0x08004cc9   Thumb Code   278  usbd_ctlreq.o(i.USBD_StdDevReq)
    USBD_StdEPReq                            0x08004ddf   Thumb Code   320  usbd_ctlreq.o(i.USBD_StdEPReq)
    USBD_StdItfReq                           0x08004f1f   Thumb Code    84  usbd_ctlreq.o(i.USBD_StdItfReq)
    USBD_static_free                         0x08004f73   Thumb Code     2  usbd_conf.o(i.USBD_static_free)
    USBD_static_malloc                       0x08004f75   Thumb Code     4  usbd_conf.o(i.USBD_static_malloc)
    USB_ActivateEndpoint                     0x08004f7d   Thumb Code   124  stm32h7xx_ll_usb.o(i.USB_ActivateEndpoint)
    USB_ActivateSetup                        0x08004ffd   Thumb Code    28  stm32h7xx_ll_usb.o(i.USB_ActivateSetup)
    USB_CoreInit                             0x08005019   Thumb Code   128  stm32h7xx_ll_usb.o(i.USB_CoreInit)
    USB_DeactivateEndpoint                   0x080050e1   Thumb Code   194  stm32h7xx_ll_usb.o(i.USB_DeactivateEndpoint)
    USB_DevConnect                           0x080051ad   Thumb Code    28  stm32h7xx_ll_usb.o(i.USB_DevConnect)
    USB_DevDisconnect                        0x080051c9   Thumb Code    28  stm32h7xx_ll_usb.o(i.USB_DevDisconnect)
    USB_DevInit                              0x080051e5   Thumb Code   368  stm32h7xx_ll_usb.o(i.USB_DevInit)
    USB_DisableGlobalInt                     0x0800535d   Thumb Code    12  stm32h7xx_ll_usb.o(i.USB_DisableGlobalInt)
    USB_EP0StartXfer                         0x08005369   Thumb Code   280  stm32h7xx_ll_usb.o(i.USB_EP0StartXfer)
    USB_EP0_OutStart                         0x08005485   Thumb Code    84  stm32h7xx_ll_usb.o(i.USB_EP0_OutStart)
    USB_EPClearStall                         0x080054dd   Thumb Code    88  stm32h7xx_ll_usb.o(i.USB_EPClearStall)
    USB_EPSetStall                           0x08005535   Thumb Code    88  stm32h7xx_ll_usb.o(i.USB_EPSetStall)
    USB_EPStartXfer                          0x0800558d   Thumb Code   482  stm32h7xx_ll_usb.o(i.USB_EPStartXfer)
    USB_EnableGlobalInt                      0x08005775   Thumb Code    12  stm32h7xx_ll_usb.o(i.USB_EnableGlobalInt)
    USB_FlushRxFifo                          0x08005781   Thumb Code    54  stm32h7xx_ll_usb.o(i.USB_FlushRxFifo)
    USB_FlushTxFifo                          0x080057bd   Thumb Code    58  stm32h7xx_ll_usb.o(i.USB_FlushTxFifo)
    USB_GetDevSpeed                          0x080057fd   Thumb Code    26  stm32h7xx_ll_usb.o(i.USB_GetDevSpeed)
    USB_GetMode                              0x08005817   Thumb Code     8  stm32h7xx_ll_usb.o(i.USB_GetMode)
    USB_ReadDevAllInEpInterrupt              0x0800581f   Thumb Code    14  stm32h7xx_ll_usb.o(i.USB_ReadDevAllInEpInterrupt)
    USB_ReadDevAllOutEpInterrupt             0x0800582d   Thumb Code    14  stm32h7xx_ll_usb.o(i.USB_ReadDevAllOutEpInterrupt)
    USB_ReadDevInEPInterrupt                 0x0800583b   Thumb Code    36  stm32h7xx_ll_usb.o(i.USB_ReadDevInEPInterrupt)
    USB_ReadDevOutEPInterrupt                0x0800585f   Thumb Code    16  stm32h7xx_ll_usb.o(i.USB_ReadDevOutEPInterrupt)
    USB_ReadInterrupts                       0x0800586f   Thumb Code     8  stm32h7xx_ll_usb.o(i.USB_ReadInterrupts)
    USB_ReadPacket                           0x08005877   Thumb Code    64  stm32h7xx_ll_usb.o(i.USB_ReadPacket)
    USB_SetCurrentMode                       0x080058b7   Thumb Code    94  stm32h7xx_ll_usb.o(i.USB_SetCurrentMode)
    USB_SetDevAddress                        0x08005915   Thumb Code    34  stm32h7xx_ll_usb.o(i.USB_SetDevAddress)
    USB_SetTurnaroundTime                    0x08005939   Thumb Code   158  stm32h7xx_ll_usb.o(i.USB_SetTurnaroundTime)
    USB_WritePacket                          0x08005a21   Thumb Code    40  stm32h7xx_ll_usb.o(i.USB_WritePacket)
    UsageFault_Handler                       0x08005a49   Thumb Code     2  stm32h7xx_it.o(i.UsageFault_Handler)
    main                                     0x08005a6d   Thumb Code    40  main.o(i.main)
    _fp_init                                 0x08005a99   Thumb Code    10  fpinit.o(x$fpl$fpinit)
    __fplib_config_fpu_vfp                   0x08005aa1   Thumb Code     0  fpinit.o(x$fpl$fpinit)
    __fplib_config_pureend_doubles           0x08005aa1   Thumb Code     0  fpinit.o(x$fpl$fpinit)
    UARTPrescTable                           0x08005aa2   Data          24  stm32h7xx_hal_uart.o(.constdata)
    D1CorePrescTable                         0x08005aca   Data          16  system_stm32h7xx.o(.constdata)
    Region$$Table$$Base                      0x08005adc   Number         0  anon$$obj.o(Region$$Table)
    Region$$Table$$Limit                     0x08005afc   Number         0  anon$$obj.o(Region$$Table)
    led_cnt                                  0x24000000   Data           2  uapp_other.o(.data)
    HS_Desc                                  0x24000004   Data          28  usbd_desc.o(.data)
    USBD_LangIDDesc                          0x24000020   Data           4  usbd_desc.o(.data)
    USBD_HS_DeviceDesc                       0x24000024   Data          18  usbd_desc.o(.data)
    USBD_StringSerial                        0x24000038   Data          26  usbd_desc.o(.data)
    USBD_Interface_fops_HS                   0x24000054   Data          20  usbd_cdc_if.o(.data)
    uwTickFreq                               0x24000068   Data           1  stm32h7xx_hal.o(.data)
    uwTickPrio                               0x2400006c   Data           4  stm32h7xx_hal.o(.data)
    uwTick                                   0x24000070   Data           4  stm32h7xx_hal.o(.data)
    SystemCoreClock                          0x24000074   Data           4  system_stm32h7xx.o(.data)
    SystemD2Clock                            0x24000078   Data           4  system_stm32h7xx.o(.data)
    USBD_CDC                                 0x24000158   Data          56  usbd_cdc.o(.data)
    hspi1                                    0x24000190   Data         136  spi.o(.bss)
    hspi4                                    0x24000218   Data         136  spi.o(.bss)
    htim15                                   0x240002a0   Data          76  tim.o(.bss)
    huart3                                   0x240002ec   Data         144  usart.o(.bss)
    hUsbDeviceHS                             0x2400037c   Data         720  usb_device.o(.bss)
    USBD_StrDesc                             0x2400064c   Data         512  usbd_desc.o(.bss)
    UserRxBufferHS                           0x2400084c   Data        2048  usbd_cdc_if.o(.bss)
    UserTxBufferHS                           0x2400104c   Data        2048  usbd_cdc_if.o(.bss)
    hpcd_USB_OTG_HS                          0x24001a6c   Data        1032  usbd_conf.o(.bss)
    __libspace_start                         0x24001e74   Data          96  libspace.o(.bss)
    __temporary_stack_top$libspace           0x24001ed4   Data           0  libspace.o(.bss)



==============================================================================

Memory Map of the image

  Image Entry point : 0x08000299

  Load Region LR_IROM1 (Base: 0x08000000, Size: 0x00005c8c, Max: 0x00020000, ABSOLUTE, COMPRESSED[0x00005bc4])

    Execution Region ER_IROM1 (Exec base: 0x08000000, Load base: 0x08000000, Size: 0x00005afc, Max: 0x00020000, ABSOLUTE)

    Exec Addr    Load Addr    Size         Type   Attr      Idx    E Section Name        Object

    0x08000000   0x08000000   0x00000298   Data   RO          546    RESET               startup_stm32h750xx.o
    0x08000298   0x08000298   0x00000008   Code   RO         6558  * !!!main             c_w.l(__main.o)
    0x080002a0   0x080002a0   0x00000034   Code   RO         6916    !!!scatter          c_w.l(__scatter.o)
    0x080002d4   0x080002d4   0x0000005a   Code   RO         6914    !!dczerorl2         c_w.l(__dczerorl2.o)
    0x0800032e   0x0800032e   0x00000002   PAD
    0x08000330   0x08000330   0x0000001c   Code   RO         6918    !!handler_zi        c_w.l(__scatter_zi.o)
    0x0800034c   0x0800034c   0x00000002   Code   RO         6701    .ARM.Collect$$libinit$$00000000  c_w.l(libinit.o)
    0x0800034e   0x0800034e   0x00000004   Code   RO         6702    .ARM.Collect$$libinit$$00000001  c_w.l(libinit2.o)
    0x08000352   0x08000352   0x00000000   Code   RO         6705    .ARM.Collect$$libinit$$00000004  c_w.l(libinit2.o)
    0x08000352   0x08000352   0x00000000   Code   RO         6708    .ARM.Collect$$libinit$$0000000A  c_w.l(libinit2.o)
    0x08000352   0x08000352   0x00000000   Code   RO         6710    .ARM.Collect$$libinit$$0000000C  c_w.l(libinit2.o)
    0x08000352   0x08000352   0x00000000   Code   RO         6712    .ARM.Collect$$libinit$$0000000E  c_w.l(libinit2.o)
    0x08000352   0x08000352   0x00000000   Code   RO         6715    .ARM.Collect$$libinit$$00000011  c_w.l(libinit2.o)
    0x08000352   0x08000352   0x00000000   Code   RO         6717    .ARM.Collect$$libinit$$00000013  c_w.l(libinit2.o)
    0x08000352   0x08000352   0x00000000   Code   RO         6719    .ARM.Collect$$libinit$$00000015  c_w.l(libinit2.o)
    0x08000352   0x08000352   0x00000000   Code   RO         6721    .ARM.Collect$$libinit$$00000017  c_w.l(libinit2.o)
    0x08000352   0x08000352   0x00000000   Code   RO         6723    .ARM.Collect$$libinit$$00000019  c_w.l(libinit2.o)
    0x08000352   0x08000352   0x00000000   Code   RO         6725    .ARM.Collect$$libinit$$0000001B  c_w.l(libinit2.o)
    0x08000352   0x08000352   0x00000000   Code   RO         6727    .ARM.Collect$$libinit$$0000001D  c_w.l(libinit2.o)
    0x08000352   0x08000352   0x00000000   Code   RO         6729    .ARM.Collect$$libinit$$0000001F  c_w.l(libinit2.o)
    0x08000352   0x08000352   0x00000000   Code   RO         6731    .ARM.Collect$$libinit$$00000021  c_w.l(libinit2.o)
    0x08000352   0x08000352   0x00000000   Code   RO         6733    .ARM.Collect$$libinit$$00000023  c_w.l(libinit2.o)
    0x08000352   0x08000352   0x00000000   Code   RO         6735    .ARM.Collect$$libinit$$00000025  c_w.l(libinit2.o)
    0x08000352   0x08000352   0x00000000   Code   RO         6739    .ARM.Collect$$libinit$$0000002C  c_w.l(libinit2.o)
    0x08000352   0x08000352   0x00000000   Code   RO         6741    .ARM.Collect$$libinit$$0000002E  c_w.l(libinit2.o)
    0x08000352   0x08000352   0x00000000   Code   RO         6743    .ARM.Collect$$libinit$$00000030  c_w.l(libinit2.o)
    0x08000352   0x08000352   0x00000000   Code   RO         6745    .ARM.Collect$$libinit$$00000032  c_w.l(libinit2.o)
    0x08000352   0x08000352   0x00000002   Code   RO         6746    .ARM.Collect$$libinit$$00000033  c_w.l(libinit2.o)
    0x08000354   0x08000354   0x00000002   Code   RO         6895    .ARM.Collect$$libshutdown$$00000000  c_w.l(libshutdown.o)
    0x08000356   0x08000356   0x00000000   Code   RO         6748    .ARM.Collect$$libshutdown$$00000002  c_w.l(libshutdown2.o)
    0x08000356   0x08000356   0x00000000   Code   RO         6750    .ARM.Collect$$libshutdown$$00000004  c_w.l(libshutdown2.o)
    0x08000356   0x08000356   0x00000000   Code   RO         6752    .ARM.Collect$$libshutdown$$00000006  c_w.l(libshutdown2.o)
    0x08000356   0x08000356   0x00000000   Code   RO         6755    .ARM.Collect$$libshutdown$$00000009  c_w.l(libshutdown2.o)
    0x08000356   0x08000356   0x00000000   Code   RO         6758    .ARM.Collect$$libshutdown$$0000000C  c_w.l(libshutdown2.o)
    0x08000356   0x08000356   0x00000000   Code   RO         6760    .ARM.Collect$$libshutdown$$0000000E  c_w.l(libshutdown2.o)
    0x08000356   0x08000356   0x00000000   Code   RO         6763    .ARM.Collect$$libshutdown$$00000011  c_w.l(libshutdown2.o)
    0x08000356   0x08000356   0x00000002   Code   RO         6764    .ARM.Collect$$libshutdown$$00000012  c_w.l(libshutdown2.o)
    0x08000358   0x08000358   0x00000000   Code   RO         6560    .ARM.Collect$$rtentry$$00000000  c_w.l(__rtentry.o)
    0x08000358   0x08000358   0x00000000   Code   RO         6574    .ARM.Collect$$rtentry$$00000002  c_w.l(__rtentry2.o)
    0x08000358   0x08000358   0x00000006   Code   RO         6586    .ARM.Collect$$rtentry$$00000004  c_w.l(__rtentry4.o)
    0x0800035e   0x0800035e   0x00000000   Code   RO         6576    .ARM.Collect$$rtentry$$00000009  c_w.l(__rtentry2.o)
    0x0800035e   0x0800035e   0x00000004   Code   RO         6577    .ARM.Collect$$rtentry$$0000000A  c_w.l(__rtentry2.o)
    0x08000362   0x08000362   0x00000000   Code   RO         6579    .ARM.Collect$$rtentry$$0000000C  c_w.l(__rtentry2.o)
    0x08000362   0x08000362   0x00000008   Code   RO         6580    .ARM.Collect$$rtentry$$0000000D  c_w.l(__rtentry2.o)
    0x0800036a   0x0800036a   0x00000002   Code   RO         6773    .ARM.Collect$$rtexit$$00000000  c_w.l(rtexit.o)
    0x0800036c   0x0800036c   0x00000000   Code   RO         6831    .ARM.Collect$$rtexit$$00000002  c_w.l(rtexit2.o)
    0x0800036c   0x0800036c   0x00000004   Code   RO         6832    .ARM.Collect$$rtexit$$00000003  c_w.l(rtexit2.o)
    0x08000370   0x08000370   0x00000006   Code   RO         6833    .ARM.Collect$$rtexit$$00000004  c_w.l(rtexit2.o)
    0x08000376   0x08000376   0x00000002   PAD
    0x08000378   0x08000378   0x00000040   Code   RO          547    .text               startup_stm32h750xx.o
    0x080003b8   0x080003b8   0x000000ee   Code   RO         6546    .text               c_w.l(lludivv7m.o)
    0x080004a6   0x080004a6   0x00000064   Code   RO         6552    .text               c_w.l(rt_memcpy_w.o)
    0x0800050a   0x0800050a   0x0000004e   Code   RO         6554    .text               c_w.l(rt_memclr_w.o)
    0x08000558   0x08000558   0x00000006   Code   RO         6556    .text               c_w.l(heapauxi.o)
    0x0800055e   0x0800055e   0x0000004a   Code   RO         6613    .text               c_w.l(sys_stackheap_outer.o)
    0x080005a8   0x080005a8   0x00000012   Code   RO         6686    .text               c_w.l(exit.o)
    0x080005ba   0x080005ba   0x00000002   PAD
    0x080005bc   0x080005bc   0x00000008   Code   RO         6767    .text               c_w.l(libspace.o)
    0x080005c4   0x080005c4   0x00000002   Code   RO         6770    .text               c_w.l(use_no_semi.o)
    0x080005c6   0x080005c6   0x00000000   Code   RO         6772    .text               c_w.l(indicate_semi.o)
    0x080005c6   0x080005c6   0x00000002   PAD
    0x080005c8   0x080005c8   0x0000000c   Code   RO         6828    .text               c_w.l(sys_exit.o)
    0x080005d4   0x080005d4   0x00000002   Code   RO          782    i.BusFault_Handler  stm32h7xx_it.o
    0x080005d6   0x080005d6   0x00000004   Code   RO         1006    i.CDC_Control_HS    usbd_cdc_if.o
    0x080005da   0x080005da   0x00000004   Code   RO         1007    i.CDC_DeInit_HS     usbd_cdc_if.o
    0x080005de   0x080005de   0x00000002   PAD
    0x080005e0   0x080005e0   0x00000024   Code   RO         1008    i.CDC_Init_HS       usbd_cdc_if.o
    0x08000604   0x08000604   0x00000018   Code   RO         1009    i.CDC_Receive_HS    usbd_cdc_if.o
    0x0800061c   0x0800061c   0x00000004   Code   RO         1010    i.CDC_TransmitCplt_HS  usbd_cdc_if.o
    0x08000620   0x08000620   0x00000002   Code   RO          783    i.DebugMon_Handler  stm32h7xx_it.o
    0x08000622   0x08000622   0x00000004   Code   RO          554    i.Error_Handler     main.o
    0x08000626   0x08000626   0x00000002   PAD
    0x08000628   0x08000628   0x00000024   Code   RO         3362    i.HAL_Delay         stm32h7xx_hal.o
    0x0800064c   0x0800064c   0x0000022c   Code   RO         2360    i.HAL_GPIO_Init     stm32h7xx_hal_gpio.o
    0x08000878   0x08000878   0x0000000a   Code   RO         2364    i.HAL_GPIO_WritePin  stm32h7xx_hal_gpio.o
    0x08000882   0x08000882   0x00000002   PAD
    0x08000884   0x08000884   0x0000000c   Code   RO         3373    i.HAL_GetREVID      stm32h7xx_hal.o
    0x08000890   0x08000890   0x0000000c   Code   RO         3374    i.HAL_GetTick       stm32h7xx_hal.o
    0x0800089c   0x0800089c   0x00000010   Code   RO         3380    i.HAL_IncTick       stm32h7xx_hal.o
    0x080008ac   0x080008ac   0x0000005c   Code   RO         3381    i.HAL_Init          stm32h7xx_hal.o
    0x08000908   0x08000908   0x00000040   Code   RO         3382    i.HAL_InitTick      stm32h7xx_hal.o
    0x08000948   0x08000948   0x0000001c   Code   RO          870    i.HAL_MspInit       stm32h7xx_hal_msp.o
    0x08000964   0x08000964   0x0000001a   Code   RO         3220    i.HAL_NVIC_EnableIRQ  stm32h7xx_hal_cortex.o
    0x0800097e   0x0800097e   0x00000002   PAD
    0x08000980   0x08000980   0x00000040   Code   RO         3226    i.HAL_NVIC_SetPriority  stm32h7xx_hal_cortex.o
    0x080009c0   0x080009c0   0x00000024   Code   RO         3227    i.HAL_NVIC_SetPriorityGrouping  stm32h7xx_hal_cortex.o
    0x080009e4   0x080009e4   0x00000028   Code   RO         1511    i.HAL_PCDEx_ActivateLPM  stm32h7xx_hal_pcd_ex.o
    0x08000a0c   0x08000a0c   0x00000002   Code   RO         1516    i.HAL_PCDEx_LPM_Callback  stm32h7xx_hal_pcd_ex.o
    0x08000a0e   0x08000a0e   0x00000008   Code   RO         1517    i.HAL_PCDEx_SetRxFiFo  stm32h7xx_hal_pcd_ex.o
    0x08000a16   0x08000a16   0x00000046   Code   RO         1518    i.HAL_PCDEx_SetTxFiFo  stm32h7xx_hal_pcd_ex.o
    0x08000a5c   0x08000a5c   0x00000008   Code   RO         1067    i.HAL_PCD_ConnectCallback  usbd_conf.o
    0x08000a64   0x08000a64   0x00000012   Code   RO         1068    i.HAL_PCD_DataInStageCallback  usbd_conf.o
    0x08000a76   0x08000a76   0x00000014   Code   RO         1069    i.HAL_PCD_DataOutStageCallback  usbd_conf.o
    0x08000a8a   0x08000a8a   0x00000008   Code   RO         1070    i.HAL_PCD_DisconnectCallback  usbd_conf.o
    0x08000a92   0x08000a92   0x0000004c   Code   RO         1288    i.HAL_PCD_EP_Close  stm32h7xx_hal_pcd.o
    0x08000ade   0x08000ade   0x0000005c   Code   RO         1289    i.HAL_PCD_EP_ClrStall  stm32h7xx_hal_pcd.o
    0x08000b3a   0x08000b3a   0x00000012   Code   RO         1291    i.HAL_PCD_EP_GetRxCount  stm32h7xx_hal_pcd.o
    0x08000b4c   0x08000b4c   0x00000060   Code   RO         1292    i.HAL_PCD_EP_Open   stm32h7xx_hal_pcd.o
    0x08000bac   0x08000bac   0x00000044   Code   RO         1293    i.HAL_PCD_EP_Receive  stm32h7xx_hal_pcd.o
    0x08000bf0   0x08000bf0   0x00000074   Code   RO         1294    i.HAL_PCD_EP_SetStall  stm32h7xx_hal_pcd.o
    0x08000c64   0x08000c64   0x00000044   Code   RO         1295    i.HAL_PCD_EP_Transmit  stm32h7xx_hal_pcd.o
    0x08000ca8   0x08000ca8   0x00000470   Code   RO         1297    i.HAL_PCD_IRQHandler  stm32h7xx_hal_pcd.o
    0x08001118   0x08001118   0x00000008   Code   RO         1071    i.HAL_PCD_ISOINIncompleteCallback  usbd_conf.o
    0x08001120   0x08001120   0x00000008   Code   RO         1072    i.HAL_PCD_ISOOUTIncompleteCallback  usbd_conf.o
    0x08001128   0x08001128   0x000000f2   Code   RO         1300    i.HAL_PCD_Init      stm32h7xx_hal_pcd.o
    0x0800121a   0x0800121a   0x00000002   PAD
    0x0800121c   0x0800121c   0x000000b4   Code   RO         1074    i.HAL_PCD_MspInit   usbd_conf.o
    0x080012d0   0x080012d0   0x0000002c   Code   RO         1075    i.HAL_PCD_ResetCallback  usbd_conf.o
    0x080012fc   0x080012fc   0x00000008   Code   RO         1076    i.HAL_PCD_ResumeCallback  usbd_conf.o
    0x08001304   0x08001304   0x00000008   Code   RO         1077    i.HAL_PCD_SOFCallback  usbd_conf.o
    0x0800130c   0x0800130c   0x00000028   Code   RO         1306    i.HAL_PCD_SetAddress  stm32h7xx_hal_pcd.o
    0x08001334   0x08001334   0x0000000e   Code   RO         1078    i.HAL_PCD_SetupStageCallback  usbd_conf.o
    0x08001342   0x08001342   0x00000042   Code   RO         1309    i.HAL_PCD_Start     stm32h7xx_hal_pcd.o
    0x08001384   0x08001384   0x00000030   Code   RO         1079    i.HAL_PCD_SuspendCallback  usbd_conf.o
    0x080013b4   0x080013b4   0x00000054   Code   RO         2961    i.HAL_PWREx_ConfigSupply  stm32h7xx_hal_pwr_ex.o
    0x08001408   0x08001408   0x00000010   Code   RO         2978    i.HAL_PWREx_EnableUSBVoltageDetector  stm32h7xx_hal_pwr_ex.o
    0x08001418   0x08001418   0x00000024   Code   RO         2003    i.HAL_RCCEx_GetD3PCLK1Freq  stm32h7xx_hal_rcc_ex.o
    0x0800143c   0x0800143c   0x00000144   Code   RO         2005    i.HAL_RCCEx_GetPLL2ClockFreq  stm32h7xx_hal_rcc_ex.o
    0x08001580   0x08001580   0x00000144   Code   RO         2006    i.HAL_RCCEx_GetPLL3ClockFreq  stm32h7xx_hal_rcc_ex.o
    0x080016c4   0x080016c4   0x000008d2   Code   RO         2012    i.HAL_RCCEx_PeriphCLKConfig  stm32h7xx_hal_rcc_ex.o
    0x08001f96   0x08001f96   0x00000002   PAD
    0x08001f98   0x08001f98   0x0000025c   Code   RO         1888    i.HAL_RCC_ClockConfig  stm32h7xx_hal_rcc.o
    0x080021f4   0x080021f4   0x00000044   Code   RO         1893    i.HAL_RCC_GetHCLKFreq  stm32h7xx_hal_rcc.o
    0x08002238   0x08002238   0x00000024   Code   RO         1895    i.HAL_RCC_GetPCLK1Freq  stm32h7xx_hal_rcc.o
    0x0800225c   0x0800225c   0x00000024   Code   RO         1896    i.HAL_RCC_GetPCLK2Freq  stm32h7xx_hal_rcc.o
    0x08002280   0x08002280   0x00000138   Code   RO         1897    i.HAL_RCC_GetSysClockFreq  stm32h7xx_hal_rcc.o
    0x080023b8   0x080023b8   0x00000530   Code   RO         1900    i.HAL_RCC_OscConfig  stm32h7xx_hal_rcc.o
    0x080028e8   0x080028e8   0x00000158   Code   RO         4266    i.HAL_SPI_Init      stm32h7xx_hal_spi.o
    0x08002a40   0x08002a40   0x00000124   Code   RO          651    i.HAL_SPI_MspInit   spi.o
    0x08002b64   0x08002b64   0x00000026   Code   RO         3231    i.HAL_SYSTICK_Config  stm32h7xx_hal_cortex.o
    0x08002b8a   0x08002b8a   0x00000002   Code   RO         5294    i.HAL_TIMEx_Break2Callback  stm32h7xx_hal_tim_ex.o
    0x08002b8c   0x08002b8c   0x00000002   Code   RO         5295    i.HAL_TIMEx_BreakCallback  stm32h7xx_hal_tim_ex.o
    0x08002b8e   0x08002b8e   0x00000002   Code   RO         5296    i.HAL_TIMEx_CommutCallback  stm32h7xx_hal_tim_ex.o
    0x08002b90   0x08002b90   0x000000a4   Code   RO         5316    i.HAL_TIMEx_MasterConfigSynchronization  stm32h7xx_hal_tim_ex.o
    0x08002c34   0x08002c34   0x00000062   Code   RO         4580    i.HAL_TIM_Base_Init  stm32h7xx_hal_tim.o
    0x08002c96   0x08002c96   0x00000002   PAD
    0x08002c98   0x08002c98   0x0000003c   Code   RO          699    i.HAL_TIM_Base_MspInit  tim.o
    0x08002cd4   0x08002cd4   0x0000008c   Code   RO         4585    i.HAL_TIM_Base_Start_IT  stm32h7xx_hal_tim.o
    0x08002d60   0x08002d60   0x000000fc   Code   RO         4589    i.HAL_TIM_ConfigClockSource  stm32h7xx_hal_tim.o
    0x08002e5c   0x08002e5c   0x00000002   Code   RO         4614    i.HAL_TIM_IC_CaptureCallback  stm32h7xx_hal_tim.o
    0x08002e5e   0x08002e5e   0x00000182   Code   RO         4628    i.HAL_TIM_IRQHandler  stm32h7xx_hal_tim.o
    0x08002fe0   0x08002fe0   0x00000002   Code   RO         4631    i.HAL_TIM_OC_DelayElapsedCallback  stm32h7xx_hal_tim.o
    0x08002fe2   0x08002fe2   0x00000002   Code   RO         4658    i.HAL_TIM_PWM_PulseFinishedCallback  stm32h7xx_hal_tim.o
    0x08002fe4   0x08002fe4   0x00000014   Code   RO          555    i.HAL_TIM_PeriodElapsedCallback  main.o
    0x08002ff8   0x08002ff8   0x00000002   Code   RO         4671    i.HAL_TIM_TriggerCallback  stm32h7xx_hal_tim.o
    0x08002ffa   0x08002ffa   0x00000040   Code   RO         6005    i.HAL_UARTEx_DisableFifoMode  stm32h7xx_hal_uart_ex.o
    0x0800303a   0x0800303a   0x0000004c   Code   RO         6013    i.HAL_UARTEx_SetRxFifoThreshold  stm32h7xx_hal_uart_ex.o
    0x08003086   0x08003086   0x0000004c   Code   RO         6014    i.HAL_UARTEx_SetTxFifoThreshold  stm32h7xx_hal_uart_ex.o
    0x080030d2   0x080030d2   0x0000006a   Code   RO         5614    i.HAL_UART_Init     stm32h7xx_hal_uart.o
    0x0800313c   0x0800313c   0x00000080   Code   RO          741    i.HAL_UART_MspInit  usart.o
    0x080031bc   0x080031bc   0x00000002   Code   RO          784    i.HardFault_Handler  stm32h7xx_it.o
    0x080031be   0x080031be   0x00000002   PAD
    0x080031c0   0x080031c0   0x00000038   Code   RO          929    i.IntToUnicode      usbd_desc.o
    0x080031f8   0x080031f8   0x00000034   Code   RO          517    i.LED_Blinky        uapp_other.o
    0x0800322c   0x0800322c   0x00000174   Code   RO          626    i.MX_GPIO_Init      gpio.o
    0x080033a0   0x080033a0   0x00000068   Code   RO          652    i.MX_SPI1_Init      spi.o
    0x08003408   0x08003408   0x00000054   Code   RO          653    i.MX_SPI4_Init      spi.o
    0x0800345c   0x0800345c   0x0000006c   Code   RO          700    i.MX_TIM15_Init     tim.o
    0x080034c8   0x080034c8   0x00000068   Code   RO          742    i.MX_USART3_UART_Init  usart.o
    0x08003530   0x08003530   0x00000054   Code   RO          894    i.MX_USB_DEVICE_Init  usb_device.o
    0x08003584   0x08003584   0x00000002   Code   RO          785    i.MemManage_Handler  stm32h7xx_it.o
    0x08003586   0x08003586   0x00000002   Code   RO          786    i.NMI_Handler       stm32h7xx_it.o
    0x08003588   0x08003588   0x0000000c   Code   RO          787    i.OTG_HS_IRQHandler  stm32h7xx_it.o
    0x08003594   0x08003594   0x000000cc   Code   RO         1312    i.PCD_EP_OutXfrComplete_int  stm32h7xx_hal_pcd.o
    0x08003660   0x08003660   0x000000a2   Code   RO         1313    i.PCD_WriteEmptyTxFifo  stm32h7xx_hal_pcd.o
    0x08003702   0x08003702   0x00000002   Code   RO          788    i.PendSV_Handler    stm32h7xx_it.o
    0x08003704   0x08003704   0x00000120   Code   RO         2015    i.RCCEx_PLL2_Config  stm32h7xx_hal_rcc_ex.o
    0x08003824   0x08003824   0x00000120   Code   RO         2016    i.RCCEx_PLL3_Config  stm32h7xx_hal_rcc_ex.o
    0x08003944   0x08003944   0x00000002   Code   RO          789    i.SVC_Handler       stm32h7xx_it.o
    0x08003946   0x08003946   0x0000000a   Code   RO         6296    i.SWAPBYTE          usbd_ctlreq.o
    0x08003950   0x08003950   0x00000004   Code   RO          790    i.SysTick_Handler   stm32h7xx_it.o
    0x08003954   0x08003954   0x000000b8   Code   RO          556    i.SystemClock_Config  main.o
    0x08003a0c   0x08003a0c   0x000000dc   Code   RO         6118    i.SystemInit        system_stm32h7xx.o
    0x08003ae8   0x08003ae8   0x0000000c   Code   RO          791    i.TIM15_IRQHandler  stm32h7xx_it.o
    0x08003af4   0x08003af4   0x000000c4   Code   RO         4673    i.TIM_Base_SetConfig  stm32h7xx_hal_tim.o
    0x08003bb8   0x08003bb8   0x00000012   Code   RO         4684    i.TIM_ETR_SetConfig  stm32h7xx_hal_tim.o
    0x08003bca   0x08003bca   0x00000002   PAD
    0x08003bcc   0x08003bcc   0x00000014   Code   RO         4685    i.TIM_ITRx_SetConfig  stm32h7xx_hal_tim.o
    0x08003be0   0x08003be0   0x00000022   Code   RO         4693    i.TIM_TI1_ConfigInputStage  stm32h7xx_hal_tim.o
    0x08003c02   0x08003c02   0x00000024   Code   RO         4695    i.TIM_TI2_ConfigInputStage  stm32h7xx_hal_tim.o
    0x08003c26   0x08003c26   0x00000002   PAD
    0x08003c28   0x08003c28   0x00000044   Code   RO         6018    i.UARTEx_SetNbDataToProcess  stm32h7xx_hal_uart_ex.o
    0x08003c6c   0x08003c6c   0x000000c8   Code   RO         5628    i.UART_AdvFeatureConfig  stm32h7xx_hal_uart.o
    0x08003d34   0x08003d34   0x00000060   Code   RO         5629    i.UART_CheckIdleState  stm32h7xx_hal_uart.o
    0x08003d94   0x08003d94   0x000003ac   Code   RO         5646    i.UART_SetConfig    stm32h7xx_hal_uart.o
    0x08004140   0x08004140   0x000000ca   Code   RO         5653    i.UART_WaitOnFlagUntilTimeout  stm32h7xx_hal_uart.o
    0x0800420a   0x0800420a   0x00000062   Code   RO         6437    i.USBD_CDC_DataIn   usbd_cdc.o
    0x0800426c   0x0800426c   0x0000002a   Code   RO         6438    i.USBD_CDC_DataOut  usbd_cdc.o
    0x08004296   0x08004296   0x00000048   Code   RO         6439    i.USBD_CDC_DeInit   usbd_cdc.o
    0x080042de   0x080042de   0x0000002e   Code   RO         6440    i.USBD_CDC_EP0_RxReady  usbd_cdc.o
    0x0800430c   0x0800430c   0x0000000c   Code   RO         6441    i.USBD_CDC_GetDeviceQualifierDescriptor  usbd_cdc.o
    0x08004318   0x08004318   0x0000000c   Code   RO         6442    i.USBD_CDC_GetFSCfgDesc  usbd_cdc.o
    0x08004324   0x08004324   0x0000000c   Code   RO         6443    i.USBD_CDC_GetHSCfgDesc  usbd_cdc.o
    0x08004330   0x08004330   0x0000000c   Code   RO         6444    i.USBD_CDC_GetOtherSpeedCfgDesc  usbd_cdc.o
    0x0800433c   0x0800433c   0x000000a2   Code   RO         6445    i.USBD_CDC_Init     usbd_cdc.o
    0x080043de   0x080043de   0x00000028   Code   RO         6446    i.USBD_CDC_ReceivePacket  usbd_cdc.o
    0x08004406   0x08004406   0x0000000e   Code   RO         6447    i.USBD_CDC_RegisterInterface  usbd_cdc.o
    0x08004414   0x08004414   0x00000012   Code   RO         6448    i.USBD_CDC_SetRxBuffer  usbd_cdc.o
    0x08004426   0x08004426   0x00000016   Code   RO         6449    i.USBD_CDC_SetTxBuffer  usbd_cdc.o
    0x0800443c   0x0800443c   0x000000c0   Code   RO         6450    i.USBD_CDC_Setup    usbd_cdc.o
    0x080044fc   0x080044fc   0x00000010   Code   RO         6154    i.USBD_ClrClassConfig  usbd_core.o
    0x0800450c   0x0800450c   0x00000010   Code   RO         6373    i.USBD_CtlContinueRx  usbd_ioreq.o
    0x0800451c   0x0800451c   0x00000010   Code   RO         6374    i.USBD_CtlContinueSendData  usbd_ioreq.o
    0x0800452c   0x0800452c   0x00000016   Code   RO         6297    i.USBD_CtlError     usbd_ctlreq.o
    0x08004542   0x08004542   0x0000001e   Code   RO         6375    i.USBD_CtlPrepareRx  usbd_ioreq.o
    0x08004560   0x08004560   0x00000016   Code   RO         6376    i.USBD_CtlReceiveStatus  usbd_ioreq.o
    0x08004576   0x08004576   0x0000001a   Code   RO         6377    i.USBD_CtlSendData  usbd_ioreq.o
    0x08004590   0x08004590   0x00000016   Code   RO         6378    i.USBD_CtlSendStatus  usbd_ioreq.o
    0x080045a6   0x080045a6   0x000000e6   Code   RO         6298    i.USBD_GetDescriptor  usbd_ctlreq.o
    0x0800468c   0x0800468c   0x0000004a   Code   RO         6299    i.USBD_GetString    usbd_ctlreq.o
    0x080046d6   0x080046d6   0x00000018   Code   RO         1080    i.USBD_Get_USB_Status  usbd_conf.o
    0x080046ee   0x080046ee   0x00000002   PAD
    0x080046f0   0x080046f0   0x00000020   Code   RO          930    i.USBD_HS_ConfigStrDescriptor  usbd_desc.o
    0x08004710   0x08004710   0x0000000c   Code   RO          931    i.USBD_HS_DeviceDescriptor  usbd_desc.o
    0x0800471c   0x0800471c   0x00000024   Code   RO          932    i.USBD_HS_InterfaceStrDescriptor  usbd_desc.o
    0x08004740   0x08004740   0x0000000c   Code   RO          933    i.USBD_HS_LangIDStrDescriptor  usbd_desc.o
    0x0800474c   0x0800474c   0x00000028   Code   RO          934    i.USBD_HS_ManufacturerStrDescriptor  usbd_desc.o
    0x08004774   0x08004774   0x0000002c   Code   RO          935    i.USBD_HS_ProductStrDescriptor  usbd_desc.o
    0x080047a0   0x080047a0   0x0000003c   Code   RO          936    i.USBD_HS_SerialStrDescriptor  usbd_desc.o
    0x080047dc   0x080047dc   0x00000026   Code   RO         6156    i.USBD_Init         usbd_core.o
    0x08004802   0x08004802   0x00000012   Code   RO         1081    i.USBD_LL_ClearStallEP  usbd_conf.o
    0x08004814   0x08004814   0x00000012   Code   RO         1082    i.USBD_LL_CloseEP   usbd_conf.o
    0x08004826   0x08004826   0x000000a8   Code   RO         6157    i.USBD_LL_DataInStage  usbd_core.o
    0x080048ce   0x080048ce   0x0000006c   Code   RO         6158    i.USBD_LL_DataOutStage  usbd_core.o
    0x0800493a   0x0800493a   0x00000004   Code   RO         6159    i.USBD_LL_DevConnected  usbd_core.o
    0x0800493e   0x0800493e   0x0000001a   Code   RO         6160    i.USBD_LL_DevDisconnected  usbd_core.o
    0x08004958   0x08004958   0x00000008   Code   RO         1086    i.USBD_LL_GetRxDataSize  usbd_conf.o
    0x08004960   0x08004960   0x0000006c   Code   RO         1087    i.USBD_LL_Init      usbd_conf.o
    0x080049cc   0x080049cc   0x00000020   Code   RO         1088    i.USBD_LL_IsStallEP  usbd_conf.o
    0x080049ec   0x080049ec   0x00000020   Code   RO         6161    i.USBD_LL_IsoINIncomplete  usbd_core.o
    0x08004a0c   0x08004a0c   0x00000020   Code   RO         6162    i.USBD_LL_IsoOUTIncomplete  usbd_core.o
    0x08004a2c   0x08004a2c   0x00000018   Code   RO         1089    i.USBD_LL_OpenEP    usbd_conf.o
    0x08004a44   0x08004a44   0x00000012   Code   RO         1090    i.USBD_LL_PrepareReceive  usbd_conf.o
    0x08004a56   0x08004a56   0x0000005a   Code   RO         6163    i.USBD_LL_Reset     usbd_core.o
    0x08004ab0   0x08004ab0   0x00000014   Code   RO         6164    i.USBD_LL_Resume    usbd_core.o
    0x08004ac4   0x08004ac4   0x00000020   Code   RO         6165    i.USBD_LL_SOF       usbd_core.o
    0x08004ae4   0x08004ae4   0x00000006   Code   RO         6166    i.USBD_LL_SetSpeed  usbd_core.o
    0x08004aea   0x08004aea   0x00000012   Code   RO         1091    i.USBD_LL_SetUSBAddress  usbd_conf.o
    0x08004afc   0x08004afc   0x00000060   Code   RO         6167    i.USBD_LL_SetupStage  usbd_core.o
    0x08004b5c   0x08004b5c   0x00000012   Code   RO         1092    i.USBD_LL_StallEP   usbd_conf.o
    0x08004b6e   0x08004b6e   0x00000012   Code   RO         1093    i.USBD_LL_Start     usbd_conf.o
    0x08004b80   0x08004b80   0x00000012   Code   RO         6168    i.USBD_LL_Suspend   usbd_core.o
    0x08004b92   0x08004b92   0x00000012   Code   RO         1095    i.USBD_LL_Transmit  usbd_conf.o
    0x08004ba4   0x08004ba4   0x0000002a   Code   RO         6300    i.USBD_ParseSetupRequest  usbd_ctlreq.o
    0x08004bce   0x08004bce   0x00000024   Code   RO         6169    i.USBD_RegisterClass  usbd_core.o
    0x08004bf2   0x08004bf2   0x00000014   Code   RO         6171    i.USBD_SetClassConfig  usbd_core.o
    0x08004c06   0x08004c06   0x00000002   PAD
    0x08004c08   0x08004c08   0x000000bc   Code   RO         6301    i.USBD_SetConfig    usbd_ctlreq.o
    0x08004cc4   0x08004cc4   0x00000004   Code   RO         6172    i.USBD_Start        usbd_core.o
    0x08004cc8   0x08004cc8   0x00000116   Code   RO         6302    i.USBD_StdDevReq    usbd_ctlreq.o
    0x08004dde   0x08004dde   0x00000140   Code   RO         6303    i.USBD_StdEPReq     usbd_ctlreq.o
    0x08004f1e   0x08004f1e   0x00000054   Code   RO         6304    i.USBD_StdItfReq    usbd_ctlreq.o
    0x08004f72   0x08004f72   0x00000002   Code   RO         1096    i.USBD_static_free  usbd_conf.o
    0x08004f74   0x08004f74   0x00000008   Code   RO         1097    i.USBD_static_malloc  usbd_conf.o
    0x08004f7c   0x08004f7c   0x00000080   Code   RO         1583    i.USB_ActivateEndpoint  stm32h7xx_ll_usb.o
    0x08004ffc   0x08004ffc   0x0000001c   Code   RO         1585    i.USB_ActivateSetup  stm32h7xx_ll_usb.o
    0x08005018   0x08005018   0x00000088   Code   RO         1587    i.USB_CoreInit      stm32h7xx_ll_usb.o
    0x080050a0   0x080050a0   0x00000040   Code   RO         1588    i.USB_CoreReset     stm32h7xx_ll_usb.o
    0x080050e0   0x080050e0   0x000000cc   Code   RO         1591    i.USB_DeactivateEndpoint  stm32h7xx_ll_usb.o
    0x080051ac   0x080051ac   0x0000001c   Code   RO         1592    i.USB_DevConnect    stm32h7xx_ll_usb.o
    0x080051c8   0x080051c8   0x0000001c   Code   RO         1593    i.USB_DevDisconnect  stm32h7xx_ll_usb.o
    0x080051e4   0x080051e4   0x00000178   Code   RO         1594    i.USB_DevInit       stm32h7xx_ll_usb.o
    0x0800535c   0x0800535c   0x0000000c   Code   RO         1595    i.USB_DisableGlobalInt  stm32h7xx_ll_usb.o
    0x08005368   0x08005368   0x0000011c   Code   RO         1598    i.USB_EP0StartXfer  stm32h7xx_ll_usb.o
    0x08005484   0x08005484   0x00000058   Code   RO         1599    i.USB_EP0_OutStart  stm32h7xx_ll_usb.o
    0x080054dc   0x080054dc   0x00000058   Code   RO         1600    i.USB_EPClearStall  stm32h7xx_ll_usb.o
    0x08005534   0x08005534   0x00000058   Code   RO         1601    i.USB_EPSetStall    stm32h7xx_ll_usb.o
    0x0800558c   0x0800558c   0x000001e8   Code   RO         1602    i.USB_EPStartXfer   stm32h7xx_ll_usb.o
    0x08005774   0x08005774   0x0000000c   Code   RO         1604    i.USB_EnableGlobalInt  stm32h7xx_ll_usb.o
    0x08005780   0x08005780   0x0000003c   Code   RO         1605    i.USB_FlushRxFifo   stm32h7xx_ll_usb.o
    0x080057bc   0x080057bc   0x00000040   Code   RO         1606    i.USB_FlushTxFifo   stm32h7xx_ll_usb.o
    0x080057fc   0x080057fc   0x0000001a   Code   RO         1608    i.USB_GetDevSpeed   stm32h7xx_ll_usb.o
    0x08005816   0x08005816   0x00000008   Code   RO         1610    i.USB_GetMode       stm32h7xx_ll_usb.o
    0x0800581e   0x0800581e   0x0000000e   Code   RO         1617    i.USB_ReadDevAllInEpInterrupt  stm32h7xx_ll_usb.o
    0x0800582c   0x0800582c   0x0000000e   Code   RO         1618    i.USB_ReadDevAllOutEpInterrupt  stm32h7xx_ll_usb.o
    0x0800583a   0x0800583a   0x00000024   Code   RO         1619    i.USB_ReadDevInEPInterrupt  stm32h7xx_ll_usb.o
    0x0800585e   0x0800585e   0x00000010   Code   RO         1620    i.USB_ReadDevOutEPInterrupt  stm32h7xx_ll_usb.o
    0x0800586e   0x0800586e   0x00000008   Code   RO         1621    i.USB_ReadInterrupts  stm32h7xx_ll_usb.o
    0x08005876   0x08005876   0x00000040   Code   RO         1622    i.USB_ReadPacket    stm32h7xx_ll_usb.o
    0x080058b6   0x080058b6   0x0000005e   Code   RO         1624    i.USB_SetCurrentMode  stm32h7xx_ll_usb.o
    0x08005914   0x08005914   0x00000022   Code   RO         1625    i.USB_SetDevAddress  stm32h7xx_ll_usb.o
    0x08005936   0x08005936   0x00000002   PAD
    0x08005938   0x08005938   0x000000e8   Code   RO         1627    i.USB_SetTurnaroundTime  stm32h7xx_ll_usb.o
    0x08005a20   0x08005a20   0x00000028   Code   RO         1630    i.USB_WritePacket   stm32h7xx_ll_usb.o
    0x08005a48   0x08005a48   0x00000002   Code   RO          792    i.UsageFault_Handler  stm32h7xx_it.o
    0x08005a4a   0x08005a4a   0x00000022   Code   RO         3233    i.__NVIC_SetPriority  stm32h7xx_hal_cortex.o
    0x08005a6c   0x08005a6c   0x0000002c   Code   RO          557    i.main              main.o
    0x08005a98   0x08005a98   0x0000000a   Code   RO         6826    x$fpl$fpinit        fz_wv.l(fpinit.o)
    0x08005aa2   0x08005aa2   0x00000018   Data   RO         5654    .constdata          stm32h7xx_hal_uart.o
    0x08005aba   0x08005aba   0x00000010   Data   RO         6019    .constdata          stm32h7xx_hal_uart_ex.o
    0x08005aca   0x08005aca   0x00000010   Data   RO         6119    .constdata          system_stm32h7xx.o
    0x08005ada   0x08005ada   0x00000002   PAD
    0x08005adc   0x08005adc   0x00000020   Data   RO         6912    Region$$Table       anon$$obj.o


    Execution Region RW_IRAM1 (Exec base: 0x20000000, Load base: 0x08005afc, Size: 0x00000000, Max: 0x00020000, ABSOLUTE)

    **** No section assigned to this execution region ****


    Execution Region RW_IRAM2 (Exec base: 0x24000000, Load base: 0x08005afc, Size: 0x000024d8, Max: 0x00080000, ABSOLUTE, COMPRESSED[0x000000c8])

    Exec Addr    Load Addr    Size         Type   Attr      Idx    E Section Name        Object

    0x24000000   COMPRESSED   0x00000002   Data   RW          518    .data               uapp_other.o
    0x24000002   COMPRESSED   0x00000002   PAD
    0x24000004   COMPRESSED   0x0000001c   Data   RW          938    .data               usbd_desc.o
    0x24000020   COMPRESSED   0x00000032   Data   RW          939    .data               usbd_desc.o
    0x24000052   COMPRESSED   0x00000002   PAD
    0x24000054   COMPRESSED   0x00000014   Data   RW         1013    .data               usbd_cdc_if.o
    0x24000068   COMPRESSED   0x0000000c   Data   RW         3403    .data               stm32h7xx_hal.o
    0x24000074   COMPRESSED   0x00000008   Data   RW         6120    .data               system_stm32h7xx.o
    0x2400007c   COMPRESSED   0x00000001   Data   RW         6305    .data               usbd_ctlreq.o
    0x2400007d   COMPRESSED   0x00000003   PAD
    0x24000080   COMPRESSED   0x000000d7   Data   RW         6452    .data               usbd_cdc.o
    0x24000157   COMPRESSED   0x00000001   PAD
    0x24000158   COMPRESSED   0x00000038   Data   RW         6453    .data               usbd_cdc.o
    0x24000190        -       0x00000110   Zero   RW          654    .bss                spi.o
    0x240002a0        -       0x0000004c   Zero   RW          701    .bss                tim.o
    0x240002ec        -       0x00000090   Zero   RW          743    .bss                usart.o
    0x2400037c        -       0x000002d0   Zero   RW          895    .bss                usb_device.o
    0x2400064c        -       0x00000200   Zero   RW          937    .bss                usbd_desc.o
    0x2400084c        -       0x00001000   Zero   RW         1012    .bss                usbd_cdc_if.o
    0x2400184c        -       0x00000628   Zero   RW         1098    .bss                usbd_conf.o
    0x24001e74        -       0x00000060   Zero   RW         6768    .bss                c_w.l(libspace.o)
    0x24001ed4   COMPRESSED   0x00000004   PAD
    0x24001ed8        -       0x00000200   Zero   RW          545    HEAP                startup_stm32h750xx.o
    0x240020d8        -       0x00000400   Zero   RW          544    STACK               startup_stm32h750xx.o


==============================================================================

Image component sizes


      Code (inc. data)   RO Data    RW Data    ZI Data      Debug   Object Name

       372         28          0          0          0       1223   gpio.o
       252         22          0          0          0       2768   main.o
       480         42          0          0        272       2630   spi.o
        64         26        664          0       1536        800   startup_stm32h750xx.o
       232         44          0         12          0      23320   stm32h7xx_hal.o
       198         12          0          0          0      39535   stm32h7xx_hal_cortex.o
       566         50          0          0          0       2280   stm32h7xx_hal_gpio.o
        28          6          0          0          0        906   stm32h7xx_hal_msp.o
      2384         16          0          0          0      12901   stm32h7xx_hal_pcd.o
       120          6          0          0          0       3235   stm32h7xx_hal_pcd_ex.o
       100         10          0          0          0       1334   stm32h7xx_hal_pwr_ex.o
      2384        108          0          0          0       7060   stm32h7xx_hal_rcc.o
      3518        112          0          0          0       7809   stm32h7xx_hal_rcc_ex.o
       344         14          0          0          0       1671   stm32h7xx_hal_spi.o
      1188         84          0          0          0      10169   stm32h7xx_hal_tim.o
       170         30          0          0          0       3140   stm32h7xx_hal_tim_ex.o
      1544        106         24          0          0      24742   stm32h7xx_hal_uart.o
       284          6         16          0          0       3753   stm32h7xx_hal_uart_ex.o
        44         12          0          0          0       4953   stm32h7xx_it.o
      2762        136          0          0          0      22906   stm32h7xx_ll_usb.o
       220         40         16          8          0       1462   system_stm32h7xx.o
       168         20          0          0         76       1780   tim.o
         0          0          0          0          0    1320987   uapp_ad7768.o
        52          8          0          2          0        683   uapp_other.o
       232         22          0          0        144       1870   usart.o
        84         18          0          0        720        776   usb_device.o
       754         16          0        271          0      12871   usbd_cdc.o
        72         16          0         20       4096       3274   usbd_cdc_if.o
       704         28          0          0       1576      16656   usbd_conf.o
       746          0          0          0          0      12509   usbd_core.o
      1248         28          0          1          0      14424   usbd_ctlreq.o
       292        106          0         78        512       6193   usbd_desc.o
       132          0          0          0          0       4576   usbd_ioreq.o

    ----------------------------------------------------------------------
     21764       1172        754        400       8932    1575196   Object Totals
         0          0         32          0          0          0   (incl. Generated)
        26          0          2          8          0          0   (incl. Padding)

    ----------------------------------------------------------------------

      Code (inc. data)   RO Data    RW Data    ZI Data      Debug   Library Member Name

        90          0          0          0          0          0   __dczerorl2.o
         8          0          0          0          0         68   __main.o
         0          0          0          0          0          0   __rtentry.o
        12          0          0          0          0          0   __rtentry2.o
         6          0          0          0          0          0   __rtentry4.o
        52          8          0          0          0          0   __scatter.o
        28          0          0          0          0          0   __scatter_zi.o
        18          0          0          0          0         80   exit.o
         6          0          0          0          0        152   heapauxi.o
         0          0          0          0          0          0   indicate_semi.o
         2          0          0          0          0          0   libinit.o
         6          0          0          0          0          0   libinit2.o
         2          0          0          0          0          0   libshutdown.o
         2          0          0          0          0          0   libshutdown2.o
         8          4          0          0         96         68   libspace.o
       238          0          0          0          0        100   lludivv7m.o
        78          0          0          0          0         80   rt_memclr_w.o
       100          0          0          0          0         80   rt_memcpy_w.o
         2          0          0          0          0          0   rtexit.o
        10          0          0          0          0          0   rtexit2.o
        12          4          0          0          0         68   sys_exit.o
        74          0          0          0          0         80   sys_stackheap_outer.o
         2          0          0          0          0         68   use_no_semi.o
        10          0          0          0          0        116   fpinit.o

    ----------------------------------------------------------------------
       774         16          0          0        100        960   Library Totals
         8          0          0          0          4          0   (incl. Padding)

    ----------------------------------------------------------------------

      Code (inc. data)   RO Data    RW Data    ZI Data      Debug   Library Name

       756         16          0          0         96        844   c_w.l
        10          0          0          0          0        116   fz_wv.l

    ----------------------------------------------------------------------
       774         16          0          0        100        960   Library Totals

    ----------------------------------------------------------------------

==============================================================================


      Code (inc. data)   RO Data    RW Data    ZI Data      Debug   

     22538       1188        754        400       9032    1555644   Grand Totals
     22538       1188        754        200       9032    1555644   ELF Image Totals (compressed)
     22538       1188        754        200          0          0   ROM Totals

==============================================================================

    Total RO  Size (Code + RO Data)                23292 (  22.75kB)
    Total RW  Size (RW Data + ZI Data)              9432 (   9.21kB)
    Total ROM Size (Code + RO Data + RW Data)      23492 (  22.94kB)

==============================================================================

