Component: ARM Compiler 5.06 update 7 (build 960) Tool: armlink [4d3601]

==============================================================================

Section Cross References

    uapp_ad7768.o(i.Fill_reg_List) refers to uapp_ad7768.o(i.ad7768_read_cmd) for ad7768_read_cmd
    uapp_ad7768.o(i.Fill_reg_List) refers to stm32h7xx_hal_gpio.o(i.HAL_GPIO_WritePin) for HAL_GPIO_WritePin
    uapp_ad7768.o(i.Fill_reg_List) refers to uapp_ad7768.o(.bss) for .bss
    uapp_ad7768.o(i.HAL_GPIO_EXTI_Callback) refers to stm32h7xx_hal_spi.o(i.HAL_SPI_Receive) for HAL_SPI_Receive
    uapp_ad7768.o(i.HAL_GPIO_EXTI_Callback) refers to stm32h7xx_hal_uart.o(i.HAL_UART_Transmit) for HAL_UART_Transmit
    uapp_ad7768.o(i.HAL_GPIO_EXTI_Callback) refers to main.o(i.Error_Handler) for Error_Handler
    uapp_ad7768.o(i.HAL_GPIO_EXTI_Callback) refers to uapp_ad7768.o(.bss) for .bss
    uapp_ad7768.o(i.HAL_GPIO_EXTI_Callback) refers to spi.o(.bss) for hspi4
    uapp_ad7768.o(i.HAL_GPIO_EXTI_Callback) refers to uapp_ad7768.o(.data) for .data
    uapp_ad7768.o(i.HAL_GPIO_EXTI_Callback) refers to usart.o(.bss) for huart3
    uapp_ad7768.o(i.ad7768_gain_set) refers to uapp_ad7768.o(i.add7768_write_cmd) for add7768_write_cmd
    uapp_ad7768.o(i.ad7768_rate_set) refers to uapp_ad7768.o(i.ad7768_set_power_mode) for ad7768_set_power_mode
    uapp_ad7768.o(i.ad7768_rate_set) refers to uapp_ad7768.o(i.ad7768_set_mclk_div) for ad7768_set_mclk_div
    uapp_ad7768.o(i.ad7768_rate_set) refers to uapp_ad7768.o(i.ad7768_set_dclk_div) for ad7768_set_dclk_div
    uapp_ad7768.o(i.ad7768_rate_set) refers to uapp_ad7768.o(i.ad7768_set_mode_config) for ad7768_set_mode_config
    uapp_ad7768.o(i.ad7768_rate_set) refers to uapp_ad7768.o(.bss) for .bss
    uapp_ad7768.o(i.ad7768_read_cmd) refers to stm32h7xx_hal_gpio.o(i.HAL_GPIO_WritePin) for HAL_GPIO_WritePin
    uapp_ad7768.o(i.ad7768_read_cmd) refers to stm32h7xx_hal_spi.o(i.HAL_SPI_TransmitReceive) for HAL_SPI_TransmitReceive
    uapp_ad7768.o(i.ad7768_read_cmd) refers to spi.o(.bss) for hspi1
    uapp_ad7768.o(i.ad7768_reset) refers to stm32h7xx_hal_gpio.o(i.HAL_GPIO_WritePin) for HAL_GPIO_WritePin
    uapp_ad7768.o(i.ad7768_reset) refers to stm32h7xx_hal.o(i.HAL_Delay) for HAL_Delay
    uapp_ad7768.o(i.ad7768_reset) refers to uapp_ad7768.o(i.ad7768_set_sleep_mode) for ad7768_set_sleep_mode
    uapp_ad7768.o(i.ad7768_reset) refers to uapp_ad7768.o(i.ad7768_set_mclk_div) for ad7768_set_mclk_div
    uapp_ad7768.o(i.ad7768_reset) refers to uapp_ad7768.o(i.ad7768_set_crc_sel) for ad7768_set_crc_sel
    uapp_ad7768.o(i.ad7768_reset) refers to uapp_ad7768.o(i.ad7768_set_power_mode) for ad7768_set_power_mode
    uapp_ad7768.o(i.ad7768_reset) refers to uapp_ad7768.o(i.ad7768_set_dclk_div) for ad7768_set_dclk_div
    uapp_ad7768.o(i.ad7768_reset) refers to uapp_ad7768.o(i.ad7768_set_conv_op) for ad7768_set_conv_op
    uapp_ad7768.o(i.ad7768_reset) refers to uapp_ad7768.o(i.ad7768_set_mode_config) for ad7768_set_mode_config
    uapp_ad7768.o(i.ad7768_reset) refers to uapp_ad7768.o(.bss) for .bss
    uapp_ad7768.o(i.ad7768_set_ch_mode) refers to uapp_ad7768.o(i.ad7768_spi_write_mask) for ad7768_spi_write_mask
    uapp_ad7768.o(i.ad7768_set_ch_state) refers to uapp_ad7768.o(i.ad7768_spi_write_mask) for ad7768_spi_write_mask
    uapp_ad7768.o(i.ad7768_set_conv_op) refers to uapp_ad7768.o(i.ad7768_set_mode_pins) for ad7768_set_mode_pins
    uapp_ad7768.o(i.ad7768_set_conv_op) refers to uapp_ad7768.o(i.ad7768_spi_write_mask) for ad7768_spi_write_mask
    uapp_ad7768.o(i.ad7768_set_conv_op) refers to noretval__2printf.o(.text) for __2printf
    uapp_ad7768.o(i.ad7768_set_conv_op) refers to uapp_ad7768.o(.constdata) for .constdata
    uapp_ad7768.o(i.ad7768_set_crc_sel) refers to uapp_ad7768.o(i.ad7768_spi_write_mask) for ad7768_spi_write_mask
    uapp_ad7768.o(i.ad7768_set_dclk_div) refers to uapp_ad7768.o(i.ad7768_set_mode_pins) for ad7768_set_mode_pins
    uapp_ad7768.o(i.ad7768_set_dclk_div) refers to uapp_ad7768.o(i.ad7768_spi_write_mask) for ad7768_spi_write_mask
    uapp_ad7768.o(i.ad7768_set_dclk_div) refers to noretval__2printf.o(.text) for __2printf
    uapp_ad7768.o(i.ad7768_set_dclk_div) refers to uapp_ad7768.o(.constdata) for .constdata
    uapp_ad7768.o(i.ad7768_set_mclk_div) refers to uapp_ad7768.o(i.ad7768_spi_write_mask) for ad7768_spi_write_mask
    uapp_ad7768.o(i.ad7768_set_mode_config) refers to uapp_ad7768.o(i.ad7768_spi_write) for ad7768_spi_write
    uapp_ad7768.o(i.ad7768_set_mode_pins) refers to ugpio.o(i.gpio_set_value) for gpio_set_value
    uapp_ad7768.o(i.ad7768_set_mode_pins) refers to noretval__2printf.o(.text) for __2printf
    uapp_ad7768.o(i.ad7768_set_power_mode) refers to uapp_ad7768.o(i.ad7768_set_mode_pins) for ad7768_set_mode_pins
    uapp_ad7768.o(i.ad7768_set_power_mode) refers to uapp_ad7768.o(i.ad7768_spi_write_mask) for ad7768_spi_write_mask
    uapp_ad7768.o(i.ad7768_set_power_mode) refers to noretval__2printf.o(.text) for __2printf
[...]
    .bss                                     0x24002378   Section       96  libspace.o(.bss)
    HEAP                                     0x240023d8   Section      512  startup_stm32h750xx.o(HEAP)
    Heap_Mem                                 0x240023d8   Data         512  startup_stm32h750xx.o(HEAP)
    STACK                                    0x240025d8   Section     1024  startup_stm32h750xx.o(STACK)
    Stack_Mem                                0x240025d8   Data        1024  startup_stm32h750xx.o(STACK)
    __initial_sp                             0x240029d8   Data           0  startup_stm32h750xx.o(STACK)

    Global Symbols

    Symbol Name                              Value     Ov Type        Size  Object(Section)

    BuildAttributes$$THM_ISAv4$E$P$D$K$B$S$7EM$VFPv5_D16$PE$PLD8$A:L22UL41UL21$X:L11$S22US41US21$IEEE1$IW$USESV6$~STKCKD$USESV7$~SHL$OTIME$ROPI$EBA8$UX$STANDARDLIB$REQ8$PRES8$EABIv2 0x00000000   Number         0  anon$$obj.o ABSOLUTE
    __ARM_use_no_argv                        0x00000000   Number         0  main.o ABSOLUTE
    __ARM_exceptions_init                     - Undefined Weak Reference
    __alloca_initialize                       - Undefined Weak Reference
    __arm_fini_                               - Undefined Weak Reference
    __arm_preinit_                            - Undefined Weak Reference
    __cpp_initialize__aeabi_                  - Undefined Weak Reference
    __cxa_finalize                            - Undefined Weak Reference
    __rt_locale                               - Undefined Weak Reference
    __sigvec_lookup                           - Undefined Weak Reference
    __user_heap_extent                        - Undefined Weak Reference
    _atexit_init                              - Undefined Weak Reference
    _call_atexit_fns                          - Undefined Weak Reference
    _clock_init                               - Undefined Weak Reference
    _fp_trap_init                             - Undefined Weak Reference
    _fp_trap_shutdown                         - Undefined Weak Reference
    _get_lc_collate                           - Undefined Weak Reference
    _get_lc_ctype                             - Undefined Weak Reference
    _get_lc_monetary                          - Undefined Weak Reference
    _get_lc_numeric                           - Undefined Weak Reference
    _get_lc_time                              - Undefined Weak Reference
    _getenv_init                              - Undefined Weak Reference
    _handle_redirection                       - Undefined Weak Reference
    _mutex_acquire                            - Undefined Weak Reference
    _mutex_free                               - Undefined Weak Reference
    _mutex_release                            - Undefined Weak Reference
    _rand_init                                - Undefined Weak Reference
    _signal_finish                            - Undefined Weak Reference
    _signal_init                              - Undefined Weak Reference
    __Vectors_Size                           0x00000298   Number         0  startup_stm32h750xx.o ABSOLUTE
    __Vectors                                0x08000000   Data           4  startup_stm32h750xx.o(RESET)
    __Vectors_End                            0x08000298   Data           0  startup_stm32h750xx.o(RESET)
    __main                                   0x08000299   Thumb Code     8  __main.o(!!!main)
    __scatterload                            0x080002a1   Thumb Code     0  __scatter.o(!!!scatter)
    __scatterload_rt2                        0x080002a1   Thumb Code    44  __scatter.o(!!!scatter)
    __scatterload_rt2_thumb_only             0x080002a1   Thumb Code     0  __scatter.o(!!!scatter)
    __scatterload_null                       0x080002af   Thumb Code     0  __scatter.o(!!!scatter)
    __decompress                             0x080002d5   Thumb Code    90  __dczerorl2.o(!!dczerorl2)
    __decompress1                            0x080002d5   Thumb Code     0  __dczerorl2.o(!!dczerorl2)
    __scatterload_zeroinit                   0x08000331   Thumb Code    28  __scatter_zi.o(!!handler_zi)
    __rt_lib_init                            0x0800034d   Thumb Code     0  libinit.o(.ARM.Collect$$libinit$$00000000)
    __rt_lib_init_fp_1                       0x0800034f   Thumb Code     0  libinit2.o(.ARM.Collect$$libinit$$00000001)
    __rt_lib_init_alloca_1                   0x08000353   Thumb Code     0  libinit2.o(.ARM.Collect$$libinit$$0000002E)
    __rt_lib_init_argv_1                     0x08000353   Thumb Code     0  libinit2.o(.ARM.Collect$$libinit$$0000002C)
    __rt_lib_init_atexit_1                   0x08000353   Thumb Code     0  libinit2.o(.ARM.Collect$$libinit$$0000001B)
    __rt_lib_init_clock_1                    0x08000353   Thumb Code     0  libinit2.o(.ARM.Collect$$libinit$$00000021)
    __rt_lib_init_cpp_1                      0x08000353   Thumb Code     0  libinit2.o(.ARM.Collect$$libinit$$00000032)
    __rt_lib_init_exceptions_1               0x08000353   Thumb Code     0  libinit2.o(.ARM.Collect$$libinit$$00000030)
    __rt_lib_init_fp_trap_1                  0x08000353   Thumb Code     0  libinit2.o(.ARM.Collect$$libinit$$0000001F)
    __rt_lib_init_getenv_1                   0x08000353   Thumb Code     0  libinit2.o(.ARM.Collect$$libinit$$00000023)
    __rt_lib_init_heap_1                     0x08000353   Thumb Code     0  libinit2.o(.ARM.Collect$$libinit$$0000000A)
    __rt_lib_init_lc_collate_1               0x08000353   Thumb Code     0  libinit2.o(.ARM.Collect$$libinit$$00000011)
    __rt_lib_init_lc_ctype_1                 0x08000353   Thumb Code     0  libinit2.o(.ARM.Collect$$libinit$$00000013)
    __rt_lib_init_lc_monetary_1              0x08000353   Thumb Code     0  libinit2.o(.ARM.Collect$$libinit$$00000015)
    __rt_lib_init_lc_numeric_1               0x08000353   Thumb Code     0  libinit2.o(.ARM.Collect$$libinit$$00000017)
    __rt_lib_init_lc_time_1                  0x08000353   Thumb Code     0  libinit2.o(.ARM.Collect$$libinit$$00000019)
    __rt_lib_init_preinit_1                  0x08000353   Thumb Code     0  libinit2.o(.ARM.Collect$$libinit$$00000004)
    __rt_lib_init_rand_1                     0x08000353   Thumb Code     0  libinit2.o(.ARM.Collect$$libinit$$0000000E)
    __rt_lib_init_return                     0x08000353   Thumb Code     0  libinit2.o(.ARM.Collect$$libinit$$00000033)
    __rt_lib_init_signal_1                   0x08000353   Thumb Code     0  libinit2.o(.ARM.Collect$$libinit$$0000001D)
    __rt_lib_init_stdio_1                    0x08000353   Thumb Code     0  libinit2.o(.ARM.Collect$$libinit$$00000025)
    __rt_lib_init_user_alloc_1               0x08000353   Thumb Code     0  libinit2.o(.ARM.Collect$$libinit$$0000000C)
    __rt_lib_shutdown                        0x08000355   Thumb Code     0  libshutdown.o(.ARM.Collect$$libshutdown$$00000000)
    __rt_lib_shutdown_cpp_1                  0x08000357   Thumb Code     0  libshutdown2.o(.ARM.Collect$$libshutdown$$00000004)
    __rt_lib_shutdown_fini_1                 0x08000357   Thumb Code     0  libshutdown2.o(.ARM.Collect$$libshutdown$$00000002)
    __rt_lib_shutdown_fp_trap_1              0x08000357   Thumb Code     0  libshutdown2.o(.ARM.Collect$$libshutdown$$00000009)
    __rt_lib_shutdown_heap_1                 0x08000357   Thumb Code     0  libshutdown2.o(.ARM.Collect$$libshutdown$$00000011)
    __rt_lib_shutdown_return                 0x08000357   Thumb Code     0  libshutdown2.o(.ARM.Collect$$libshutdown$$00000012)
    __rt_lib_shutdown_signal_1               0x08000357   Thumb Code     0  libshutdown2.o(.ARM.Collect$$libshutdown$$0000000C)
    __rt_lib_shutdown_stdio_1                0x08000357   Thumb Code     0  libshutdown2.o(.ARM.Collect$$libshutdown$$00000006)
    __rt_lib_shutdown_user_alloc_1           0x08000357   Thumb Code     0  libshutdown2.o(.ARM.Collect$$libshutdown$$0000000E)
    __rt_entry                               0x08000359   Thumb Code     0  __rtentry.o(.ARM.Collect$$rtentry$$00000000)
    __rt_entry_presh_1                       0x08000359   Thumb Code     0  __rtentry2.o(.ARM.Collect$$rtentry$$00000002)
    __rt_entry_sh                            0x08000359   Thumb Code     0  __rtentry4.o(.ARM.Collect$$rtentry$$00000004)
    __rt_entry_li                            0x0800035f   Thumb Code     0  __rtentry2.o(.ARM.Collect$$rtentry$$0000000A)
    __rt_entry_postsh_1                      0x0800035f   Thumb Code     0  __rtentry2.o(.ARM.Collect$$rtentry$$00000009)
    __rt_entry_main                          0x08000363   Thumb Code     0  __rtentry2.o(.ARM.Collect$$rtentry$$0000000D)
    __rt_entry_postli_1                      0x08000363   Thumb Code     0  __rtentry2.o(.ARM.Collect$$rtentry$$0000000C)
    __rt_exit                                0x0800036b   Thumb Code     0  rtexit.o(.ARM.Collect$$rtexit$$00000000)
    __rt_exit_ls                             0x0800036d   Thumb Code     0  rtexit2.o(.ARM.Collect$$rtexit$$00000003)
    __rt_exit_prels_1                        0x0800036d   Thumb Code     0  rtexit2.o(.ARM.Collect$$rtexit$$00000002)
    __rt_exit_exit                           0x08000371   Thumb Code     0  rtexit2.o(.ARM.Collect$$rtexit$$00000004)
    Reset_Handler                            0x08000379   Thumb Code     8  startup_stm32h750xx.o(.text)
    ADC3_IRQHandler                          0x08000393   Thumb Code     0  startup_stm32h750xx.o(.text)
    ADC_IRQHandler                           0x08000393   Thumb Code     0  startup_stm32h750xx.o(.text)
    BDMA_Channel0_IRQHandler                 0x08000393   Thumb Code     0  startup_stm32h750xx.o(.text)
    BDMA_Channel1_IRQHandler                 0x08000393   Thumb Code     0  startup_stm32h750xx.o(.text)
    BDMA_Channel2_IRQHandler                 0x08000393   Thumb Code     0  startup_stm32h750xx.o(.text)
    BDMA_Channel3_IRQHandler                 0x08000393   Thumb Code     0  startup_stm32h750xx.o(.text)
    BDMA_Channel4_IRQHandler                 0x08000393   Thumb Code     0  startup_stm32h750xx.o(.text)
    BDMA_Channel5_IRQHandler                 0x08000393   Thumb Code     0  startup_stm32h750xx.o(.text)
    BDMA_Channel6_IRQHandler                 0x08000393   Thumb Code     0  startup_stm32h750xx.o(.text)
    BDMA_Channel7_IRQHandler                 0x08000393   Thumb Code     0  startup_stm32h750xx.o(.text)
    CEC_IRQHandler                           0x08000393   Thumb Code     0  startup_stm32h750xx.o(.text)
    COMP1_IRQHandler                         0x08000393   Thumb Code     0  startup_stm32h750xx.o(.text)
    CRS_IRQHandler                           0x08000393   Thumb Code     0  startup_stm32h750xx.o(.text)
    CRYP_IRQHandler                          0x08000393   Thumb Code     0  startup_stm32h750xx.o(.text)
    DCMI_IRQHandler                          0x08000393   Thumb Code     0  startup_stm32h750xx.o(.text)
    DFSDM1_FLT0_IRQHandler                   0x08000393   Thumb Code     0  startup_stm32h750xx.o(.text)
    DFSDM1_FLT1_IRQHandler                   0x08000393   Thumb Code     0  startup_stm32h750xx.o(.text)
    DFSDM1_FLT2_IRQHandler                   0x08000393   Thumb Code     0  startup_stm32h750xx.o(.text)
    DFSDM1_FLT3_IRQHandler                   0x08000393   Thumb Code     0  startup_stm32h750xx.o(.text)
    DMA1_Stream0_IRQHandler                  0x08000393   Thumb Code     0  startup_stm32h750xx.o(.text)
    DMA1_Stream1_IRQHandler                  0x08000393   Thumb Code     0  startup_stm32h750xx.o(.text)
    DMA1_Stream2_IRQHandler                  0x08000393   Thumb Code     0  startup_stm32h750xx.o(.text)
    DMA1_Stream3_IRQHandler                  0x08000393   Thumb Code     0  startup_stm32h750xx.o(.text)
    DMA1_Stream4_IRQHandler                  0x08000393   Thumb Code     0  startup_stm32h750xx.o(.text)
    DMA1_Stream5_IRQHandler                  0x08000393   Thumb Code     0  startup_stm32h750xx.o(.text)
    DMA1_Stream6_IRQHandler                  0x08000393   Thumb Code     0  startup_stm32h750xx.o(.text)
    DMA1_Stream7_IRQHandler                  0x08000393   Thumb Code     0  startup_stm32h750xx.o(.text)
    DMA2D_IRQHandler                         0x08000393   Thumb Code     0  startup_stm32h750xx.o(.text)
    DMA2_Stream0_IRQHandler                  0x08000393   Thumb Code     0  startup_stm32h750xx.o(.text)
    DMA2_Stream1_IRQHandler                  0x08000393   Thumb Code     0  startup_stm32h750xx.o(.text)
    DMA2_Stream2_IRQHandler                  0x08000393   Thumb Code     0  startup_stm32h750xx.o(.text)
    DMA2_Stream3_IRQHandler                  0x08000393   Thumb Code     0  startup_stm32h750xx.o(.text)
    DMA2_Stream4_IRQHandler                  0x08000393   Thumb Code     0  startup_stm32h750xx.o(.text)
    DMA2_Stream5_IRQHandler                  0x08000393   Thumb Code     0  startup_stm32h750xx.o(.text)
    DMA2_Stream6_IRQHandler                  0x08000393   Thumb Code     0  startup_stm32h750xx.o(.text)
    DMA2_Stream7_IRQHandler                  0x08000393   Thumb Code     0  startup_stm32h750xx.o(.text)
    DMAMUX1_OVR_IRQHandler                   0x08000393   Thumb Code     0  startup_stm32h750xx.o(.text)
    DMAMUX2_OVR_IRQHandler                   0x08000393   Thumb Code     0  startup_stm32h750xx.o(.text)
    ECC_IRQHandler                           0x08000393   Thumb Code     0  startup_stm32h750xx.o(.text)
    ETH_IRQHandler                           0x08000393   Thumb Code     0  startup_stm32h750xx.o(.text)
    ETH_WKUP_IRQHandler                      0x08000393   Thumb Code     0  startup_stm32h750xx.o(.text)
    EXTI0_IRQHandler                         0x08000393   Thumb Code     0  startup_stm32h750xx.o(.text)
    EXTI15_10_IRQHandler                     0x08000393   Thumb Code     0  startup_stm32h750xx.o(.text)
    EXTI1_IRQHandler                         0x08000393   Thumb Code     0  startup_stm32h750xx.o(.text)
    EXTI2_IRQHandler                         0x08000393   Thumb Code     0  startup_stm32h750xx.o(.text)
    EXTI3_IRQHandler                         0x08000393   Thumb Code     0  startup_stm32h750xx.o(.text)
    EXTI4_IRQHandler                         0x08000393   Thumb Code     0  startup_stm32h750xx.o(.text)
    FDCAN1_IT0_IRQHandler                    0x08000393   Thumb Code     0  startup_stm32h750xx.o(.text)
    FDCAN1_IT1_IRQHandler                    0x08000393   Thumb Code     0  startup_stm32h750xx.o(.text)
    FDCAN2_IT0_IRQHandler                    0x08000393   Thumb Code     0  startup_stm32h750xx.o(.text)
    FDCAN2_IT1_IRQHandler                    0x08000393   Thumb Code     0  startup_stm32h750xx.o(.text)
    FDCAN_CAL_IRQHandler                     0x08000393   Thumb Code     0  startup_stm32h750xx.o(.text)
    FLASH_IRQHandler                         0x08000393   Thumb Code     0  startup_stm32h750xx.o(.text)
    FMC_IRQHandler                           0x08000393   Thumb Code     0  startup_stm32h750xx.o(.text)
    FPU_IRQHandler                           0x08000393   Thumb Code     0  startup_stm32h750xx.o(.text)
    HASH_RNG_IRQHandler                      0x08000393   Thumb Code     0  startup_stm32h750xx.o(.text)
    HRTIM1_FLT_IRQHandler                    0x08000393   Thumb Code     0  startup_stm32h750xx.o(.text)
    HRTIM1_Master_IRQHandler                 0x08000393   Thumb Code     0  startup_stm32h750xx.o(.text)
    HRTIM1_TIMA_IRQHandler                   0x08000393   Thumb Code     0  startup_stm32h750xx.o(.text)
    HRTIM1_TIMB_IRQHandler                   0x08000393   Thumb Code     0  startup_stm32h750xx.o(.text)
    HRTIM1_TIMC_IRQHandler                   0x08000393   Thumb Code     0  startup_stm32h750xx.o(.text)
    HRTIM1_TIMD_IRQHandler                   0x08000393   Thumb Code     0  startup_stm32h750xx.o(.text)
    HRTIM1_TIME_IRQHandler                   0x08000393   Thumb Code     0  startup_stm32h750xx.o(.text)
    HSEM1_IRQHandler                         0x08000393   Thumb Code     0  startup_stm32h750xx.o(.text)
    I2C1_ER_IRQHandler                       0x08000393   Thumb Code     0  startup_stm32h750xx.o(.text)
    I2C1_EV_IRQHandler                       0x08000393   Thumb Code     0  startup_stm32h750xx.o(.text)
    I2C2_ER_IRQHandler                       0x08000393   Thumb Code     0  startup_stm32h750xx.o(.text)
    I2C2_EV_IRQHandler                       0x08000393   Thumb Code     0  startup_stm32h750xx.o(.text)
    I2C3_ER_IRQHandler                       0x08000393   Thumb Code     0  startup_stm32h750xx.o(.text)
    I2C3_EV_IRQHandler                       0x08000393   Thumb Code     0  startup_stm32h750xx.o(.text)
    I2C4_ER_IRQHandler                       0x08000393   Thumb Code     0  startup_stm32h750xx.o(.text)
    I2C4_EV_IRQHandler                       0x08000393   Thumb Code     0  startup_stm32h750xx.o(.text)
    JPEG_IRQHandler                          0x08000393   Thumb Code     0  startup_stm32h750xx.o(.text)
    LPTIM1_IRQHandler                        0x08000393   Thumb Code     0  startup_stm32h750xx.o(.text)
    LPTIM2_IRQHandler                        0x08000393   Thumb Code     0  startup_stm32h750xx.o(.text)
    LPTIM3_IRQHandler                        0x08000393   Thumb Code     0  startup_stm32h750xx.o(.text)
    LPTIM4_IRQHandler                        0x08000393   Thumb Code     0  startup_stm32h750xx.o(.text)
    LPTIM5_IRQHandler                        0x08000393   Thumb Code     0  startup_stm32h750xx.o(.text)
    LPUART1_IRQHandler                       0x08000393   Thumb Code     0  startup_stm32h750xx.o(.text)
    LTDC_ER_IRQHandler                       0x08000393   Thumb Code     0  startup_stm32h750xx.o(.text)
    LTDC_IRQHandler                          0x08000393   Thumb Code     0  startup_stm32h750xx.o(.text)
    MDIOS_IRQHandler                         0x08000393   Thumb Code     0  startup_stm32h750xx.o(.text)
    MDIOS_WKUP_IRQHandler                    0x08000393   Thumb Code     0  startup_stm32h750xx.o(.text)
    MDMA_IRQHandler                          0x08000393   Thumb Code     0  startup_stm32h750xx.o(.text)
    OTG_FS_EP1_IN_IRQHandler                 0x08000393   Thumb Code     0  startup_stm32h750xx.o(.text)
    OTG_FS_EP1_OUT_IRQHandler                0x08000393   Thumb Code     0  startup_stm32h750xx.o(.text)
    OTG_FS_WKUP_IRQHandler                   0x08000393   Thumb Code     0  startup_stm32h750xx.o(.text)
    OTG_HS_EP1_IN_IRQHandler                 0x08000393   Thumb Code     0  startup_stm32h750xx.o(.text)
    OTG_HS_EP1_OUT_IRQHandler                0x08000393   Thumb Code     0  startup_stm32h750xx.o(.text)
    OTG_HS_IRQHandler                        0x08000393   Thumb Code     0  startup_stm32h750xx.o(.text)
    OTG_HS_WKUP_IRQHandler                   0x08000393   Thumb Code     0  startup_stm32h750xx.o(.text)
    PVD_AVD_IRQHandler                       0x08000393   Thumb Code     0  startup_stm32h750xx.o(.text)
    QUADSPI_IRQHandler                       0x08000393   Thumb Code     0  startup_stm32h750xx.o(.text)
    RCC_IRQHandler                           0x08000393   Thumb Code     0  startup_stm32h750xx.o(.text)
    RTC_Alarm_IRQHandler                     0x08000393   Thumb Code     0  startup_stm32h750xx.o(.text)
    RTC_WKUP_IRQHandler                      0x08000393   Thumb Code     0  startup_stm32h750xx.o(.text)
    SAI1_IRQHandler                          0x08000393   Thumb Code     0  startup_stm32h750xx.o(.text)
    SAI2_IRQHandler                          0x08000393   Thumb Code     0  startup_stm32h750xx.o(.text)
    SAI3_IRQHandler                          0x08000393   Thumb Code     0  startup_stm32h750xx.o(.text)
    SAI4_IRQHandler                          0x08000393   Thumb Code     0  startup_stm32h750xx.o(.text)
    SDMMC1_IRQHandler                        0x08000393   Thumb Code     0  startup_stm32h750xx.o(.text)
    SDMMC2_IRQHandler                        0x08000393   Thumb Code     0  startup_stm32h750xx.o(.text)
    SPDIF_RX_IRQHandler                      0x08000393   Thumb Code     0  startup_stm32h750xx.o(.text)
    SPI1_IRQHandler                          0x08000393   Thumb Code     0  startup_stm32h750xx.o(.text)
    SPI2_IRQHandler                          0x08000393   Thumb Code     0  startup_stm32h750xx.o(.text)
    SPI3_IRQHandler                          0x08000393   Thumb Code     0  startup_stm32h750xx.o(.text)
    SPI4_IRQHandler                          0x08000393   Thumb Code     0  startup_stm32h750xx.o(.text)
    SPI5_IRQHandler                          0x08000393   Thumb Code     0  startup_stm32h750xx.o(.text)
    SPI6_IRQHandler                          0x08000393   Thumb Code     0  startup_stm32h750xx.o(.text)
    SWPMI1_IRQHandler                        0x08000393   Thumb Code     0  startup_stm32h750xx.o(.text)
    TAMP_STAMP_IRQHandler                    0x08000393   Thumb Code     0  startup_stm32h750xx.o(.text)
    TIM16_IRQHandler                         0x08000393   Thumb Code     0  startup_stm32h750xx.o(.text)
    TIM17_IRQHandler                         0x08000393   Thumb Code     0  startup_stm32h750xx.o(.text)
    TIM1_BRK_IRQHandler                      0x08000393   Thumb Code     0  startup_stm32h750xx.o(.text)
    TIM1_CC_IRQHandler                       0x08000393   Thumb Code     0  startup_stm32h750xx.o(.text)
    TIM1_TRG_COM_IRQHandler                  0x08000393   Thumb Code     0  startup_stm32h750xx.o(.text)
    TIM1_UP_IRQHandler                       0x08000393   Thumb Code     0  startup_stm32h750xx.o(.text)
    TIM2_IRQHandler                          0x08000393   Thumb Code     0  startup_stm32h750xx.o(.text)
    TIM3_IRQHandler                          0x08000393   Thumb Code     0  startup_stm32h750xx.o(.text)
    TIM4_IRQHandler                          0x08000393   Thumb Code     0  startup_stm32h750xx.o(.text)
    TIM5_IRQHandler                          0x08000393   Thumb Code     0  startup_stm32h750xx.o(.text)
    TIM6_DAC_IRQHandler                      0x08000393   Thumb Code     0  startup_stm32h750xx.o(.text)
    TIM7_IRQHandler                          0x08000393   Thumb Code     0  startup_stm32h750xx.o(.text)
    TIM8_BRK_TIM12_IRQHandler                0x08000393   Thumb Code     0  startup_stm32h750xx.o(.text)
    TIM8_CC_IRQHandler                       0x08000393   Thumb Code     0  startup_stm32h750xx.o(.text)
    TIM8_TRG_COM_TIM14_IRQHandler            0x08000393   Thumb Code     0  startup_stm32h750xx.o(.text)
    TIM8_UP_TIM13_IRQHandler                 0x08000393   Thumb Code     0  startup_stm32h750xx.o(.text)
    UART4_IRQHandler                         0x08000393   Thumb Code     0  startup_stm32h750xx.o(.text)
    UART5_IRQHandler                         0x08000393   Thumb Code     0  startup_stm32h750xx.o(.text)
    UART7_IRQHandler                         0x08000393   Thumb Code     0  startup_stm32h750xx.o(.text)
    UART8_IRQHandler                         0x08000393   Thumb Code     0  startup_stm32h750xx.o(.text)
    USART1_IRQHandler                        0x08000393   Thumb Code     0  startup_stm32h750xx.o(.text)
    USART2_IRQHandler                        0x08000393   Thumb Code     0  startup_stm32h750xx.o(.text)
    USART3_IRQHandler                        0x08000393   Thumb Code     0  startup_stm32h750xx.o(.text)
    USART6_IRQHandler                        0x08000393   Thumb Code     0  startup_stm32h750xx.o(.text)
    WAKEUP_PIN_IRQHandler                    0x08000393   Thumb Code     0  startup_stm32h750xx.o(.text)
    WWDG_IRQHandler                          0x08000393   Thumb Code     0  startup_stm32h750xx.o(.text)
    __user_initial_stackheap                 0x08000395   Thumb Code     0  startup_stm32h750xx.o(.text)
    __aeabi_uldivmod                         0x080003b9   Thumb Code     0  lludivv7m.o(.text)
    _ll_udiv                                 0x080003b9   Thumb Code   238  lludivv7m.o(.text)
    __aeabi_memcpy4                          0x080004a7   Thumb Code     0  rt_memcpy_w.o(.text)
    __aeabi_memcpy8                          0x080004a7   Thumb Code     0  rt_memcpy_w.o(.text)
    __rt_memcpy_w                            0x080004a7   Thumb Code   100  rt_memcpy_w.o(.text)
    _memcpy_lastbytes_aligned                0x080004ef   Thumb Code     0  rt_memcpy_w.o(.text)
    __aeabi_memclr4                          0x0800050b   Thumb Code     0  rt_memclr_w.o(.text)
    __aeabi_memclr8                          0x0800050b   Thumb Code     0  rt_memclr_w.o(.text)
    __rt_memclr_w                            0x0800050b   Thumb Code    78  rt_memclr_w.o(.text)
    _memset_w                                0x0800050f   Thumb Code     0  rt_memclr_w.o(.text)
    __use_two_region_memory                  0x08000559   Thumb Code     2  heapauxi.o(.text)
    __rt_heap_escrow                         0x0800055b   Thumb Code     2  heapauxi.o(.text)
    __rt_heap_expand                         0x0800055d   Thumb Code     2  heapauxi.o(.text)
    __user_setup_stackheap                   0x0800055f   Thumb Code    74  sys_stackheap_outer.o(.text)
    exit                                     0x080005a9   Thumb Code    18  exit.o(.text)
    __user_libspace                          0x080005bd   Thumb Code     8  libspace.o(.text)
    __user_perproc_libspace                  0x080005bd   Thumb Code     0  libspace.o(.text)
    __user_perthread_libspace                0x080005bd   Thumb Code     0  libspace.o(.text)
    __I$use$semihosting                      0x080005c5   Thumb Code     0  use_no_semi.o(.text)
    __use_no_semihosting_swi                 0x080005c5   Thumb Code     2  use_no_semi.o(.text)
    __semihosting_library_function           0x080005c7   Thumb Code     0  indicate_semi.o(.text)
    _sys_exit                                0x080005c9   Thumb Code     8  sys_exit.o(.text)
    BusFault_Handler                         0x080005d5   Thumb Code     2  stm32h7xx_it.o(i.BusFault_Handler)
    DebugMon_Handler                         0x08000621   Thumb Code     2  stm32h7xx_it.o(i.DebugMon_Handler)
    EXTI9_5_IRQHandler                       0x08000623   Thumb Code     6  stm32h7xx_it.o(i.EXTI9_5_IRQHandler)
    Error_Handler                            0x08000629   Thumb Code     4  main.o(i.Error_Handler)
    Fill_reg_List                            0x0800062d   Thumb Code    44  uapp_ad7768.o(i.Fill_reg_List)
    HAL_Delay                                0x08000661   Thumb Code    32  stm32h7xx_hal.o(i.HAL_Delay)
    HAL_GPIO_EXTI_Callback                   0x08000685   Thumb Code   166  uapp_ad7768.o(i.HAL_GPIO_EXTI_Callback)
    HAL_GPIO_EXTI_IRQHandler                 0x08000745   Thumb Code    24  stm32h7xx_hal_gpio.o(i.HAL_GPIO_EXTI_IRQHandler)
    HAL_GPIO_Init                            0x0800075d   Thumb Code   506  stm32h7xx_hal_gpio.o(i.HAL_GPIO_Init)
    HAL_GPIO_WritePin                        0x08000989   Thumb Code    10  stm32h7xx_hal_gpio.o(i.HAL_GPIO_WritePin)
    HAL_GetREVID                             0x08000995   Thumb Code     8  stm32h7xx_hal.o(i.HAL_GetREVID)
    HAL_GetTick                              0x080009a1   Thumb Code     6  stm32h7xx_hal.o(i.HAL_GetTick)
    HAL_IncTick                              0x080009ad   Thumb Code    12  stm32h7xx_hal.o(i.HAL_IncTick)
    HAL_Init                                 0x080009bd   Thumb Code    74  stm32h7xx_hal.o(i.HAL_Init)
    HAL_InitTick                             0x08000a19   Thumb Code    56  stm32h7xx_hal.o(i.HAL_InitTick)
    HAL_MspInit                              0x08000a59   Thumb Code    22  stm32h7xx_hal_msp.o(i.HAL_MspInit)
    HAL_NVIC_EnableIRQ                       0x08000a75   Thumb Code    26  stm32h7xx_hal_cortex.o(i.HAL_NVIC_EnableIRQ)
    HAL_NVIC_SetPriority                     0x08000a91   Thumb Code    60  stm32h7xx_hal_cortex.o(i.HAL_NVIC_SetPriority)
    HAL_NVIC_SetPriorityGrouping             0x08000ad1   Thumb Code    28  stm32h7xx_hal_cortex.o(i.HAL_NVIC_SetPriorityGrouping)
    HAL_PCDEx_ActivateLPM                    0x08000af5   Thumb Code    34  stm32h7xx_hal_pcd_ex.o(i.HAL_PCDEx_ActivateLPM)
    HAL_PCDEx_LPM_Callback                   0x08000b1d   Thumb Code     2  stm32h7xx_hal_pcd_ex.o(i.HAL_PCDEx_LPM_Callback)
    HAL_PCD_ConnectCallback                  0x08000b1f   Thumb Code     8  usbd_conf.o(i.HAL_PCD_ConnectCallback)
    HAL_PCD_DataInStageCallback              0x08000b27   Thumb Code    18  usbd_conf.o(i.HAL_PCD_DataInStageCallback)
    HAL_PCD_DataOutStageCallback             0x08000b39   Thumb Code    20  usbd_conf.o(i.HAL_PCD_DataOutStageCallback)
    HAL_PCD_DisconnectCallback               0x08000b4d   Thumb Code     8  usbd_conf.o(i.HAL_PCD_DisconnectCallback)
    HAL_PCD_EP_Close                         0x08000b55   Thumb Code    76  stm32h7xx_hal_pcd.o(i.HAL_PCD_EP_Close)
    HAL_PCD_EP_ClrStall                      0x08000ba1   Thumb Code    92  stm32h7xx_hal_pcd.o(i.HAL_PCD_EP_ClrStall)
    HAL_PCD_EP_GetRxCount                    0x08000bfd   Thumb Code    18  stm32h7xx_hal_pcd.o(i.HAL_PCD_EP_GetRxCount)
    HAL_PCD_EP_Open                          0x08000c0f   Thumb Code    96  stm32h7xx_hal_pcd.o(i.HAL_PCD_EP_Open)
    HAL_PCD_EP_Receive                       0x08000c6f   Thumb Code    68  stm32h7xx_hal_pcd.o(i.HAL_PCD_EP_Receive)
    HAL_PCD_EP_SetStall                      0x08000cb3   Thumb Code   116  stm32h7xx_hal_pcd.o(i.HAL_PCD_EP_SetStall)
    HAL_PCD_EP_Transmit                      0x08000d27   Thumb Code    68  stm32h7xx_hal_pcd.o(i.HAL_PCD_EP_Transmit)
    HAL_PCD_IRQHandler                       0x08000d6d   Thumb Code  1130  stm32h7xx_hal_pcd.o(i.HAL_PCD_IRQHandler)
    HAL_PCD_ISOINIncompleteCallback          0x080011dd   Thumb Code     8  usbd_conf.o(i.HAL_PCD_ISOINIncompleteCallback)
    HAL_PCD_ISOOUTIncompleteCallback         0x080011e5   Thumb Code     8  usbd_conf.o(i.HAL_PCD_ISOOUTIncompleteCallback)
    HAL_PCD_Init                             0x080011ed   Thumb Code   242  stm32h7xx_hal_pcd.o(i.HAL_PCD_Init)
    HAL_PCD_MspInit                          0x080012e1   Thumb Code   180  usbd_conf.o(i.HAL_PCD_MspInit)
    HAL_PCD_ResetCallback                    0x080013a9   Thumb Code    44  usbd_conf.o(i.HAL_PCD_ResetCallback)
    HAL_PCD_ResumeCallback                   0x080013d5   Thumb Code     8  usbd_conf.o(i.HAL_PCD_ResumeCallback)
    HAL_PCD_SOFCallback                      0x080013dd   Thumb Code     8  usbd_conf.o(i.HAL_PCD_SOFCallback)
    HAL_PCD_SetAddress                       0x080013e5   Thumb Code    40  stm32h7xx_hal_pcd.o(i.HAL_PCD_SetAddress)
    HAL_PCD_SetupStageCallback               0x0800140d   Thumb Code    14  usbd_conf.o(i.HAL_PCD_SetupStageCallback)
    HAL_PCD_Start                            0x0800141b   Thumb Code    66  stm32h7xx_hal_pcd.o(i.HAL_PCD_Start)
    HAL_PCD_SuspendCallback                  0x0800145d   Thumb Code    44  usbd_conf.o(i.HAL_PCD_SuspendCallback)
    HAL_PWREx_ConfigSupply                   0x0800148d   Thumb Code    78  stm32h7xx_hal_pwr_ex.o(i.HAL_PWREx_ConfigSupply)
    HAL_PWREx_EnableUSBVoltageDetector       0x080014e1   Thumb Code    12  stm32h7xx_hal_pwr_ex.o(i.HAL_PWREx_EnableUSBVoltageDetector)
    HAL_RCCEx_GetD3PCLK1Freq                 0x080014f1   Thumb Code    26  stm32h7xx_hal_rcc_ex.o(i.HAL_RCCEx_GetD3PCLK1Freq)
    HAL_RCCEx_GetPLL2ClockFreq               0x08001515   Thumb Code   296  stm32h7xx_hal_rcc_ex.o(i.HAL_RCCEx_GetPLL2ClockFreq)
    HAL_RCCEx_GetPLL3ClockFreq               0x08001659   Thumb Code   296  stm32h7xx_hal_rcc_ex.o(i.HAL_RCCEx_GetPLL3ClockFreq)
    HAL_RCCEx_PeriphCLKConfig                0x0800179d   Thumb Code  2258  stm32h7xx_hal_rcc_ex.o(i.HAL_RCCEx_PeriphCLKConfig)
    HAL_RCC_ClockConfig                      0x08002071   Thumb Code   580  stm32h7xx_hal_rcc.o(i.HAL_RCC_ClockConfig)
    HAL_RCC_GetHCLKFreq                      0x080022cd   Thumb Code    52  stm32h7xx_hal_rcc.o(i.HAL_RCC_GetHCLKFreq)
    HAL_RCC_GetPCLK1Freq                     0x08002311   Thumb Code    26  stm32h7xx_hal_rcc.o(i.HAL_RCC_GetPCLK1Freq)
    HAL_RCC_GetPCLK2Freq                     0x08002335   Thumb Code    26  stm32h7xx_hal_rcc.o(i.HAL_RCC_GetPCLK2Freq)
    HAL_RCC_GetSysClockFreq                  0x08002359   Thumb Code   278  stm32h7xx_hal_rcc.o(i.HAL_RCC_GetSysClockFreq)
    HAL_RCC_OscConfig                        0x08002491   Thumb Code  1322  stm32h7xx_hal_rcc.o(i.HAL_RCC_OscConfig)
    HAL_SPI_Init                             0x080029c1   Thumb Code   330  stm32h7xx_hal_spi.o(i.HAL_SPI_Init)
    HAL_SPI_MspInit                          0x08002b19   Thumb Code   268  spi.o(i.HAL_SPI_MspInit)
    HAL_SPI_Receive                          0x08002c3d   Thumb Code   592  stm32h7xx_hal_spi.o(i.HAL_SPI_Receive)
    HAL_SPI_TransmitReceive                  0x08002e8d   Thumb Code   804  stm32h7xx_hal_spi.o(i.HAL_SPI_TransmitReceive)
    HAL_SYSTICK_Config                       0x080031b1   Thumb Code    38  stm32h7xx_hal_cortex.o(i.HAL_SYSTICK_Config)
    HAL_TIMEx_Break2Callback                 0x080031d7   Thumb Code     2  stm32h7xx_hal_tim_ex.o(i.HAL_TIMEx_Break2Callback)
    HAL_TIMEx_BreakCallback                  0x080031d9   Thumb Code     2  stm32h7xx_hal_tim_ex.o(i.HAL_TIMEx_BreakCallback)
    HAL_TIMEx_CommutCallback                 0x080031db   Thumb Code     2  stm32h7xx_hal_tim_ex.o(i.HAL_TIMEx_CommutCallback)
    HAL_TIMEx_MasterConfigSynchronization    0x080031dd   Thumb Code   134  stm32h7xx_hal_tim_ex.o(i.HAL_TIMEx_MasterConfigSynchronization)
    HAL_TIM_Base_Init                        0x08003281   Thumb Code    98  stm32h7xx_hal_tim.o(i.HAL_TIM_Base_Init)
    HAL_TIM_Base_MspInit                     0x080032e5   Thumb Code    50  tim.o(i.HAL_TIM_Base_MspInit)
    HAL_TIM_Base_Start_IT                    0x08003321   Thumb Code   106  stm32h7xx_hal_tim.o(i.HAL_TIM_Base_Start_IT)
    HAL_TIM_ConfigClockSource                0x080033ad   Thumb Code   248  stm32h7xx_hal_tim.o(i.HAL_TIM_ConfigClockSource)
    HAL_TIM_IC_CaptureCallback               0x080034a9   Thumb Code     2  stm32h7xx_hal_tim.o(i.HAL_TIM_IC_CaptureCallback)
    HAL_TIM_IRQHandler                       0x080034ab   Thumb Code   386  stm32h7xx_hal_tim.o(i.HAL_TIM_IRQHandler)
    HAL_TIM_OC_DelayElapsedCallback          0x0800362d   Thumb Code     2  stm32h7xx_hal_tim.o(i.HAL_TIM_OC_DelayElapsedCallback)
    HAL_TIM_PWM_PulseFinishedCallback        0x0800362f   Thumb Code     2  stm32h7xx_hal_tim.o(i.HAL_TIM_PWM_PulseFinishedCallback)
    HAL_TIM_PeriodElapsedCallback            0x08003631   Thumb Code    14  main.o(i.HAL_TIM_PeriodElapsedCallback)
    HAL_TIM_TriggerCallback                  0x08003645   Thumb Code     2  stm32h7xx_hal_tim.o(i.HAL_TIM_TriggerCallback)
    HAL_UARTEx_DisableFifoMode               0x08003647   Thumb Code    64  stm32h7xx_hal_uart_ex.o(i.HAL_UARTEx_DisableFifoMode)
    HAL_UARTEx_SetRxFifoThreshold            0x08003687   Thumb Code    76  stm32h7xx_hal_uart_ex.o(i.HAL_UARTEx_SetRxFifoThreshold)
    HAL_UARTEx_SetTxFifoThreshold            0x080036d3   Thumb Code    76  stm32h7xx_hal_uart_ex.o(i.HAL_UARTEx_SetTxFifoThreshold)
    HAL_UART_Init                            0x0800371f   Thumb Code   106  stm32h7xx_hal_uart.o(i.HAL_UART_Init)
    HAL_UART_MspInit                         0x08003789   Thumb Code   116  usart.o(i.HAL_UART_MspInit)
    HAL_UART_Transmit                        0x08003809   Thumb Code   190  stm32h7xx_hal_uart.o(i.HAL_UART_Transmit)
    HardFault_Handler                        0x080038c7   Thumb Code     2  stm32h7xx_it.o(i.HardFault_Handler)
    LED_Blinky                               0x08003901   Thumb Code    44  uapp_other.o(i.LED_Blinky)
    MX_GPIO_Init                             0x08003935   Thumb Code   360  gpio.o(i.MX_GPIO_Init)
    MX_SPI1_Init                             0x08003ab9   Thumb Code    94  spi.o(i.MX_SPI1_Init)
    MX_SPI4_Init                             0x08003b21   Thumb Code    76  spi.o(i.MX_SPI4_Init)
    MX_TIM15_Init                            0x08003b75   Thumb Code    98  tim.o(i.MX_TIM15_Init)
    MX_USART3_UART_Init                      0x08003be1   Thumb Code    94  usart.o(i.MX_USART3_UART_Init)
    MX_USB_DEVICE_Init                       0x08003c49   Thumb Code    66  usb_device.o(i.MX_USB_DEVICE_Init)
    MX_USB_OTG_HS_PCD_Init                   0x08003c9d   Thumb Code    56  usb_otg_hs.o(i.MX_USB_OTG_HS_PCD_Init)
    MemManage_Handler                        0x08003cdd   Thumb Code     2  stm32h7xx_it.o(i.MemManage_Handler)
    NMI_Handler                              0x08003cdf   Thumb Code     2  stm32h7xx_it.o(i.NMI_Handler)
    OTG_FS_IRQHandler                        0x08003ce1   Thumb Code     6  stm32h7xx_it.o(i.OTG_FS_IRQHandler)
    PendSV_Handler                           0x08003e5b   Thumb Code     2  stm32h7xx_it.o(i.PendSV_Handler)
    PeriphCommonClock_Config                 0x08003e5d   Thumb Code    68  main.o(i.PeriphCommonClock_Config)
    SVC_Handler                              0x080041df   Thumb Code     2  stm32h7xx_it.o(i.SVC_Handler)
    SysTick_Handler                          0x080041eb   Thumb Code     4  stm32h7xx_it.o(i.SysTick_Handler)
    SystemClock_Config                       0x080041f1   Thumb Code   172  main.o(i.SystemClock_Config)
    SystemInit                               0x080042a9   Thumb Code   180  system_stm32h7xx.o(i.SystemInit)
    TIM15_IRQHandler                         0x08004385   Thumb Code     6  stm32h7xx_it.o(i.TIM15_IRQHandler)
    TIM_Base_SetConfig                       0x08004391   Thumb Code   162  stm32h7xx_hal_tim.o(i.TIM_Base_SetConfig)
    TIM_ETR_SetConfig                        0x08004455   Thumb Code    18  stm32h7xx_hal_tim.o(i.TIM_ETR_SetConfig)
    UART_AdvFeatureConfig                    0x08004509   Thumb Code   200  stm32h7xx_hal_uart.o(i.UART_AdvFeatureConfig)
    UART_CheckIdleState                      0x080045d1   Thumb Code    96  stm32h7xx_hal_uart.o(i.UART_CheckIdleState)
    UART_SetConfig                           0x08004631   Thumb Code   876  stm32h7xx_hal_uart.o(i.UART_SetConfig)
    UART_WaitOnFlagUntilTimeout              0x080049dd   Thumb Code   202  stm32h7xx_hal_uart.o(i.UART_WaitOnFlagUntilTimeout)
    USBD_CDC_GetDeviceQualifierDescriptor    0x08004ba9   Thumb Code     8  usbd_cdc.o(i.USBD_CDC_GetDeviceQualifierDescriptor)
    USBD_CDC_ReceivePacket                   0x08004c7b   Thumb Code    40  usbd_cdc.o(i.USBD_CDC_ReceivePacket)
    USBD_CDC_RegisterInterface               0x08004ca3   Thumb Code    14  usbd_cdc.o(i.USBD_CDC_RegisterInterface)
    USBD_CDC_SetRxBuffer                     0x08004cb1   Thumb Code    18  usbd_cdc.o(i.USBD_CDC_SetRxBuffer)
    USBD_CDC_SetTxBuffer                     0x08004cc3   Thumb Code    22  usbd_cdc.o(i.USBD_CDC_SetTxBuffer)
    USBD_ClrClassConfig                      0x08004d99   Thumb Code    16  usbd_core.o(i.USBD_ClrClassConfig)
    USBD_CtlContinueRx                       0x08004da9   Thumb Code    16  usbd_ioreq.o(i.USBD_CtlContinueRx)
    USBD_CtlContinueSendData                 0x08004db9   Thumb Code    16  usbd_ioreq.o(i.USBD_CtlContinueSendData)
    USBD_CtlError                            0x08004dc9   Thumb Code    22  usbd_ctlreq.o(i.USBD_CtlError)
    USBD_CtlPrepareRx                        0x08004ddf   Thumb Code    30  usbd_ioreq.o(i.USBD_CtlPrepareRx)
    USBD_CtlReceiveStatus                    0x08004dfd   Thumb Code    22  usbd_ioreq.o(i.USBD_CtlReceiveStatus)
    USBD_CtlSendData                         0x08004e13   Thumb Code    26  usbd_ioreq.o(i.USBD_CtlSendData)
    USBD_CtlSendStatus                       0x08004e2d   Thumb Code    22  usbd_ioreq.o(i.USBD_CtlSendStatus)
    USBD_FS_ConfigStrDescriptor              0x08004e45   Thumb Code    16  usbd_desc.o(i.USBD_FS_ConfigStrDescriptor)
    USBD_FS_DeviceDescriptor                 0x08004e65   Thumb Code     8  usbd_desc.o(i.USBD_FS_DeviceDescriptor)
    USBD_FS_InterfaceStrDescriptor           0x08004e71   Thumb Code    16  usbd_desc.o(i.USBD_FS_InterfaceStrDescriptor)
    USBD_FS_LangIDStrDescriptor              0x08004e95   Thumb Code     8  usbd_desc.o(i.USBD_FS_LangIDStrDescriptor)
    USBD_FS_ManufacturerStrDescriptor        0x08004ea1   Thumb Code    16  usbd_desc.o(i.USBD_FS_ManufacturerStrDescriptor)
    USBD_FS_ProductStrDescriptor             0x08004ec9   Thumb Code    16  usbd_desc.o(i.USBD_FS_ProductStrDescriptor)
    USBD_FS_SerialStrDescriptor              0x08004ef5   Thumb Code    50  usbd_desc.o(i.USBD_FS_SerialStrDescriptor)
    USBD_GetString                           0x08005017   Thumb Code    74  usbd_ctlreq.o(i.USBD_GetString)
    USBD_Get_USB_Status                      0x08005061   Thumb Code    24  usbd_conf.o(i.USBD_Get_USB_Status)
    USBD_Init                                0x08005079   Thumb Code    38  usbd_core.o(i.USBD_Init)
    USBD_LL_ClearStallEP                     0x0800509f   Thumb Code    18  usbd_conf.o(i.USBD_LL_ClearStallEP)
    USBD_LL_CloseEP                          0x080050b1   Thumb Code    18  usbd_conf.o(i.USBD_LL_CloseEP)
    USBD_LL_DataInStage                      0x080050c3   Thumb Code   168  usbd_core.o(i.USBD_LL_DataInStage)
    USBD_LL_DataOutStage                     0x0800516b   Thumb Code   108  usbd_core.o(i.USBD_LL_DataOutStage)
    USBD_LL_DevConnected                     0x080051d7   Thumb Code     4  usbd_core.o(i.USBD_LL_DevConnected)
    USBD_LL_DevDisconnected                  0x080051db   Thumb Code    26  usbd_core.o(i.USBD_LL_DevDisconnected)
    USBD_LL_GetRxDataSize                    0x080051f5   Thumb Code     8  usbd_conf.o(i.USBD_LL_GetRxDataSize)
    USBD_LL_Init                             0x080051fd   Thumb Code    62  usbd_conf.o(i.USBD_LL_Init)
    USBD_LL_IsStallEP                        0x08005245   Thumb Code    32  usbd_conf.o(i.USBD_LL_IsStallEP)
    USBD_LL_IsoINIncomplete                  0x08005265   Thumb Code    32  usbd_core.o(i.USBD_LL_IsoINIncomplete)
    USBD_LL_IsoOUTIncomplete                 0x08005285   Thumb Code    32  usbd_core.o(i.USBD_LL_IsoOUTIncomplete)
    USBD_LL_OpenEP                           0x080052a5   Thumb Code    24  usbd_conf.o(i.USBD_LL_OpenEP)
    USBD_LL_PrepareReceive                   0x080052bd   Thumb Code    18  usbd_conf.o(i.USBD_LL_PrepareReceive)
    USBD_LL_Reset                            0x080052cf   Thumb Code    90  usbd_core.o(i.USBD_LL_Reset)
    USBD_LL_Resume                           0x08005329   Thumb Code    20  usbd_core.o(i.USBD_LL_Resume)
    USBD_LL_SOF                              0x0800533d   Thumb Code    32  usbd_core.o(i.USBD_LL_SOF)
    USBD_LL_SetSpeed                         0x0800535d   Thumb Code     6  usbd_core.o(i.USBD_LL_SetSpeed)
    USBD_LL_SetUSBAddress                    0x08005363   Thumb Code    18  usbd_conf.o(i.USBD_LL_SetUSBAddress)
    USBD_LL_SetupStage                       0x08005375   Thumb Code    96  usbd_core.o(i.USBD_LL_SetupStage)
    USBD_LL_StallEP                          0x080053d5   Thumb Code    18  usbd_conf.o(i.USBD_LL_StallEP)
    USBD_LL_Start                            0x080053e7   Thumb Code    18  usbd_conf.o(i.USBD_LL_Start)
    USBD_LL_Suspend                          0x080053f9   Thumb Code    18  usbd_core.o(i.USBD_LL_Suspend)
    USBD_LL_Transmit                         0x0800540b   Thumb Code    18  usbd_conf.o(i.USBD_LL_Transmit)
    USBD_ParseSetupRequest                   0x0800541d   Thumb Code    42  usbd_ctlreq.o(i.USBD_ParseSetupRequest)
    USBD_RegisterClass                       0x08005447   Thumb Code    36  usbd_core.o(i.USBD_RegisterClass)
    USBD_SetClassConfig                      0x0800546b   Thumb Code    20  usbd_core.o(i.USBD_SetClassConfig)
    USBD_Start                               0x0800553d   Thumb Code     4  usbd_core.o(i.USBD_Start)
    USBD_StdDevReq                           0x08005541   Thumb Code   278  usbd_ctlreq.o(i.USBD_StdDevReq)
    USBD_StdEPReq                            0x08005657   Thumb Code   320  usbd_ctlreq.o(i.USBD_StdEPReq)
    USBD_StdItfReq                           0x08005797   Thumb Code    84  usbd_ctlreq.o(i.USBD_StdItfReq)
    USBD_static_free                         0x080057eb   Thumb Code     2  usbd_conf.o(i.USBD_static_free)
    USBD_static_malloc                       0x080057ed   Thumb Code     4  usbd_conf.o(i.USBD_static_malloc)
    USB_ActivateEndpoint                     0x080057f5   Thumb Code   124  stm32h7xx_ll_usb.o(i.USB_ActivateEndpoint)
    USB_ActivateSetup                        0x08005875   Thumb Code    28  stm32h7xx_ll_usb.o(i.USB_ActivateSetup)
    USB_CoreInit                             0x08005891   Thumb Code   128  stm32h7xx_ll_usb.o(i.USB_CoreInit)
    USB_DeactivateEndpoint                   0x08005959   Thumb Code   194  stm32h7xx_ll_usb.o(i.USB_DeactivateEndpoint)
    USB_DevConnect                           0x08005a25   Thumb Code    28  stm32h7xx_ll_usb.o(i.USB_DevConnect)
    USB_DevDisconnect                        0x08005a41   Thumb Code    28  stm32h7xx_ll_usb.o(i.USB_DevDisconnect)
    USB_DevInit                              0x08005a5d   Thumb Code   368  stm32h7xx_ll_usb.o(i.USB_DevInit)
    USB_DisableGlobalInt                     0x08005bd5   Thumb Code    12  stm32h7xx_ll_usb.o(i.USB_DisableGlobalInt)
    USB_EP0StartXfer                         0x08005be1   Thumb Code   280  stm32h7xx_ll_usb.o(i.USB_EP0StartXfer)
    USB_EP0_OutStart                         0x08005cfd   Thumb Code    84  stm32h7xx_ll_usb.o(i.USB_EP0_OutStart)
    USB_EPClearStall                         0x08005d55   Thumb Code    88  stm32h7xx_ll_usb.o(i.USB_EPClearStall)
    USB_EPSetStall                           0x08005dad   Thumb Code    88  stm32h7xx_ll_usb.o(i.USB_EPSetStall)
    USB_EPStartXfer                          0x08005e05   Thumb Code   482  stm32h7xx_ll_usb.o(i.USB_EPStartXfer)
    USB_EnableGlobalInt                      0x08005fed   Thumb Code    12  stm32h7xx_ll_usb.o(i.USB_EnableGlobalInt)
    USB_FlushRxFifo                          0x08005ff9   Thumb Code    54  stm32h7xx_ll_usb.o(i.USB_FlushRxFifo)
    USB_FlushTxFifo                          0x08006035   Thumb Code    58  stm32h7xx_ll_usb.o(i.USB_FlushTxFifo)
    USB_GetDevSpeed                          0x08006075   Thumb Code    26  stm32h7xx_ll_usb.o(i.USB_GetDevSpeed)
    USB_GetMode                              0x0800608f   Thumb Code     8  stm32h7xx_ll_usb.o(i.USB_GetMode)
    USB_ReadDevAllInEpInterrupt              0x08006097   Thumb Code    14  stm32h7xx_ll_usb.o(i.USB_ReadDevAllInEpInterrupt)
    USB_ReadDevAllOutEpInterrupt             0x080060a5   Thumb Code    14  stm32h7xx_ll_usb.o(i.USB_ReadDevAllOutEpInterrupt)
    USB_ReadDevInEPInterrupt                 0x080060b3   Thumb Code    36  stm32h7xx_ll_usb.o(i.USB_ReadDevInEPInterrupt)
    USB_ReadDevOutEPInterrupt                0x080060d7   Thumb Code    16  stm32h7xx_ll_usb.o(i.USB_ReadDevOutEPInterrupt)
    USB_ReadInterrupts                       0x080060e7   Thumb Code     8  stm32h7xx_ll_usb.o(i.USB_ReadInterrupts)
    USB_ReadPacket                           0x080060ef   Thumb Code    64  stm32h7xx_ll_usb.o(i.USB_ReadPacket)
    USB_SetCurrentMode                       0x0800612f   Thumb Code    94  stm32h7xx_ll_usb.o(i.USB_SetCurrentMode)
    USB_SetDevAddress                        0x0800618d   Thumb Code    34  stm32h7xx_ll_usb.o(i.USB_SetDevAddress)
    USB_SetTurnaroundTime                    0x080061b1   Thumb Code   158  stm32h7xx_ll_usb.o(i.USB_SetTurnaroundTime)
    USB_WritePacket                          0x08006299   Thumb Code    40  stm32h7xx_ll_usb.o(i.USB_WritePacket)
    UsageFault_Handler                       0x080062c1   Thumb Code     2  stm32h7xx_it.o(i.UsageFault_Handler)
    ad7768_gain_set                          0x080062e5   Thumb Code    50  uapp_ad7768.o(i.ad7768_gain_set)
    ad7768_read_cmd                          0x08006319   Thumb Code    98  uapp_ad7768.o(i.ad7768_read_cmd)
    add7768_write_cmd                        0x08006385   Thumb Code    62  uapp_ad7768.o(i.add7768_write_cmd)
    main                                     0x080063cd   Thumb Code    52  main.o(i.main)
    my_ad7768_init                           0x08006405   Thumb Code   178  uapp_ad7768.o(i.my_ad7768_init)
    _fp_init                                 0x080064c1   Thumb Code    10  fpinit.o(x$fpl$fpinit)
    __fplib_config_fpu_vfp                   0x080064c9   Thumb Code     0  fpinit.o(x$fpl$fpinit)
    __fplib_config_pureend_doubles           0x080064c9   Thumb Code     0  fpinit.o(x$fpl$fpinit)
    UARTPrescTable                           0x080064ca   Data          24  stm32h7xx_hal_uart.o(.constdata)
    D1CorePrescTable                         0x080064f2   Data          16  system_stm32h7xx.o(.constdata)
    Region$$Table$$Base                      0x08006504   Number         0  anon$$obj.o(Region$$Table)
    Region$$Table$$Limit                     0x08006524   Number         0  anon$$obj.o(Region$$Table)
    boardChannelDataInt                      0x24000000   Data          36  uapp_ad7768.o(.data)
    led_cnt                                  0x24000024   Data           2  uapp_other.o(.data)
    FS_Desc                                  0x24000028   Data          28  usbd_desc.o(.data)
    USBD_LangIDDesc                          0x24000044   Data           4  usbd_desc.o(.data)
    USBD_FS_DeviceDesc                       0x24000048   Data          18  usbd_desc.o(.data)
    USBD_StringSerial                        0x2400005c   Data          26  usbd_desc.o(.data)
    USBD_Interface_fops_FS                   0x24000078   Data          20  usbd_cdc_if.o(.data)
    uwTickFreq                               0x2400008c   Data           1  stm32h7xx_hal.o(.data)
    uwTickPrio                               0x24000090   Data           4  stm32h7xx_hal.o(.data)
    uwTick                                   0x24000094   Data           4  stm32h7xx_hal.o(.data)
    SystemCoreClock                          0x24000098   Data           4  system_stm32h7xx.o(.data)
    SystemD2Clock                            0x2400009c   Data           4  system_stm32h7xx.o(.data)
    USBD_CDC                                 0x2400017c   Data          56  usbd_cdc.o(.data)
    ad7768_device                            0x240001b4   Data          92  uapp_ad7768.o(.bss)
    reg_code                                 0x24000210   Data          90  uapp_ad7768.o(.bss)
    ReadBuf                                  0x2400026a   Data          32  uapp_ad7768.o(.bss)
    hspi1                                    0x2400028c   Data         136  spi.o(.bss)
    hspi4                                    0x24000314   Data         136  spi.o(.bss)
    htim15                                   0x2400039c   Data          76  tim.o(.bss)
    huart3                                   0x240003e8   Data         144  usart.o(.bss)
    hpcd_USB_OTG_HS                          0x24000478   Data        1032  usb_otg_hs.o(.bss)
    hUsbDeviceFS                             0x24000880   Data         720  usb_device.o(.bss)
    USBD_StrDesc                             0x24000b50   Data         512  usbd_desc.o(.bss)
    UserRxBufferFS                           0x24000d50   Data        2048  usbd_cdc_if.o(.bss)
    UserTxBufferFS                           0x24001550   Data        2048  usbd_cdc_if.o(.bss)
    hpcd_USB_OTG_FS                          0x24001f70   Data        1032  usbd_conf.o(.bss)
    __libspace_start                         0x24002378   Data          96  libspace.o(.bss)
    __temporary_stack_top$libspace           0x240023d8   Data           0  libspace.o(.bss)



==============================================================================

Memory Map of the image

  Image Entry point : 0x08000299

  Load Region LR_IROM1 (Base: 0x08000000, Size: 0x000066d8, Max: 0x00020000, ABSOLUTE, COMPRESSED[0x000065f0])

    Execution Region ER_IROM1 (Exec base: 0x08000000, Load base: 0x08000000, Size: 0x00006524, Max: 0x00020000, ABSOLUTE)

    Exec Addr    Load Addr    Size         Type   Attr      Idx    E Section Name        Object

    0x08000000   0x08000000   0x00000298   Data   RO          546    RESET               startup_stm32h750xx.o
    0x08000298   0x08000298   0x00000008   Code   RO         6604  * !!!main             c_w.l(__main.o)
    0x080002a0   0x080002a0   0x00000034   Code   RO         6962    !!!scatter          c_w.l(__scatter.o)
    0x080002d4   0x080002d4   0x0000005a   Code   RO         6960    !!dczerorl2         c_w.l(__dczerorl2.o)
    0x0800032e   0x0800032e   0x00000002   PAD
    0x08000330   0x08000330   0x0000001c   Code   RO         6964    !!handler_zi        c_w.l(__scatter_zi.o)
    0x0800034c   0x0800034c   0x00000002   Code   RO         6747    .ARM.Collect$$libinit$$00000000  c_w.l(libinit.o)
    0x0800034e   0x0800034e   0x00000004   Code   RO         6748    .ARM.Collect$$libinit$$00000001  c_w.l(libinit2.o)
    0x08000352   0x08000352   0x00000000   Code   RO         6751    .ARM.Collect$$libinit$$00000004  c_w.l(libinit2.o)
    0x08000352   0x08000352   0x00000000   Code   RO         6754    .ARM.Collect$$libinit$$0000000A  c_w.l(libinit2.o)
    0x08000352   0x08000352   0x00000000   Code   RO         6756    .ARM.Collect$$libinit$$0000000C  c_w.l(libinit2.o)
    0x08000352   0x08000352   0x00000000   Code   RO         6758    .ARM.Collect$$libinit$$0000000E  c_w.l(libinit2.o)
    0x08000352   0x08000352   0x00000000   Code   RO         6761    .ARM.Collect$$libinit$$00000011  c_w.l(libinit2.o)
    0x08000352   0x08000352   0x00000000   Code   RO         6763    .ARM.Collect$$libinit$$00000013  c_w.l(libinit2.o)
    0x08000352   0x08000352   0x00000000   Code   RO         6765    .ARM.Collect$$libinit$$00000015  c_w.l(libinit2.o)
    0x08000352   0x08000352   0x00000000   Code   RO         6767    .ARM.Collect$$libinit$$00000017  c_w.l(libinit2.o)
    0x08000352   0x08000352   0x00000000   Code   RO         6769    .ARM.Collect$$libinit$$00000019  c_w.l(libinit2.o)
    0x08000352   0x08000352   0x00000000   Code   RO         6771    .ARM.Collect$$libinit$$0000001B  c_w.l(libinit2.o)
    0x08000352   0x08000352   0x00000000   Code   RO         6773    .ARM.Collect$$libinit$$0000001D  c_w.l(libinit2.o)
    0x08000352   0x08000352   0x00000000   Code   RO         6775    .ARM.Collect$$libinit$$0000001F  c_w.l(libinit2.o)
    0x08000352   0x08000352   0x00000000   Code   RO         6777    .ARM.Collect$$libinit$$00000021  c_w.l(libinit2.o)
    0x08000352   0x08000352   0x00000000   Code   RO         6779    .ARM.Collect$$libinit$$00000023  c_w.l(libinit2.o)
    0x08000352   0x08000352   0x00000000   Code   RO         6781    .ARM.Collect$$libinit$$00000025  c_w.l(libinit2.o)
    0x08000352   0x08000352   0x00000000   Code   RO         6785    .ARM.Collect$$libinit$$0000002C  c_w.l(libinit2.o)
    0x08000352   0x08000352   0x00000000   Code   RO         6787    .ARM.Collect$$libinit$$0000002E  c_w.l(libinit2.o)
    0x08000352   0x08000352   0x00000000   Code   RO         6789    .ARM.Collect$$libinit$$00000030  c_w.l(libinit2.o)
    0x08000352   0x08000352   0x00000000   Code   RO         6791    .ARM.Collect$$libinit$$00000032  c_w.l(libinit2.o)
    0x08000352   0x08000352   0x00000002   Code   RO         6792    .ARM.Collect$$libinit$$00000033  c_w.l(libinit2.o)
    0x08000354   0x08000354   0x00000002   Code   RO         6941    .ARM.Collect$$libshutdown$$00000000  c_w.l(libshutdown.o)
    0x08000356   0x08000356   0x00000000   Code   RO         6794    .ARM.Collect$$libshutdown$$00000002  c_w.l(libshutdown2.o)
    0x08000356   0x08000356   0x00000000   Code   RO         6796    .ARM.Collect$$libshutdown$$00000004  c_w.l(libshutdown2.o)
    0x08000356   0x08000356   0x00000000   Code   RO         6798    .ARM.Collect$$libshutdown$$00000006  c_w.l(libshutdown2.o)
    0x08000356   0x08000356   0x00000000   Code   RO         6801    .ARM.Collect$$libshutdown$$00000009  c_w.l(libshutdown2.o)
    0x08000356   0x08000356   0x00000000   Code   RO         6804    .ARM.Collect$$libshutdown$$0000000C  c_w.l(libshutdown2.o)
    0x08000356   0x08000356   0x00000000   Code   RO         6806    .ARM.Collect$$libshutdown$$0000000E  c_w.l(libshutdown2.o)
    0x08000356   0x08000356   0x00000000   Code   RO         6809    .ARM.Collect$$libshutdown$$00000011  c_w.l(libshutdown2.o)
    0x08000356   0x08000356   0x00000002   Code   RO         6810    .ARM.Collect$$libshutdown$$00000012  c_w.l(libshutdown2.o)
    0x08000358   0x08000358   0x00000000   Code   RO         6606    .ARM.Collect$$rtentry$$00000000  c_w.l(__rtentry.o)
    0x08000358   0x08000358   0x00000000   Code   RO         6620    .ARM.Collect$$rtentry$$00000002  c_w.l(__rtentry2.o)
    0x08000358   0x08000358   0x00000006   Code   RO         6632    .ARM.Collect$$rtentry$$00000004  c_w.l(__rtentry4.o)
    0x0800035e   0x0800035e   0x00000000   Code   RO         6622    .ARM.Collect$$rtentry$$00000009  c_w.l(__rtentry2.o)
    0x0800035e   0x0800035e   0x00000004   Code   RO         6623    .ARM.Collect$$rtentry$$0000000A  c_w.l(__rtentry2.o)
    0x08000362   0x08000362   0x00000000   Code   RO         6625    .ARM.Collect$$rtentry$$0000000C  c_w.l(__rtentry2.o)
    0x08000362   0x08000362   0x00000008   Code   RO         6626    .ARM.Collect$$rtentry$$0000000D  c_w.l(__rtentry2.o)
    0x0800036a   0x0800036a   0x00000002   Code   RO         6819    .ARM.Collect$$rtexit$$00000000  c_w.l(rtexit.o)
    0x0800036c   0x0800036c   0x00000000   Code   RO         6877    .ARM.Collect$$rtexit$$00000002  c_w.l(rtexit2.o)
    0x0800036c   0x0800036c   0x00000004   Code   RO         6878    .ARM.Collect$$rtexit$$00000003  c_w.l(rtexit2.o)
    0x08000370   0x08000370   0x00000006   Code   RO         6879    .ARM.Collect$$rtexit$$00000004  c_w.l(rtexit2.o)
    0x08000376   0x08000376   0x00000002   PAD
    0x08000378   0x08000378   0x00000040   Code   RO          547    .text               startup_stm32h750xx.o
    0x080003b8   0x080003b8   0x000000ee   Code   RO         6592    .text               c_w.l(lludivv7m.o)
    0x080004a6   0x080004a6   0x00000064   Code   RO         6598    .text               c_w.l(rt_memcpy_w.o)
    0x0800050a   0x0800050a   0x0000004e   Code   RO         6600    .text               c_w.l(rt_memclr_w.o)
    0x08000558   0x08000558   0x00000006   Code   RO         6602    .text               c_w.l(heapauxi.o)
    0x0800055e   0x0800055e   0x0000004a   Code   RO         6659    .text               c_w.l(sys_stackheap_outer.o)
    0x080005a8   0x080005a8   0x00000012   Code   RO         6732    .text               c_w.l(exit.o)
    0x080005ba   0x080005ba   0x00000002   PAD
    0x080005bc   0x080005bc   0x00000008   Code   RO         6813    .text               c_w.l(libspace.o)
    0x080005c4   0x080005c4   0x00000002   Code   RO         6816    .text               c_w.l(use_no_semi.o)
    0x080005c6   0x080005c6   0x00000000   Code   RO         6818    .text               c_w.l(indicate_semi.o)
    0x080005c6   0x080005c6   0x00000002   PAD
    0x080005c8   0x080005c8   0x0000000c   Code   RO         6874    .text               c_w.l(sys_exit.o)
    0x080005d4   0x080005d4   0x00000002   Code   RO          822    i.BusFault_Handler  stm32h7xx_it.o
    0x080005d6   0x080005d6   0x00000004   Code   RO         1052    i.CDC_Control_FS    usbd_cdc_if.o
    0x080005da   0x080005da   0x00000004   Code   RO         1053    i.CDC_DeInit_FS     usbd_cdc_if.o
    0x080005de   0x080005de   0x00000002   PAD
    0x080005e0   0x080005e0   0x00000024   Code   RO         1054    i.CDC_Init_FS       usbd_cdc_if.o
    0x08000604   0x08000604   0x00000018   Code   RO         1055    i.CDC_Receive_FS    usbd_cdc_if.o
    0x0800061c   0x0800061c   0x00000004   Code   RO         1056    i.CDC_TransmitCplt_FS  usbd_cdc_if.o
    0x08000620   0x08000620   0x00000002   Code   RO          823    i.DebugMon_Handler  stm32h7xx_it.o
    0x08000622   0x08000622   0x00000006   Code   RO          824    i.EXTI9_5_IRQHandler  stm32h7xx_it.o
    0x08000628   0x08000628   0x00000004   Code   RO          554    i.Error_Handler     main.o
    0x0800062c   0x0800062c   0x00000034   Code   RO            4    i.Fill_reg_List     uapp_ad7768.o
    0x08000660   0x08000660   0x00000024   Code   RO         3408    i.HAL_Delay         stm32h7xx_hal.o
    0x08000684   0x08000684   0x000000c0   Code   RO            5    i.HAL_GPIO_EXTI_Callback  uapp_ad7768.o
    0x08000744   0x08000744   0x00000018   Code   RO         2405    i.HAL_GPIO_EXTI_IRQHandler  stm32h7xx_hal_gpio.o
    0x0800075c   0x0800075c   0x0000022c   Code   RO         2406    i.HAL_GPIO_Init     stm32h7xx_hal_gpio.o
    0x08000988   0x08000988   0x0000000a   Code   RO         2410    i.HAL_GPIO_WritePin  stm32h7xx_hal_gpio.o
    0x08000992   0x08000992   0x00000002   PAD
    0x08000994   0x08000994   0x0000000c   Code   RO         3419    i.HAL_GetREVID      stm32h7xx_hal.o
    0x080009a0   0x080009a0   0x0000000c   Code   RO         3420    i.HAL_GetTick       stm32h7xx_hal.o
    0x080009ac   0x080009ac   0x00000010   Code   RO         3426    i.HAL_IncTick       stm32h7xx_hal.o
    0x080009bc   0x080009bc   0x0000005c   Code   RO         3427    i.HAL_Init          stm32h7xx_hal.o
    0x08000a18   0x08000a18   0x00000040   Code   RO         3428    i.HAL_InitTick      stm32h7xx_hal.o
    0x08000a58   0x08000a58   0x0000001c   Code   RO          916    i.HAL_MspInit       stm32h7xx_hal_msp.o
    0x08000a74   0x08000a74   0x0000001a   Code   RO         3266    i.HAL_NVIC_EnableIRQ  stm32h7xx_hal_cortex.o
    0x08000a8e   0x08000a8e   0x00000002   PAD
    0x08000a90   0x08000a90   0x00000040   Code   RO         3272    i.HAL_NVIC_SetPriority  stm32h7xx_hal_cortex.o
    0x08000ad0   0x08000ad0   0x00000024   Code   RO         3273    i.HAL_NVIC_SetPriorityGrouping  stm32h7xx_hal_cortex.o
    0x08000af4   0x08000af4   0x00000028   Code   RO         1557    i.HAL_PCDEx_ActivateLPM  stm32h7xx_hal_pcd_ex.o
    0x08000b1c   0x08000b1c   0x00000002   Code   RO         1562    i.HAL_PCDEx_LPM_Callback  stm32h7xx_hal_pcd_ex.o
    0x08000b1e   0x08000b1e   0x00000008   Code   RO         1113    i.HAL_PCD_ConnectCallback  usbd_conf.o
    0x08000b26   0x08000b26   0x00000012   Code   RO         1114    i.HAL_PCD_DataInStageCallback  usbd_conf.o
    0x08000b38   0x08000b38   0x00000014   Code   RO         1115    i.HAL_PCD_DataOutStageCallback  usbd_conf.o
    0x08000b4c   0x08000b4c   0x00000008   Code   RO         1116    i.HAL_PCD_DisconnectCallback  usbd_conf.o
    0x08000b54   0x08000b54   0x0000004c   Code   RO         1334    i.HAL_PCD_EP_Close  stm32h7xx_hal_pcd.o
    0x08000ba0   0x08000ba0   0x0000005c   Code   RO         1335    i.HAL_PCD_EP_ClrStall  stm32h7xx_hal_pcd.o
    0x08000bfc   0x08000bfc   0x00000012   Code   RO         1337    i.HAL_PCD_EP_GetRxCount  stm32h7xx_hal_pcd.o
    0x08000c0e   0x08000c0e   0x00000060   Code   RO         1338    i.HAL_PCD_EP_Open   stm32h7xx_hal_pcd.o
    0x08000c6e   0x08000c6e   0x00000044   Code   RO         1339    i.HAL_PCD_EP_Receive  stm32h7xx_hal_pcd.o
    0x08000cb2   0x08000cb2   0x00000074   Code   RO         1340    i.HAL_PCD_EP_SetStall  stm32h7xx_hal_pcd.o
    0x08000d26   0x08000d26   0x00000044   Code   RO         1341    i.HAL_PCD_EP_Transmit  stm32h7xx_hal_pcd.o
    0x08000d6a   0x08000d6a   0x00000002   PAD
    0x08000d6c   0x08000d6c   0x00000470   Code   RO         1343    i.HAL_PCD_IRQHandler  stm32h7xx_hal_pcd.o
    0x080011dc   0x080011dc   0x00000008   Code   RO         1117    i.HAL_PCD_ISOINIncompleteCallback  usbd_conf.o
    0x080011e4   0x080011e4   0x00000008   Code   RO         1118    i.HAL_PCD_ISOOUTIncompleteCallback  usbd_conf.o
    0x080011ec   0x080011ec   0x000000f2   Code   RO         1346    i.HAL_PCD_Init      stm32h7xx_hal_pcd.o
    0x080012de   0x080012de   0x00000002   PAD
    0x080012e0   0x080012e0   0x000000c8   Code   RO         1120    i.HAL_PCD_MspInit   usbd_conf.o
    0x080013a8   0x080013a8   0x0000002c   Code   RO         1121    i.HAL_PCD_ResetCallback  usbd_conf.o
    0x080013d4   0x080013d4   0x00000008   Code   RO         1122    i.HAL_PCD_ResumeCallback  usbd_conf.o
    0x080013dc   0x080013dc   0x00000008   Code   RO         1123    i.HAL_PCD_SOFCallback  usbd_conf.o
    0x080013e4   0x080013e4   0x00000028   Code   RO         1352    i.HAL_PCD_SetAddress  stm32h7xx_hal_pcd.o
    0x0800140c   0x0800140c   0x0000000e   Code   RO         1124    i.HAL_PCD_SetupStageCallback  usbd_conf.o
    0x0800141a   0x0800141a   0x00000042   Code   RO         1355    i.HAL_PCD_Start     stm32h7xx_hal_pcd.o
    0x0800145c   0x0800145c   0x00000030   Code   RO         1125    i.HAL_PCD_SuspendCallback  usbd_conf.o
    0x0800148c   0x0800148c   0x00000054   Code   RO         3007    i.HAL_PWREx_ConfigSupply  stm32h7xx_hal_pwr_ex.o
    0x080014e0   0x080014e0   0x00000010   Code   RO         3024    i.HAL_PWREx_EnableUSBVoltageDetector  stm32h7xx_hal_pwr_ex.o
    0x080014f0   0x080014f0   0x00000024   Code   RO         2049    i.HAL_RCCEx_GetD3PCLK1Freq  stm32h7xx_hal_rcc_ex.o
    0x08001514   0x08001514   0x00000144   Code   RO         2051    i.HAL_RCCEx_GetPLL2ClockFreq  stm32h7xx_hal_rcc_ex.o
    0x08001658   0x08001658   0x00000144   Code   RO         2052    i.HAL_RCCEx_GetPLL3ClockFreq  stm32h7xx_hal_rcc_ex.o
    0x0800179c   0x0800179c   0x000008d2   Code   RO         2058    i.HAL_RCCEx_PeriphCLKConfig  stm32h7xx_hal_rcc_ex.o
    0x0800206e   0x0800206e   0x00000002   PAD
    0x08002070   0x08002070   0x0000025c   Code   RO         1934    i.HAL_RCC_ClockConfig  stm32h7xx_hal_rcc.o
    0x080022cc   0x080022cc   0x00000044   Code   RO         1939    i.HAL_RCC_GetHCLKFreq  stm32h7xx_hal_rcc.o
    0x08002310   0x08002310   0x00000024   Code   RO         1941    i.HAL_RCC_GetPCLK1Freq  stm32h7xx_hal_rcc.o
    0x08002334   0x08002334   0x00000024   Code   RO         1942    i.HAL_RCC_GetPCLK2Freq  stm32h7xx_hal_rcc.o
    0x08002358   0x08002358   0x00000138   Code   RO         1943    i.HAL_RCC_GetSysClockFreq  stm32h7xx_hal_rcc.o
    0x08002490   0x08002490   0x00000530   Code   RO         1946    i.HAL_RCC_OscConfig  stm32h7xx_hal_rcc.o
    0x080029c0   0x080029c0   0x00000158   Code   RO         4312    i.HAL_SPI_Init      stm32h7xx_hal_spi.o
    0x08002b18   0x08002b18   0x00000124   Code   RO          661    i.HAL_SPI_MspInit   spi.o
    0x08002c3c   0x08002c3c   0x00000250   Code   RO         4315    i.HAL_SPI_Receive   stm32h7xx_hal_spi.o
    0x08002e8c   0x08002e8c   0x00000324   Code   RO         4321    i.HAL_SPI_TransmitReceive  stm32h7xx_hal_spi.o
    0x080031b0   0x080031b0   0x00000026   Code   RO         3277    i.HAL_SYSTICK_Config  stm32h7xx_hal_cortex.o
    0x080031d6   0x080031d6   0x00000002   Code   RO         5340    i.HAL_TIMEx_Break2Callback  stm32h7xx_hal_tim_ex.o
    0x080031d8   0x080031d8   0x00000002   Code   RO         5341    i.HAL_TIMEx_BreakCallback  stm32h7xx_hal_tim_ex.o
    0x080031da   0x080031da   0x00000002   Code   RO         5342    i.HAL_TIMEx_CommutCallback  stm32h7xx_hal_tim_ex.o
    0x080031dc   0x080031dc   0x000000a4   Code   RO         5362    i.HAL_TIMEx_MasterConfigSynchronization  stm32h7xx_hal_tim_ex.o
    0x08003280   0x08003280   0x00000062   Code   RO         4626    i.HAL_TIM_Base_Init  stm32h7xx_hal_tim.o
    0x080032e2   0x080032e2   0x00000002   PAD
    0x080032e4   0x080032e4   0x0000003c   Code   RO          709    i.HAL_TIM_Base_MspInit  tim.o
    0x08003320   0x08003320   0x0000008c   Code   RO         4631    i.HAL_TIM_Base_Start_IT  stm32h7xx_hal_tim.o
    0x080033ac   0x080033ac   0x000000fc   Code   RO         4635    i.HAL_TIM_ConfigClockSource  stm32h7xx_hal_tim.o
    0x080034a8   0x080034a8   0x00000002   Code   RO         4660    i.HAL_TIM_IC_CaptureCallback  stm32h7xx_hal_tim.o
    0x080034aa   0x080034aa   0x00000182   Code   RO         4674    i.HAL_TIM_IRQHandler  stm32h7xx_hal_tim.o
    0x0800362c   0x0800362c   0x00000002   Code   RO         4677    i.HAL_TIM_OC_DelayElapsedCallback  stm32h7xx_hal_tim.o
    0x0800362e   0x0800362e   0x00000002   Code   RO         4704    i.HAL_TIM_PWM_PulseFinishedCallback  stm32h7xx_hal_tim.o
    0x08003630   0x08003630   0x00000014   Code   RO          555    i.HAL_TIM_PeriodElapsedCallback  main.o
    0x08003644   0x08003644   0x00000002   Code   RO         4717    i.HAL_TIM_TriggerCallback  stm32h7xx_hal_tim.o
    0x08003646   0x08003646   0x00000040   Code   RO         6051    i.HAL_UARTEx_DisableFifoMode  stm32h7xx_hal_uart_ex.o
    0x08003686   0x08003686   0x0000004c   Code   RO         6059    i.HAL_UARTEx_SetRxFifoThreshold  stm32h7xx_hal_uart_ex.o
    0x080036d2   0x080036d2   0x0000004c   Code   RO         6060    i.HAL_UARTEx_SetTxFifoThreshold  stm32h7xx_hal_uart_ex.o
    0x0800371e   0x0800371e   0x0000006a   Code   RO         5660    i.HAL_UART_Init     stm32h7xx_hal_uart.o
    0x08003788   0x08003788   0x00000080   Code   RO          751    i.HAL_UART_MspInit  usart.o
    0x08003808   0x08003808   0x000000be   Code   RO         5669    i.HAL_UART_Transmit  stm32h7xx_hal_uart.o
    0x080038c6   0x080038c6   0x00000002   Code   RO          825    i.HardFault_Handler  stm32h7xx_it.o
    0x080038c8   0x080038c8   0x00000038   Code   RO          975    i.IntToUnicode      usbd_desc.o
    0x08003900   0x08003900   0x00000034   Code   RO          517    i.LED_Blinky        uapp_other.o
    0x08003934   0x08003934   0x00000184   Code   RO          636    i.MX_GPIO_Init      gpio.o
    0x08003ab8   0x08003ab8   0x00000068   Code   RO          662    i.MX_SPI1_Init      spi.o
    0x08003b20   0x08003b20   0x00000054   Code   RO          663    i.MX_SPI4_Init      spi.o
    0x08003b74   0x08003b74   0x0000006c   Code   RO          710    i.MX_TIM15_Init     tim.o
    0x08003be0   0x08003be0   0x00000068   Code   RO          752    i.MX_USART3_UART_Init  usart.o
    0x08003c48   0x08003c48   0x00000054   Code   RO          940    i.MX_USB_DEVICE_Init  usb_device.o
    0x08003c9c   0x08003c9c   0x00000040   Code   RO          792    i.MX_USB_OTG_HS_PCD_Init  usb_otg_hs.o
    0x08003cdc   0x08003cdc   0x00000002   Code   RO          826    i.MemManage_Handler  stm32h7xx_it.o
    0x08003cde   0x08003cde   0x00000002   Code   RO          827    i.NMI_Handler       stm32h7xx_it.o
    0x08003ce0   0x08003ce0   0x0000000c   Code   RO          828    i.OTG_FS_IRQHandler  stm32h7xx_it.o
    0x08003cec   0x08003cec   0x000000cc   Code   RO         1358    i.PCD_EP_OutXfrComplete_int  stm32h7xx_hal_pcd.o
    0x08003db8   0x08003db8   0x000000a2   Code   RO         1359    i.PCD_WriteEmptyTxFifo  stm32h7xx_hal_pcd.o
    0x08003e5a   0x08003e5a   0x00000002   Code   RO          829    i.PendSV_Handler    stm32h7xx_it.o
    0x08003e5c   0x08003e5c   0x00000044   Code   RO          556    i.PeriphCommonClock_Config  main.o
    0x08003ea0   0x08003ea0   0x00000120   Code   RO         2061    i.RCCEx_PLL2_Config  stm32h7xx_hal_rcc_ex.o
    0x08003fc0   0x08003fc0   0x00000120   Code   RO         2062    i.RCCEx_PLL3_Config  stm32h7xx_hal_rcc_ex.o
    0x080040e0   0x080040e0   0x000000bc   Code   RO         4331    i.SPI_CloseTransfer  stm32h7xx_hal_spi.o
    0x0800419c   0x0800419c   0x00000042   Code   RO         4348    i.SPI_WaitOnFlagUntilTimeout  stm32h7xx_hal_spi.o
    0x080041de   0x080041de   0x00000002   Code   RO          830    i.SVC_Handler       stm32h7xx_it.o
    0x080041e0   0x080041e0   0x0000000a   Code   RO         6342    i.SWAPBYTE          usbd_ctlreq.o
    0x080041ea   0x080041ea   0x00000004   Code   RO          831    i.SysTick_Handler   stm32h7xx_it.o
    0x080041ee   0x080041ee   0x00000002   PAD
    0x080041f0   0x080041f0   0x000000b8   Code   RO          557    i.SystemClock_Config  main.o
    0x080042a8   0x080042a8   0x000000dc   Code   RO         6164    i.SystemInit        system_stm32h7xx.o
    0x08004384   0x08004384   0x0000000c   Code   RO          832    i.TIM15_IRQHandler  stm32h7xx_it.o
    0x08004390   0x08004390   0x000000c4   Code   RO         4719    i.TIM_Base_SetConfig  stm32h7xx_hal_tim.o
    0x08004454   0x08004454   0x00000012   Code   RO         4730    i.TIM_ETR_SetConfig  stm32h7xx_hal_tim.o
    0x08004466   0x08004466   0x00000002   PAD
    0x08004468   0x08004468   0x00000014   Code   RO         4731    i.TIM_ITRx_SetConfig  stm32h7xx_hal_tim.o
    0x0800447c   0x0800447c   0x00000022   Code   RO         4739    i.TIM_TI1_ConfigInputStage  stm32h7xx_hal_tim.o
    0x0800449e   0x0800449e   0x00000024   Code   RO         4741    i.TIM_TI2_ConfigInputStage  stm32h7xx_hal_tim.o
    0x080044c2   0x080044c2   0x00000002   PAD
    0x080044c4   0x080044c4   0x00000044   Code   RO         6064    i.UARTEx_SetNbDataToProcess  stm32h7xx_hal_uart_ex.o
    0x08004508   0x08004508   0x000000c8   Code   RO         5674    i.UART_AdvFeatureConfig  stm32h7xx_hal_uart.o
    0x080045d0   0x080045d0   0x00000060   Code   RO         5675    i.UART_CheckIdleState  stm32h7xx_hal_uart.o
    0x08004630   0x08004630   0x000003ac   Code   RO         5692    i.UART_SetConfig    stm32h7xx_hal_uart.o
    0x080049dc   0x080049dc   0x000000ca   Code   RO         5699    i.UART_WaitOnFlagUntilTimeout  stm32h7xx_hal_uart.o
    0x08004aa6   0x08004aa6   0x00000062   Code   RO         6483    i.USBD_CDC_DataIn   usbd_cdc.o
    0x08004b08   0x08004b08   0x0000002a   Code   RO         6484    i.USBD_CDC_DataOut  usbd_cdc.o
    0x08004b32   0x08004b32   0x00000048   Code   RO         6485    i.USBD_CDC_DeInit   usbd_cdc.o
    0x08004b7a   0x08004b7a   0x0000002e   Code   RO         6486    i.USBD_CDC_EP0_RxReady  usbd_cdc.o
    0x08004ba8   0x08004ba8   0x0000000c   Code   RO         6487    i.USBD_CDC_GetDeviceQualifierDescriptor  usbd_cdc.o
    0x08004bb4   0x08004bb4   0x0000000c   Code   RO         6488    i.USBD_CDC_GetFSCfgDesc  usbd_cdc.o
    0x08004bc0   0x08004bc0   0x0000000c   Code   RO         6489    i.USBD_CDC_GetHSCfgDesc  usbd_cdc.o
    0x08004bcc   0x08004bcc   0x0000000c   Code   RO         6490    i.USBD_CDC_GetOtherSpeedCfgDesc  usbd_cdc.o
    0x08004bd8   0x08004bd8   0x000000a2   Code   RO         6491    i.USBD_CDC_Init     usbd_cdc.o
    0x08004c7a   0x08004c7a   0x00000028   Code   RO         6492    i.USBD_CDC_ReceivePacket  usbd_cdc.o
    0x08004ca2   0x08004ca2   0x0000000e   Code   RO         6493    i.USBD_CDC_RegisterInterface  usbd_cdc.o
    0x08004cb0   0x08004cb0   0x00000012   Code   RO         6494    i.USBD_CDC_SetRxBuffer  usbd_cdc.o
    0x08004cc2   0x08004cc2   0x00000016   Code   RO         6495    i.USBD_CDC_SetTxBuffer  usbd_cdc.o
    0x08004cd8   0x08004cd8   0x000000c0   Code   RO         6496    i.USBD_CDC_Setup    usbd_cdc.o
    0x08004d98   0x08004d98   0x00000010   Code   RO         6200    i.USBD_ClrClassConfig  usbd_core.o
    0x08004da8   0x08004da8   0x00000010   Code   RO         6419    i.USBD_CtlContinueRx  usbd_ioreq.o
    0x08004db8   0x08004db8   0x00000010   Code   RO         6420    i.USBD_CtlContinueSendData  usbd_ioreq.o
    0x08004dc8   0x08004dc8   0x00000016   Code   RO         6343    i.USBD_CtlError     usbd_ctlreq.o
    0x08004dde   0x08004dde   0x0000001e   Code   RO         6421    i.USBD_CtlPrepareRx  usbd_ioreq.o
    0x08004dfc   0x08004dfc   0x00000016   Code   RO         6422    i.USBD_CtlReceiveStatus  usbd_ioreq.o
    0x08004e12   0x08004e12   0x0000001a   Code   RO         6423    i.USBD_CtlSendData  usbd_ioreq.o
    0x08004e2c   0x08004e2c   0x00000016   Code   RO         6424    i.USBD_CtlSendStatus  usbd_ioreq.o
    0x08004e42   0x08004e42   0x00000002   PAD
    0x08004e44   0x08004e44   0x00000020   Code   RO          976    i.USBD_FS_ConfigStrDescriptor  usbd_desc.o
    0x08004e64   0x08004e64   0x0000000c   Code   RO          977    i.USBD_FS_DeviceDescriptor  usbd_desc.o
    0x08004e70   0x08004e70   0x00000024   Code   RO          978    i.USBD_FS_InterfaceStrDescriptor  usbd_desc.o
    0x08004e94   0x08004e94   0x0000000c   Code   RO          979    i.USBD_FS_LangIDStrDescriptor  usbd_desc.o
    0x08004ea0   0x08004ea0   0x00000028   Code   RO          980    i.USBD_FS_ManufacturerStrDescriptor  usbd_desc.o
    0x08004ec8   0x08004ec8   0x0000002c   Code   RO          981    i.USBD_FS_ProductStrDescriptor  usbd_desc.o
    0x08004ef4   0x08004ef4   0x0000003c   Code   RO          982    i.USBD_FS_SerialStrDescriptor  usbd_desc.o
    0x08004f30   0x08004f30   0x000000e6   Code   RO         6344    i.USBD_GetDescriptor  usbd_ctlreq.o
    0x08005016   0x08005016   0x0000004a   Code   RO         6345    i.USBD_GetString    usbd_ctlreq.o
    0x08005060   0x08005060   0x00000018   Code   RO         1126    i.USBD_Get_USB_Status  usbd_conf.o
    0x08005078   0x08005078   0x00000026   Code   RO         6202    i.USBD_Init         usbd_core.o
    0x0800509e   0x0800509e   0x00000012   Code   RO         1127    i.USBD_LL_ClearStallEP  usbd_conf.o
    0x080050b0   0x080050b0   0x00000012   Code   RO         1128    i.USBD_LL_CloseEP   usbd_conf.o
    0x080050c2   0x080050c2   0x000000a8   Code   RO         6203    i.USBD_LL_DataInStage  usbd_core.o
    0x0800516a   0x0800516a   0x0000006c   Code   RO         6204    i.USBD_LL_DataOutStage  usbd_core.o
    0x080051d6   0x080051d6   0x00000004   Code   RO         6205    i.USBD_LL_DevConnected  usbd_core.o
    0x080051da   0x080051da   0x0000001a   Code   RO         6206    i.USBD_LL_DevDisconnected  usbd_core.o
    0x080051f4   0x080051f4   0x00000008   Code   RO         1132    i.USBD_LL_GetRxDataSize  usbd_conf.o
    0x080051fc   0x080051fc   0x00000048   Code   RO         1133    i.USBD_LL_Init      usbd_conf.o
    0x08005244   0x08005244   0x00000020   Code   RO         1134    i.USBD_LL_IsStallEP  usbd_conf.o
    0x08005264   0x08005264   0x00000020   Code   RO         6207    i.USBD_LL_IsoINIncomplete  usbd_core.o
    0x08005284   0x08005284   0x00000020   Code   RO         6208    i.USBD_LL_IsoOUTIncomplete  usbd_core.o
    0x080052a4   0x080052a4   0x00000018   Code   RO         1135    i.USBD_LL_OpenEP    usbd_conf.o
    0x080052bc   0x080052bc   0x00000012   Code   RO         1136    i.USBD_LL_PrepareReceive  usbd_conf.o
    0x080052ce   0x080052ce   0x0000005a   Code   RO         6209    i.USBD_LL_Reset     usbd_core.o
    0x08005328   0x08005328   0x00000014   Code   RO         6210    i.USBD_LL_Resume    usbd_core.o
    0x0800533c   0x0800533c   0x00000020   Code   RO         6211    i.USBD_LL_SOF       usbd_core.o
    0x0800535c   0x0800535c   0x00000006   Code   RO         6212    i.USBD_LL_SetSpeed  usbd_core.o
    0x08005362   0x08005362   0x00000012   Code   RO         1137    i.USBD_LL_SetUSBAddress  usbd_conf.o
    0x08005374   0x08005374   0x00000060   Code   RO         6213    i.USBD_LL_SetupStage  usbd_core.o
    0x080053d4   0x080053d4   0x00000012   Code   RO         1138    i.USBD_LL_StallEP   usbd_conf.o
    0x080053e6   0x080053e6   0x00000012   Code   RO         1139    i.USBD_LL_Start     usbd_conf.o
    0x080053f8   0x080053f8   0x00000012   Code   RO         6214    i.USBD_LL_Suspend   usbd_core.o
    0x0800540a   0x0800540a   0x00000012   Code   RO         1141    i.USBD_LL_Transmit  usbd_conf.o
    0x0800541c   0x0800541c   0x0000002a   Code   RO         6346    i.USBD_ParseSetupRequest  usbd_ctlreq.o
    0x08005446   0x08005446   0x00000024   Code   RO         6215    i.USBD_RegisterClass  usbd_core.o
    0x0800546a   0x0800546a   0x00000014   Code   RO         6217    i.USBD_SetClassConfig  usbd_core.o
    0x0800547e   0x0800547e   0x00000002   PAD
    0x08005480   0x08005480   0x000000bc   Code   RO         6347    i.USBD_SetConfig    usbd_ctlreq.o
    0x0800553c   0x0800553c   0x00000004   Code   RO         6218    i.USBD_Start        usbd_core.o
    0x08005540   0x08005540   0x00000116   Code   RO         6348    i.USBD_StdDevReq    usbd_ctlreq.o
    0x08005656   0x08005656   0x00000140   Code   RO         6349    i.USBD_StdEPReq     usbd_ctlreq.o
    0x08005796   0x08005796   0x00000054   Code   RO         6350    i.USBD_StdItfReq    usbd_ctlreq.o
    0x080057ea   0x080057ea   0x00000002   Code   RO         1142    i.USBD_static_free  usbd_conf.o
    0x080057ec   0x080057ec   0x00000008   Code   RO         1143    i.USBD_static_malloc  usbd_conf.o
    0x080057f4   0x080057f4   0x00000080   Code   RO         1629    i.USB_ActivateEndpoint  stm32h7xx_ll_usb.o
    0x08005874   0x08005874   0x0000001c   Code   RO         1631    i.USB_ActivateSetup  stm32h7xx_ll_usb.o
    0x08005890   0x08005890   0x00000088   Code   RO         1633    i.USB_CoreInit      stm32h7xx_ll_usb.o
    0x08005918   0x08005918   0x00000040   Code   RO         1634    i.USB_CoreReset     stm32h7xx_ll_usb.o
    0x08005958   0x08005958   0x000000cc   Code   RO         1637    i.USB_DeactivateEndpoint  stm32h7xx_ll_usb.o
    0x08005a24   0x08005a24   0x0000001c   Code   RO         1638    i.USB_DevConnect    stm32h7xx_ll_usb.o
    0x08005a40   0x08005a40   0x0000001c   Code   RO         1639    i.USB_DevDisconnect  stm32h7xx_ll_usb.o
    0x08005a5c   0x08005a5c   0x00000178   Code   RO         1640    i.USB_DevInit       stm32h7xx_ll_usb.o
    0x08005bd4   0x08005bd4   0x0000000c   Code   RO         1641    i.USB_DisableGlobalInt  stm32h7xx_ll_usb.o
    0x08005be0   0x08005be0   0x0000011c   Code   RO         1644    i.USB_EP0StartXfer  stm32h7xx_ll_usb.o
    0x08005cfc   0x08005cfc   0x00000058   Code   RO         1645    i.USB_EP0_OutStart  stm32h7xx_ll_usb.o
    0x08005d54   0x08005d54   0x00000058   Code   RO         1646    i.USB_EPClearStall  stm32h7xx_ll_usb.o
    0x08005dac   0x08005dac   0x00000058   Code   RO         1647    i.USB_EPSetStall    stm32h7xx_ll_usb.o
    0x08005e04   0x08005e04   0x000001e8   Code   RO         1648    i.USB_EPStartXfer   stm32h7xx_ll_usb.o
    0x08005fec   0x08005fec   0x0000000c   Code   RO         1650    i.USB_EnableGlobalInt  stm32h7xx_ll_usb.o
    0x08005ff8   0x08005ff8   0x0000003c   Code   RO         1651    i.USB_FlushRxFifo   stm32h7xx_ll_usb.o
    0x08006034   0x08006034   0x00000040   Code   RO         1652    i.USB_FlushTxFifo   stm32h7xx_ll_usb.o
    0x08006074   0x08006074   0x0000001a   Code   RO         1654    i.USB_GetDevSpeed   stm32h7xx_ll_usb.o
    0x0800608e   0x0800608e   0x00000008   Code   RO         1656    i.USB_GetMode       stm32h7xx_ll_usb.o
    0x08006096   0x08006096   0x0000000e   Code   RO         1663    i.USB_ReadDevAllInEpInterrupt  stm32h7xx_ll_usb.o
    0x080060a4   0x080060a4   0x0000000e   Code   RO         1664    i.USB_ReadDevAllOutEpInterrupt  stm32h7xx_ll_usb.o
    0x080060b2   0x080060b2   0x00000024   Code   RO         1665    i.USB_ReadDevInEPInterrupt  stm32h7xx_ll_usb.o
    0x080060d6   0x080060d6   0x00000010   Code   RO         1666    i.USB_ReadDevOutEPInterrupt  stm32h7xx_ll_usb.o
    0x080060e6   0x080060e6   0x00000008   Code   RO         1667    i.USB_ReadInterrupts  stm32h7xx_ll_usb.o
    0x080060ee   0x080060ee   0x00000040   Code   RO         1668    i.USB_ReadPacket    stm32h7xx_ll_usb.o
    0x0800612e   0x0800612e   0x0000005e   Code   RO         1670    i.USB_SetCurrentMode  stm32h7xx_ll_usb.o
    0x0800618c   0x0800618c   0x00000022   Code   RO         1671    i.USB_SetDevAddress  stm32h7xx_ll_usb.o
    0x080061ae   0x080061ae   0x00000002   PAD
    0x080061b0   0x080061b0   0x000000e8   Code   RO         1673    i.USB_SetTurnaroundTime  stm32h7xx_ll_usb.o
    0x08006298   0x08006298   0x00000028   Code   RO         1676    i.USB_WritePacket   stm32h7xx_ll_usb.o
    0x080062c0   0x080062c0   0x00000002   Code   RO          833    i.UsageFault_Handler  stm32h7xx_it.o
    0x080062c2   0x080062c2   0x00000022   Code   RO         3279    i.__NVIC_SetPriority  stm32h7xx_hal_cortex.o
    0x080062e4   0x080062e4   0x00000032   Code   RO            6    i.ad7768_gain_set   uapp_ad7768.o
    0x08006316   0x08006316   0x00000002   PAD
    0x08006318   0x08006318   0x0000006c   Code   RO           17    i.ad7768_read_cmd   uapp_ad7768.o
    0x08006384   0x08006384   0x00000048   Code   RO           36    i.add7768_write_cmd  uapp_ad7768.o
    0x080063cc   0x080063cc   0x00000038   Code   RO          558    i.main              main.o
    0x08006404   0x08006404   0x000000bc   Code   RO           37    i.my_ad7768_init    uapp_ad7768.o
    0x080064c0   0x080064c0   0x0000000a   Code   RO         6872    x$fpl$fpinit        fz_wv.l(fpinit.o)
    0x080064ca   0x080064ca   0x00000018   Data   RO         5700    .constdata          stm32h7xx_hal_uart.o
    0x080064e2   0x080064e2   0x00000010   Data   RO         6065    .constdata          stm32h7xx_hal_uart_ex.o
    0x080064f2   0x080064f2   0x00000010   Data   RO         6165    .constdata          system_stm32h7xx.o
    0x08006502   0x08006502   0x00000002   PAD
    0x08006504   0x08006504   0x00000020   Data   RO         6958    Region$$Table       anon$$obj.o


    Execution Region RW_IRAM1 (Exec base: 0x20000000, Load base: 0x08006524, Size: 0x00000000, Max: 0x00020000, ABSOLUTE)

    **** No section assigned to this execution region ****


    Execution Region RW_IRAM2 (Exec base: 0x24000000, Load base: 0x08006524, Size: 0x000029d8, Max: 0x00080000, ABSOLUTE, COMPRESSED[0x000000cc])

    Exec Addr    Load Addr    Size         Type   Attr      Idx    E Section Name        Object

    0x24000000   COMPRESSED   0x00000024   Data   RW           44    .data               uapp_ad7768.o
    0x24000024   COMPRESSED   0x00000002   Data   RW          518    .data               uapp_other.o
    0x24000026   COMPRESSED   0x00000002   PAD
    0x24000028   COMPRESSED   0x0000001c   Data   RW          984    .data               usbd_desc.o
    0x24000044   COMPRESSED   0x00000032   Data   RW          985    .data               usbd_desc.o
    0x24000076   COMPRESSED   0x00000002   PAD
    0x24000078   COMPRESSED   0x00000014   Data   RW         1059    .data               usbd_cdc_if.o
    0x2400008c   COMPRESSED   0x0000000c   Data   RW         3449    .data               stm32h7xx_hal.o
    0x24000098   COMPRESSED   0x00000008   Data   RW         6166    .data               system_stm32h7xx.o
    0x240000a0   COMPRESSED   0x00000001   Data   RW         6351    .data               usbd_ctlreq.o
    0x240000a1   COMPRESSED   0x00000003   PAD
    0x240000a4   COMPRESSED   0x000000d7   Data   RW         6498    .data               usbd_cdc.o
    0x2400017b   COMPRESSED   0x00000001   PAD
    0x2400017c   COMPRESSED   0x00000038   Data   RW         6499    .data               usbd_cdc.o
    0x240001b4        -       0x000000d6   Zero   RW           39    .bss                uapp_ad7768.o
    0x2400028a   COMPRESSED   0x00000002   PAD
    0x2400028c        -       0x00000110   Zero   RW          664    .bss                spi.o
    0x2400039c        -       0x0000004c   Zero   RW          711    .bss                tim.o
    0x240003e8        -       0x00000090   Zero   RW          753    .bss                usart.o
    0x24000478        -       0x00000408   Zero   RW          793    .bss                usb_otg_hs.o
    0x24000880        -       0x000002d0   Zero   RW          941    .bss                usb_device.o
    0x24000b50        -       0x00000200   Zero   RW          983    .bss                usbd_desc.o
    0x24000d50        -       0x00001000   Zero   RW         1058    .bss                usbd_cdc_if.o
    0x24001d50        -       0x00000628   Zero   RW         1144    .bss                usbd_conf.o
    0x24002378        -       0x00000060   Zero   RW         6814    .bss                c_w.l(libspace.o)
    0x240023d8        -       0x00000200   Zero   RW          545    HEAP                startup_stm32h750xx.o
    0x240025d8        -       0x00000400   Zero   RW          544    STACK               startup_stm32h750xx.o


==============================================================================

Image component sizes


      Code (inc. data)   RO Data    RW Data    ZI Data      Debug   Object Name

       388         28          0          0          0       1231   gpio.o
       332         22          0          0          0       3439   main.o
       480         42          0          0        272       2630   spi.o
        64         26        664          0       1536        800   startup_stm32h750xx.o
       232         44          0         12          0      23320   stm32h7xx_hal.o
       198         12          0          0          0      39535   stm32h7xx_hal_cortex.o
       590         50          0          0          0       2903   stm32h7xx_hal_gpio.o
        28          6          0          0          0        906   stm32h7xx_hal_msp.o
      2384         16          0          0          0      12901   stm32h7xx_hal_pcd.o
        42          6          0          0          0       1775   stm32h7xx_hal_pcd_ex.o
       100         10          0          0          0       1334   stm32h7xx_hal_pwr_ex.o
      2384        108          0          0          0       7060   stm32h7xx_hal_rcc.o
      3518        112          0          0          0       7809   stm32h7xx_hal_rcc_ex.o
      1994         14          0          0          0       7395   stm32h7xx_hal_spi.o
      1188         84          0          0          0      10169   stm32h7xx_hal_tim.o
       170         30          0          0          0       3140   stm32h7xx_hal_tim_ex.o
      1734        106         24          0          0      25946   stm32h7xx_hal_uart.o
       284          6         16          0          0       3753   stm32h7xx_hal_uart_ex.o
        50         12          0          0          0       5410   stm32h7xx_it.o
      2762        136          0          0          0      22906   stm32h7xx_ll_usb.o
       220         40         16          8          0       1462   system_stm32h7xx.o
       168         20          0          0         76       1780   tim.o
       662         64          0         36        214    1332171   uapp_ad7768.o
        52          8          0          2          0        683   uapp_other.o
       232         22          0          0        144       1870   usart.o
        84         18          0          0        720        776   usb_device.o
        64          8          0          0       1032        767   usb_otg_hs.o
       754         16          0        271          0      12871   usbd_cdc.o
        72         16          0         20       4096       3274   usbd_cdc_if.o
       688         38          0          0       1576      16708   usbd_conf.o
       746          0          0          0          0      12509   usbd_core.o
      1248         28          0          1          0      14424   usbd_ctlreq.o
       292        106          0         78        512       6193   usbd_desc.o
       132          0          0          0          0       4576   usbd_ioreq.o

    ----------------------------------------------------------------------
     24364       1254        754        436      10180    1594426   Object Totals
         0          0         32          0          0          0   (incl. Generated)
        28          0          2          8          2          0   (incl. Padding)

    ----------------------------------------------------------------------

      Code (inc. data)   RO Data    RW Data    ZI Data      Debug   Library Member Name

        90          0          0          0          0          0   __dczerorl2.o
         8          0          0          0          0         68   __main.o
         0          0          0          0          0          0   __rtentry.o
        12          0          0          0          0          0   __rtentry2.o
         6          0          0          0          0          0   __rtentry4.o
        52          8          0          0          0          0   __scatter.o
        28          0          0          0          0          0   __scatter_zi.o
        18          0          0          0          0         80   exit.o
         6          0          0          0          0        152   heapauxi.o
         0          0          0          0          0          0   indicate_semi.o
         2          0          0          0          0          0   libinit.o
         6          0          0          0          0          0   libinit2.o
         2          0          0          0          0          0   libshutdown.o
         2          0          0          0          0          0   libshutdown2.o
         8          4          0          0         96         68   libspace.o
       238          0          0          0          0        100   lludivv7m.o
        78          0          0          0          0         80   rt_memclr_w.o
       100          0          0          0          0         80   rt_memcpy_w.o
         2          0          0          0          0          0   rtexit.o
        10          0          0          0          0          0   rtexit2.o
        12          4          0          0          0         68   sys_exit.o
        74          0          0          0          0         80   sys_stackheap_outer.o
         2          0          0          0          0         68   use_no_semi.o
        10          0          0          0          0        116   fpinit.o

    ----------------------------------------------------------------------
       774         16          0          0         96        960   Library Totals
         8          0          0          0          0          0   (incl. Padding)

    ----------------------------------------------------------------------

      Code (inc. data)   RO Data    RW Data    ZI Data      Debug   Library Name

       756         16          0          0         96        844   c_w.l
        10          0          0          0          0        116   fz_wv.l

    ----------------------------------------------------------------------
       774         16          0          0         96        960   Library Totals

    ----------------------------------------------------------------------

==============================================================================


      Code (inc. data)   RO Data    RW Data    ZI Data      Debug   

     25138       1270        754        436      10276    1573574   Grand Totals
     25138       1270        754        204      10276    1573574   ELF Image Totals (compressed)
     25138       1270        754        204          0          0   ROM Totals

==============================================================================

    Total RO  Size (Code + RO Data)                25892 (  25.29kB)
    Total RW  Size (RW Data + ZI Data)             10712 (  10.46kB)
    Total ROM Size (Code + RO Data + RW Data)      26096 (  25.48kB)

==============================================================================

